Archive member included because of file (symbol)

/home/jose/NXP/S32DS_ARM_v2018.R1/S32DS/arm_ewl2/lib/armv7e-m/libc99.a(alloc.o)
                              ./src/main.o (realloc)
/home/jose/NXP/S32DS_ARM_v2018.R1/S32DS/arm_ewl2/lib/armv7e-m/libc99.a(exit.o)
                              /home/jose/NXP/S32DS_ARM_v2018.R1/S32DS/arm_ewl2/lib/armv7e-m/__arm_start.o (exit)
/home/jose/NXP/S32DS_ARM_v2018.R1/S32DS/arm_ewl2/lib/armv7e-m/libc99.a(memcpy.o)
                              ./src/main.o (memcpy)
/home/jose/NXP/S32DS_ARM_v2018.R1/S32DS/arm_ewl2/lib/armv7e-m/libc99.a(memset.o)
                              /home/jose/NXP/S32DS_ARM_v2018.R1/S32DS/arm_ewl2/lib/armv7e-m/__arm_start.o (memset)
/home/jose/NXP/S32DS_ARM_v2018.R1/S32DS/arm_ewl2/lib/armv7e-m/libc99.a(strlen.o)
                              ./src/main.o (strlen)
/home/jose/NXP/S32DS_ARM_v2018.R1/S32DS/arm_ewl2/lib/armv7e-m/libc99.a(__filll_mem.o)
                              /home/jose/NXP/S32DS_ARM_v2018.R1/S32DS/arm_ewl2/lib/armv7e-m/libc99.a(memset.o) (__fill_mem)
/home/jose/NXP/S32DS_ARM_v2018.R1/Cross_Tools/gcc-arm-none-eabi-4_9/bin/../lib/gcc/arm-none-eabi/4.9.3/armv7e-m/libgcc.a(_arm_addsubdf3.o)
                              ./src/ross_files/ros_lib/duration.o (__aeabi_i2d)
/home/jose/NXP/S32DS_ARM_v2018.R1/Cross_Tools/gcc-arm-none-eabi-4_9/bin/../lib/gcc/arm-none-eabi/4.9.3/armv7e-m/libgcc.a(_arm_muldivdf3.o)
                              ./src/ross_files/ros_lib/duration.o (__aeabi_dmul)
/home/jose/NXP/S32DS_ARM_v2018.R1/Cross_Tools/gcc-arm-none-eabi-4_9/bin/../lib/gcc/arm-none-eabi/4.9.3/armv7e-m/libgcc.a(_arm_fixdfsi.o)
                              ./src/ross_files/ros_lib/duration.o (__aeabi_d2iz)
/home/jose/NXP/S32DS_ARM_v2018.R1/Cross_Tools/gcc-arm-none-eabi-4_9/bin/../lib/gcc/arm-none-eabi/4.9.3/armv7e-m/libgcc.a(unwind-arm.o)
                              ./src/main.o (__aeabi_unwind_cpp_pr1)
/home/jose/NXP/S32DS_ARM_v2018.R1/Cross_Tools/gcc-arm-none-eabi-4_9/bin/../lib/gcc/arm-none-eabi/4.9.3/armv7e-m/libgcc.a(libunwind.o)
                              /home/jose/NXP/S32DS_ARM_v2018.R1/Cross_Tools/gcc-arm-none-eabi-4_9/bin/../lib/gcc/arm-none-eabi/4.9.3/armv7e-m/libgcc.a(unwind-arm.o) (restore_core_regs)
/home/jose/NXP/S32DS_ARM_v2018.R1/Cross_Tools/gcc-arm-none-eabi-4_9/bin/../lib/gcc/arm-none-eabi/4.9.3/armv7e-m/libgcc.a(pr-support.o)
                              /home/jose/NXP/S32DS_ARM_v2018.R1/Cross_Tools/gcc-arm-none-eabi-4_9/bin/../lib/gcc/arm-none-eabi/4.9.3/armv7e-m/libgcc.a(unwind-arm.o) (__gnu_unwind_execute)
/home/jose/NXP/S32DS_ARM_v2018.R1/S32DS/arm_ewl2/lib/armv7e-m/librt.a(gcc_ctor_dtor.o)
                              /home/jose/NXP/S32DS_ARM_v2018.R1/S32DS/arm_ewl2/lib/armv7e-m/__arm_start.o (__init_cpp)
/home/jose/NXP/S32DS_ARM_v2018.R1/S32DS/arm_ewl2/lib/armv7e-m/librt.a(__arm_eabi_init.o)
                              /home/jose/NXP/S32DS_ARM_v2018.R1/S32DS/arm_ewl2/lib/armv7e-m/libc99.a(exit.o) (__destroy_global_chain)
/home/jose/NXP/S32DS_ARM_v2018.R1/S32DS/arm_ewl2/lib/armv7e-m/librt.a(ROMCopy.o)
                              /home/jose/NXP/S32DS_ARM_v2018.R1/S32DS/arm_ewl2/lib/armv7e-m/__arm_start.o (__copy_rom_sections_to_ram)
/home/jose/NXP/S32DS_ARM_v2018.R1/S32DS/arm_ewl2/lib/armv7e-m/librt.a(cxxabi_terminate_override.o)
                              (__cxxabiv1::__terminate_handler)
/home/jose/NXP/S32DS_ARM_v2018.R1/S32DS/arm_ewl2/lib/armv7e-m/libsupc++.a(class_type_info.o)
                              ./src/main.o (vtable for __cxxabiv1::__class_type_info)
/home/jose/NXP/S32DS_ARM_v2018.R1/S32DS/arm_ewl2/lib/armv7e-m/libsupc++.a(del_op.o)
                              /home/jose/NXP/S32DS_ARM_v2018.R1/S32DS/arm_ewl2/lib/armv7e-m/libsupc++.a(class_type_info.o) (operator delete(void*))
/home/jose/NXP/S32DS_ARM_v2018.R1/S32DS/arm_ewl2/lib/armv7e-m/libsupc++.a(si_class_type_info.o)
                              ./src/main.o (vtable for __cxxabiv1::__si_class_type_info)
/home/jose/NXP/S32DS_ARM_v2018.R1/S32DS/arm_ewl2/lib/armv7e-m/libsupc++.a(tinfo.o)
                              /home/jose/NXP/S32DS_ARM_v2018.R1/S32DS/arm_ewl2/lib/armv7e-m/libsupc++.a(class_type_info.o) (std::type_info::~type_info())
/home/jose/NXP/S32DS_ARM_v2018.R1/S32DS/arm_ewl2/lib/armv7e-m/libc99.a(abort.o)
                              /home/jose/NXP/S32DS_ARM_v2018.R1/Cross_Tools/gcc-arm-none-eabi-4_9/bin/../lib/gcc/arm-none-eabi/4.9.3/armv7e-m/libgcc.a(unwind-arm.o) (abort)
/home/jose/NXP/S32DS_ARM_v2018.R1/S32DS/arm_ewl2/lib/armv7e-m/libc99.a(strcmp.o)
                              /home/jose/NXP/S32DS_ARM_v2018.R1/S32DS/arm_ewl2/lib/armv7e-m/libsupc++.a(tinfo.o) (strcmp)
/home/jose/NXP/S32DS_ARM_v2018.R1/S32DS/arm_ewl2/lib/armv7e-m/libc99.a(raise.o)
                              /home/jose/NXP/S32DS_ARM_v2018.R1/S32DS/arm_ewl2/lib/armv7e-m/libc99.a(abort.o) (raise)
/home/jose/NXP/S32DS_ARM_v2018.R1/S32DS/arm_ewl2/lib/armv7e-m/libc99.a(signal.o)
[...]
Memory Configuration

Name             Origin             Length             Attributes
m_interrupts     0x00000000         0x00000400         xr
m_flash_config   0x00000400         0x00000010         xr
m_text           0x00000410         0x0017fbf0         xr
m_data           0x1ffe0000         0x00020000         rw
m_data_2         0x20000000         0x0001f000         rw
*default*        0x00000000         0xffffffff

Linker script and memory map

LOAD /home/jose/NXP/S32DS_ARM_v2018.R1/S32DS/arm_ewl2/lib/armv7e-m/__arm_start.o
LOAD ./src/ross_files/s32k148_uart.o
LOAD ./src/ross_files/s32k148_time.o
LOAD ./src/ross_files/ros_lib/time.o
LOAD ./src/ross_files/ros_lib/duration.o
LOAD ./src/drivers/lpuart.o
LOAD ./src/drivers/lptmr.o
LOAD ./src/main.o
LOAD ./src/clocks_and_modes.o
LOAD ./Project_Settings/Startup_Code/system_S32K148.o
LOAD ./Project_Settings/Startup_Code/startup_S32K148.o
LOAD ./Project_Settings/Startup_Code/startup.o
LOAD /home/jose/NXP/S32DS_ARM_v2018.R1/S32DS/arm_ewl2/lib/armv7e-m/libstdc++.a
LOAD /home/jose/NXP/S32DS_ARM_v2018.R1/S32DS/arm_ewl2/lib/armv7e-m/libm.a
START GROUP
LOAD /home/jose/NXP/S32DS_ARM_v2018.R1/S32DS/arm_ewl2/lib/armv7e-m/libc99.a
LOAD /home/jose/NXP/S32DS_ARM_v2018.R1/S32DS/arm_ewl2/lib/armv7e-m/libstdc++.a
LOAD /home/jose/NXP/S32DS_ARM_v2018.R1/S32DS/arm_ewl2/lib/armv7e-m/libm.a
LOAD /home/jose/NXP/S32DS_ARM_v2018.R1/Cross_Tools/gcc-arm-none-eabi-4_9/bin/../lib/gcc/arm-none-eabi/4.9.3/armv7e-m/libgcc.a
LOAD /home/jose/NXP/S32DS_ARM_v2018.R1/S32DS/arm_ewl2/lib/armv7e-m/librt.a
LOAD /home/jose/NXP/S32DS_ARM_v2018.R1/S32DS/arm_ewl2/lib/armv7e-m/libsupc++.a
LOAD /home/jose/NXP/S32DS_ARM_v2018.R1/S32DS/arm_ewl2/lib/armv7e-m/libnoio.a
END GROUP
LOAD /home/jose/NXP/S32DS_ARM_v2018.R1/S32DS/arm_ewl2/lib/armv7e-m/__arm_end.o
                0x00000400                HEAP_SIZE = DEFINED (__heap_size__)?__heap_size__:0x400
                0x00000400                STACK_SIZE = DEFINED (__stack_size__)?__stack_size__:0x400
                0x00000400                M_VECTOR_RAM_SIZE = DEFINED (__flash_vector_table__)?0x0:0x400

.interrupts     0x00000000      0x400
                0x00000000                __VECTOR_TABLE = .
                0x00000000                . = ALIGN (0x4)
 *(.isr_vector)
 .isr_vector    0x00000000      0x400 ./Project_Settings/Startup_Code/startup_S32K148.o
                0x00000000                __isr_vector
                0x00000400                . = ALIGN (0x4)

.flash_config   0x00000400       0x10
                0x00000400                . = ALIGN (0x4)
 *(.FlashConfig)
 .FlashConfig   0x00000400       0x10 ./Project_Settings/Startup_Code/startup_S32K148.o
                0x00000410                . = ALIGN (0x4)

.text           0x00000410     0x3940
                0x00000410                . = ALIGN (0x4)
 *(.text)
 .text          0x00000410      0x130 ./src/ross_files/ros_lib/time.o
                0x00000410                ros::normalizeSecNSec(unsigned long&, unsigned long&)
                0x00000468                ros::Time::fromNSec(long)
                0x000004c0                ros::Time::operator+=(ros::Duration const&)
                0x00000500                ros::Time::operator-=(ros::Duration const&)
 .text          0x00000540      0x128 ./src/main.o
                0x00000540                __cxa_pure_virtual
                0x0000054c                init_led()
                0x00000584                led_on()
                0x000005a0                led_off()
                0x000005bc                main
 .text          0x00000668       0x44 ./Project_Settings/Startup_Code/startup_S32K148.o
                0x00000668                Reset_Handler
                0x000006a8                Reserved54_IRQHandler
                0x000006a8                FTM5_Ch2_Ch3_IRQHandler
                0x000006a8                DebugMon_Handler
                0x000006a8                CAN0_ORed_IRQHandler
                0x000006a8                HardFault_Handler
                0x000006a8                FTM7_Ch2_Ch3_IRQHandler
                0x000006a8                Reserved103_IRQHandler
                0x000006a8                FTM7_Ch6_Ch7_IRQHandler
                0x000006a8                SysTick_Handler
                0x000006a8                FTM2_Ovf_Reload_IRQHandler
                0x000006a8                Reserved50_IRQHandler
                0x000006a8                FTFC_Fault_IRQHandler
                0x000006a8                FTM0_Ch6_Ch7_IRQHandler
                0x000006a8                Reserved114_IRQHandler
                0x000006a8                PendSV_Handler
                0x000006a8                NMI_Handler
                0x000006a8                ERM_double_fault_IRQHandler
                0x000006a8                DMA2_IRQHandler
                0x000006a8                Reserved59_IRQHandler
                0x000006a8                LPIT0_Ch0_IRQHandler
                0x000006a8                Reserved99_IRQHandler
                0x000006a8                FTM7_Ch4_Ch5_IRQHandler
                0x000006a8                FTM3_Ch6_Ch7_IRQHandler
                0x000006a8                CAN2_ORed_0_15_MB_IRQHandler
                0x000006a8                LPIT0_Ch3_IRQHandler
                0x000006a8                LPI2C1_Master_IRQHandler
                0x000006a8                FTM0_Ch4_Ch5_IRQHandler
                0x000006a8                CAN1_Error_IRQHandler
                0x000006a8                FTM4_Ch6_Ch7_IRQHandler
                0x000006a8                FTM3_Ch0_Ch1_IRQHandler
                0x000006a8                SWI_IRQHandler
                0x000006a8                ADC0_IRQHandler
                0x000006a8                FTM2_Ch4_Ch5_IRQHandler
                0x000006a8                UsageFault_Handler
                0x000006a8                FTM0_Ovf_Reload_IRQHandler
                0x000006a8                FTM4_Fault_IRQHandler
                0x000006a8                DefaultISR
                0x000006a8                DMA9_IRQHandler
                0x000006a8                Reserved58_IRQHandler
                0x000006a8                FTM7_Fault_IRQHandler
                0x000006a8                LPI2C1_Slave_IRQHandler
                0x000006a8                CAN1_ORed_0_15_MB_IRQHandler
                0x000006a8                FTM1_Ch2_Ch3_IRQHandler
                0x000006a8                DMA14_IRQHandler
                0x000006a8                Reserved82_IRQHandler
                0x000006a8                CAN0_ORed_16_31_MB_IRQHandler
                0x000006a8                LPI2C0_Slave_IRQHandler
                0x000006a8                PORTD_IRQHandler
                0x000006a8                SAI1_Rx_IRQHandler
                0x000006a8                Reserved69_IRQHandler
                0x000006a8                PORTB_IRQHandler
                0x000006a8                Reserved70_IRQHandler
                0x000006a8                ADC1_IRQHandler
                0x000006a8                FTM2_Ch2_Ch3_IRQHandler
                0x000006a8                FTM5_Ch0_Ch1_IRQHandler
                0x000006a8                Reserved53_IRQHandler
                0x000006a8                DMA5_IRQHandler
                0x000006a8                RTC_IRQHandler
                0x000006a8                PDB0_IRQHandler
                0x000006a8                FTM6_Fault_IRQHandler
                0x000006a8                FTM2_Ch6_Ch7_IRQHandler
                0x000006a8                FTM6_Ch4_Ch5_IRQHandler
                0x000006a8                FTM3_Ch2_Ch3_IRQHandler
                0x000006a8                FTM6_Ch2_Ch3_IRQHandler
                0x000006a8                FTM2_Ch0_Ch1_IRQHandler
                0x000006a8                LPSPI1_IRQHandler
                0x000006a8                LPUART1_RxTx_IRQHandler
                0x000006a8                FTM4_Ovf_Reload_IRQHandler
                0x000006a8                RTC_Seconds_IRQHandler
                0x000006a8                FTM7_Ch0_Ch1_IRQHandler
                0x000006a8                CAN2_ORed_IRQHandler
                0x000006a8                Reserved110_IRQHandler
                0x000006a8                DMA11_IRQHandler
                0x000006a8                Reserved107_IRQHandler
                0x000006a8                ENET_TIMER_IRQHandler
                0x000006a8                Read_Collision_IRQHandler
                0x000006a8                CAN2_Error_IRQHandler
                0x000006a8                FTFC_IRQHandler
                0x000006a8                DMA7_IRQHandler
                0x000006a8                FTM1_Ch6_Ch7_IRQHandler
                0x000006a8                FTM5_Fault_IRQHandler
                0x000006a8                FTM6_Ovf_Reload_IRQHandler
                0x000006a8                LPIT0_Ch1_IRQHandler
                0x000006a8                FTM4_Ch0_Ch1_IRQHandler
                0x000006a8                FTM1_Ch4_Ch5_IRQHandler
                0x000006a8                FTM3_Ovf_Reload_IRQHandler
                0x000006a8                SAI0_Tx_IRQHandler
                0x000006a8                LPUART2_RxTx_IRQHandler
                0x000006a8                FTM5_Ch4_Ch5_IRQHandler
                0x000006a8                LPSPI0_IRQHandler
                0x000006a8                WDOG_EWM_IRQHandler
                0x000006a8                MemManage_Handler
                0x000006a8                Reserved83_IRQHandler
                0x000006a8                FTM0_Fault_IRQHandler
                0x000006a8                FTM6_Ch6_Ch7_IRQHandler
                0x000006a8                Reserved48_IRQHandler
                0x000006a8                SVC_Handler
                0x000006a8                ENET_TX_IRQHandler
                0x000006a8                ERM_single_fault_IRQHandler
                0x000006a8                FTM2_Fault_IRQHandler
                0x000006a8                FTM0_Ch2_Ch3_IRQHandler
                0x000006a8                DMA13_IRQHandler
                0x000006a8                FTM4_Ch2_Ch3_IRQHandler
                0x000006a8                FTM0_Ch0_Ch1_IRQHandler
                0x000006a8                FTM4_Ch4_Ch5_IRQHandler
                0x000006a8                FTM5_Ovf_Reload_IRQHandler
                0x000006a8                FTM3_Fault_IRQHandler
                0x000006a8                RCM_IRQHandler
                0x000006a8                DMA3_IRQHandler
                0x000006a8                Reserved100_IRQHandler
                0x000006a8                DMA0_IRQHandler
                0x000006a8                CAN1_ORed_IRQHandler
                0x000006a8                SAI0_Rx_IRQHandler
                0x000006a8                DMA15_IRQHandler
                0x000006a8                SCG_IRQHandler
                0x000006a8                PDB1_IRQHandler
                0x000006a8                CAN2_ORed_16_31_MB_IRQHandler
                0x000006a8                CAN0_Error_IRQHandler
                0x000006a8                LPI2C0_Master_IRQHandler
                0x000006a8                ENET_WAKE_IRQHandler
                0x000006a8                DMA4_IRQHandler
                0x000006a8                FTM1_Fault_IRQHandler
                0x000006a8                Reserved106_IRQHandler
                0x000006a8                ENET_ERR_IRQHandler
                0x000006a8                DMA_Error_IRQHandler
                0x000006a8                LVD_LVW_IRQHandler
                0x000006a8                ENET_STOP_IRQHandler
                0x000006a8                ENET_RX_IRQHandler
                0x000006a8                LPIT0_Ch2_IRQHandler
                0x000006a8                PORTA_IRQHandler
                0x000006a8                FTM5_Ch6_Ch7_IRQHandler
                0x000006a8                CAN1_ORed_16_31_MB_IRQHandler
                0x000006a8                MCM_IRQHandler
                0x000006a8                LPSPI2_IRQHandler
                0x000006a8                DMA12_IRQHandler
                0x000006a8                FTM7_Ovf_Reload_IRQHandler
                0x000006a8                FTM3_Ch4_Ch5_IRQHandler
                0x000006a8                CAN0_ORed_0_15_MB_IRQHandler
                0x000006a8                PORTE_IRQHandler
                0x000006a8                LPUART0_RxTx_IRQHandler
                0x000006a8                FTM6_Ch0_Ch1_IRQHandler
                0x000006a8                BusFault_Handler
                0x000006a8                FTM1_Ovf_Reload_IRQHandler
                0x000006a8                DMA8_IRQHandler
                0x000006a8                DMA10_IRQHandler
                0x000006a8                CAN0_Wake_Up_IRQHandler
                0x000006a8                QSPI_IRQHandler
                0x000006a8                CMP0_IRQHandler
                0x000006a8                Reserved52_IRQHandler
                0x000006a8                PORTC_IRQHandler
                0x000006a8                DMA6_IRQHandler
                0x000006a8                FTM1_Ch0_Ch1_IRQHandler
                0x000006a8                FLEXIO_IRQHandler
                0x000006a8                SAI1_Tx_IRQHandler
                0x000006a8                DMA1_IRQHandler
                0x000006a8                Reserved113_IRQHandler
 .text          0x000006ac      0xa50 /home/jose/NXP/S32DS_ARM_v2018.R1/Cross_Tools/gcc-arm-none-eabi-4_9/bin/../lib/gcc/arm-none-eabi/4.9.3/armv7e-m/libgcc.a(unwind-arm.o)
                0x00000988                _Unwind_GetCFA
                0x0000098c                __gnu_Unwind_RaiseException
                0x000009ec                __gnu_Unwind_ForcedUnwind
                0x00000a00                __gnu_Unwind_Resume
                0x00000a44                __gnu_Unwind_Resume_or_Rethrow
                0x00000a54                _Unwind_Complete
                0x00000a58                _Unwind_DeleteException
                0x00000a64                _Unwind_VRS_Get
                0x00000ab4                _Unwind_VRS_Set
                0x00000b04                __gnu_Unwind_Backtrace
                0x00000e48                __aeabi_unwind_cpp_pr0
                0x00000e4c                __aeabi_unwind_cpp_pr1
                0x00000e50                __aeabi_unwind_cpp_pr2
                0x00000e54                _Unwind_VRS_Pop
 .text          0x000010fc      0x1ac /home/jose/NXP/S32DS_ARM_v2018.R1/Cross_Tools/gcc-arm-none-eabi-4_9/bin/../lib/gcc/arm-none-eabi/4.9.3/armv7e-m/libgcc.a(libunwind.o)
                0x000010fc                __restore_core_regs
                0x000010fc                restore_core_regs
                0x00001114                __gnu_Unwind_Restore_VFP
                0x0000111c                __gnu_Unwind_Save_VFP
                0x00001124                __gnu_Unwind_Restore_VFP_D
                0x0000112c                __gnu_Unwind_Save_VFP_D
                0x00001134                __gnu_Unwind_Restore_VFP_D_16_to_31
                0x0000113c                __gnu_Unwind_Save_VFP_D_16_to_31
                0x00001144                __gnu_Unwind_Restore_WMMXD
                0x00001188                __gnu_Unwind_Save_WMMXD
                0x000011cc                __gnu_Unwind_Restore_WMMXC
                0x000011e0                __gnu_Unwind_Save_WMMXC
                0x000011f4                ___Unwind_RaiseException
                0x000011f4                _Unwind_RaiseException
                0x00001218                ___Unwind_Resume
                0x00001218                _Unwind_Resume
                0x0000123c                _Unwind_Resume_or_Rethrow
                0x0000123c                ___Unwind_Resume_or_Rethrow
                0x00001260                ___Unwind_ForcedUnwind
                0x00001260                _Unwind_ForcedUnwind
                0x00001284                _Unwind_Backtrace
                0x00001284                ___Unwind_Backtrace
 .text          0x000012a8      0x37c /home/jose/NXP/S32DS_ARM_v2018.R1/Cross_Tools/gcc-arm-none-eabi-4_9/bin/../lib/gcc/arm-none-eabi/4.9.3/armv7e-m/libgcc.a(pr-support.o)
                0x00001300                __gnu_unwind_execute
                0x000015cc                __gnu_unwind_frame
                0x000015f4                _Unwind_GetRegionStart
                0x00001600                _Unwind_GetLanguageSpecificData
                0x00001614                _Unwind_GetDataRelBase
                0x0000161c                _Unwind_GetTextRelBase
 *(.text*)
 .text.s32k148_uart_init
                0x00001624       0x3c ./src/ross_files/s32k148_uart.o
                0x00001624                s32k148_uart_init
 .text.s32k148_uart_send_byte
                0x00001660       0x20 ./src/ross_files/s32k148_uart.o
                0x00001660                s32k148_uart_send_byte
 .text.s32k148_uart_receive_byte
                0x00001680       0x10 ./src/ross_files/s32k148_uart.o
                0x00001680                s32k148_uart_receive_byte
 .text.overflow_counter
                0x00001690       0x1c ./src/ross_files/s32k148_time.o
                0x00001690                overflow_counter
 .text.NVIC_init_LPTMR0_IRQs
                0x000016ac       0x2c ./src/ross_files/s32k148_time.o
                0x000016ac                NVIC_init_LPTMR0_IRQs
 .text.s32k148_time_init
                0x000016d8       0x18 ./src/ross_files/s32k148_time.o
                0x000016d8                s32k148_time_init
 .text.s32k148_time_now
                0x000016f0       0x20 ./src/ross_files/s32k148_time.o
                0x000016f0                s32k148_time_now
 .text.LPUART_Init
                0x00001710       0x68 ./src/drivers/lpuart.o
                0x00001710                LPUART_Init
 .text.LPUART_Send
                0x00001778       0x2c ./src/drivers/lpuart.o
                0x00001778                LPUART_Send
 .text.LPUART_Receive
                0x000017a4       0x50 ./src/drivers/lpuart.o
                0x000017a4                LPUART_Receive
 .text.LPTMR_init
                0x000017f4       0x54 ./src/drivers/lptmr.o
                0x000017f4                LPTMR_init
 .text.LPTMR0_IRQHandler
                0x00001848       0x28 ./src/drivers/lptmr.o
                0x00001848                LPTMR0_IRQHandler
 .text._ZN3ros3MsgC2Ev
                0x00001870       0x20 ./src/main.o
                0x00001870                ros::Msg::Msg()
                0x00001870                ros::Msg::Msg()
 .text._ZN8std_msgs6StringC2Ev
                0x00001890       0x30 ./src/main.o
                0x00001890                std_msgs::String::String()
                0x00001890                std_msgs::String::String()
 .text._ZNK8std_msgs6String9serializeEPh
                0x000018c0       0x54 ./src/main.o
                0x000018c0                std_msgs::String::serialize(unsigned char*) const
 .text._ZN8std_msgs6String11deserializeEPh
                0x00001914       0x80 ./src/main.o
                0x00001914                std_msgs::String::deserialize(unsigned char*)
 .text._ZN8std_msgs6String7getTypeEv
                0x00001994       0x1c ./src/main.o
                0x00001994                std_msgs::String::getType()
 .text._ZN8std_msgs6String6getMD5Ev
                0x000019b0       0x1c ./src/main.o
                0x000019b0                std_msgs::String::getMD5()
 .text._ZN3ros4TimeC2Ev
                0x000019cc       0x24 ./src/main.o
                0x000019cc                ros::Time::Time()
                0x000019cc                ros::Time::Time()
 .text._ZN8std_msgs4TimeC2Ev
                0x000019f0       0x30 ./src/main.o
                0x000019f0                std_msgs::Time::Time()
                0x000019f0                std_msgs::Time::Time()
 .text._ZNK8std_msgs4Time9serializeEPh
                0x00001a20       0xb0 ./src/main.o
                0x00001a20                std_msgs::Time::serialize(unsigned char*) const
 .text._ZN8std_msgs4Time11deserializeEPh
                0x00001ad0       0xc8 ./src/main.o
                0x00001ad0                std_msgs::Time::deserialize(unsigned char*)
 .text._ZN8std_msgs4Time7getTypeEv
                0x00001b98       0x1c ./src/main.o
                0x00001b98                std_msgs::Time::getType()
 .text._ZN8std_msgs4Time6getMD5Ev
                0x00001bb4       0x1c ./src/main.o
                0x00001bb4                std_msgs::Time::getMD5()
 .text._ZN14rosserial_msgs9TopicInfoC2Ev
                0x00001bd0       0x48 ./src/main.o
                0x00001bd0                rosserial_msgs::TopicInfo::TopicInfo()
                0x00001bd0                rosserial_msgs::TopicInfo::TopicInfo()
 .text._ZNK14rosserial_msgs9TopicInfo9serializeEPh
                0x00001c18      0x13c ./src/main.o
                0x00001c18                rosserial_msgs::TopicInfo::serialize(unsigned char*) const
 .text._ZN14rosserial_msgs9TopicInfo11deserializeEPh
                0x00001d54      0x1d4 ./src/main.o
                0x00001d54                rosserial_msgs::TopicInfo::deserialize(unsigned char*)
 .text._ZN14rosserial_msgs9TopicInfo7getTypeEv
                0x00001f28       0x1c ./src/main.o
                0x00001f28                rosserial_msgs::TopicInfo::getType()
 .text._ZN14rosserial_msgs9TopicInfo6getMD5Ev
                0x00001f44       0x1c ./src/main.o
                0x00001f44                rosserial_msgs::TopicInfo::getMD5()
 .text._ZN14rosserial_msgs3LogC2Ev
                0x00001f60       0x34 ./src/main.o
                0x00001f60                rosserial_msgs::Log::Log()
                0x00001f60                rosserial_msgs::Log::Log()
 .text._ZNK14rosserial_msgs3Log9serializeEPh
                0x00001f94       0x68 ./src/main.o
                0x00001f94                rosserial_msgs::Log::serialize(unsigned char*) const
 .text._ZN14rosserial_msgs3Log11deserializeEPh
                0x00001ffc       0x90 ./src/main.o
                0x00001ffc                rosserial_msgs::Log::deserialize(unsigned char*)
 .text._ZN14rosserial_msgs3Log7getTypeEv
                0x0000208c       0x1c ./src/main.o
                0x0000208c                rosserial_msgs::Log::getType()
 .text._ZN14rosserial_msgs3Log6getMD5Ev
                0x000020a8       0x1c ./src/main.o
                0x000020a8                rosserial_msgs::Log::getMD5()
 .text._ZN14rosserial_msgs20RequestParamResponseC2Ev
                0x000020c4       0x48 ./src/main.o
                0x000020c4                rosserial_msgs::RequestParamResponse::RequestParamResponse()
                0x000020c4                rosserial_msgs::RequestParamResponse::RequestParamResponse()
 .text._ZNK14rosserial_msgs20RequestParamResponse9serializeEPh
                0x0000210c      0x224 ./src/main.o
                0x0000210c                rosserial_msgs::RequestParamResponse::serialize(unsigned char*) const
 .text._ZN14rosserial_msgs20RequestParamResponse11deserializeEPh
                0x00002330      0x2f4 ./src/main.o
                0x00002330                rosserial_msgs::RequestParamResponse::deserialize(unsigned char*)
 .text._ZN14rosserial_msgs20RequestParamResponse7getTypeEv
                0x00002624       0x1c ./src/main.o
                0x00002624                rosserial_msgs::RequestParamResponse::getType()
 .text._ZN14rosserial_msgs20RequestParamResponse6getMD5Ev
                0x00002640       0x1c ./src/main.o
                0x00002640                rosserial_msgs::RequestParamResponse::getMD5()
 .text._ZN3ros9PublisherC2EPKcPNS_3MsgEi
                0x0000265c       0x30 ./src/main.o
                0x0000265c                ros::Publisher::Publisher(char const*, ros::Msg*, int)
                0x0000265c                ros::Publisher::Publisher(char const*, ros::Msg*, int)
 .text._ZN3ros9Publisher7publishEPKNS_3MsgE
                0x0000268c       0x2c ./src/main.o
                0x0000268c                ros::Publisher::publish(ros::Msg const*)
 .text._ZN3ros9Publisher15getEndpointTypeEv
                0x000026b8       0x18 ./src/main.o
                0x000026b8                ros::Publisher::getEndpointType()
 .text._ZN15s32K148HardwareC2Ev
                0x000026d0       0x18 ./src/main.o
                0x000026d0                s32K148Hardware::s32K148Hardware()
                0x000026d0                s32K148Hardware::s32K148Hardware()
 .text._ZN15s32K148Hardware4initEv
                0x000026e8       0x18 ./src/main.o
                0x000026e8                s32K148Hardware::init()
 .text._ZN15s32K148Hardware4readEv
                0x00002700       0x1c ./src/main.o
                0x00002700                s32K148Hardware::read()
 .text._ZN15s32K148Hardware5writeEPhi
                0x0000271c       0x34 ./src/main.o
                0x0000271c                s32K148Hardware::write(unsigned char*, int)
 .text._ZN15s32K148Hardware4timeEv
                0x00002750       0x18 ./src/main.o
                0x00002750                s32K148Hardware::time()
 .text._ZN3ros3Msg8varToArrIPhmEEvT_T0_
                0x00002768       0x3c ./src/main.o
                0x00002768                void ros::Msg::varToArr<unsigned char*, unsigned long>(unsigned char*, unsigned long)
 .text._ZN3ros3Msg8arrToVarImPhEEvRT_T0_
                0x000027a4       0x48 ./src/main.o
                0x000027a4                void ros::Msg::arrToVar<unsigned long, unsigned char*>(unsigned long&, unsigned char*)
 .text._ZN3ros15NodeHandleBase_C2Ev
                0x000027ec       0x20 ./src/main.o
                0x000027ec                ros::NodeHandleBase_::NodeHandleBase_()
                0x000027ec                ros::NodeHandleBase_::NodeHandleBase_()
 .text._ZN3ros11NodeHandle_I15s32K148HardwareLi25ELi25ELi512ELi512EEC2Ev
                0x0000280c       0xf8 ./src/main.o
                0x0000280c                ros::NodeHandle_<s32K148Hardware, 25, 25, 512, 512>::NodeHandle_()
                0x0000280c                ros::NodeHandle_<s32K148Hardware, 25, 25, 512, 512>::NodeHandle_()
 .text._ZN3ros11NodeHandle_I15s32K148HardwareLi25ELi25ELi512ELi512EE8initNodeEv
                0x00002904       0x38 ./src/main.o
                0x00002904                ros::NodeHandle_<s32K148Hardware, 25, 25, 512, 512>::initNode()
 .text._ZN3ros11NodeHandle_I15s32K148HardwareLi25ELi25ELi512ELi512EE9advertiseERNS_9PublisherE
                0x0000293c       0x60 ./src/main.o
                0x0000293c                ros::NodeHandle_<s32K148Hardware, 25, 25, 512, 512>::advertise(ros::Publisher&)
 .text._ZN3ros11NodeHandle_I15s32K148HardwareLi25ELi25ELi512ELi512EE8spinOnceEv
                0x0000299c      0x398 ./src/main.o
                0x0000299c                ros::NodeHandle_<s32K148Hardware, 25, 25, 512, 512>::spinOnce()
 .text._ZN3ros11NodeHandle_I15s32K148HardwareLi25ELi25ELi512ELi512EE15requestSyncTimeEv
                0x00002d34       0x38 ./src/main.o
                0x00002d34                ros::NodeHandle_<s32K148Hardware, 25, 25, 512, 512>::requestSyncTime()
 .text._ZN3ros11NodeHandle_I15s32K148HardwareLi25ELi25ELi512ELi512EE15negotiateTopicsEv
                0x00002d6c      0x1c0 ./src/main.o
                0x00002d6c                ros::NodeHandle_<s32K148Hardware, 25, 25, 512, 512>::negotiateTopics()
 .text._ZN3ros11NodeHandle_I15s32K148HardwareLi25ELi25ELi512ELi512EE8syncTimeEPh
                0x00002f2c       0x94 ./src/main.o
                0x00002f2c                ros::NodeHandle_<s32K148Hardware, 25, 25, 512, 512>::syncTime(unsigned char*)
 .text._ZN3ros11NodeHandle_I15s32K148HardwareLi25ELi25ELi512ELi512EE7publishEiPKNS_3MsgE
                0x00002fc0      0x130 ./src/main.o
                0x00002fc0                ros::NodeHandle_<s32K148Hardware, 25, 25, 512, 512>::publish(int, ros::Msg const*)
 .text._ZN3ros11NodeHandle_I15s32K148HardwareLi25ELi25ELi512ELi512EE6setNowERNS_4TimeE
                0x000030f0       0x7c ./src/main.o
                0x000030f0                ros::NodeHandle_<s32K148Hardware, 25, 25, 512, 512>::setNow(ros::Time&)
 .text._ZN3ros11NodeHandle_I15s32K148HardwareLi25ELi25ELi512ELi512EE8logerrorEPKc
                0x0000316c       0x1c ./src/main.o
                0x0000316c                ros::NodeHandle_<s32K148Hardware, 25, 25, 512, 512>::logerror(char const*)
 .text._ZN3ros11NodeHandle_I15s32K148HardwareLi25ELi25ELi512ELi512EE3logEcPKc
                0x00003188       0x38 ./src/main.o
                0x00003188                ros::NodeHandle_<s32K148Hardware, 25, 25, 512, 512>::log(char, char const*)
 .text._ZN3ros11NodeHandle_I15s32K148HardwareLi25ELi25ELi512ELi512EE9connectedEv
                0x000031c0       0x1c ./src/main.o
                0x000031c0                ros::NodeHandle_<s32K148Hardware, 25, 25, 512, 512>::connected()
 .text.SOSC_init_8MHz
                0x000031dc       0x4c ./src/clocks_and_modes.o
                0x000031dc                SOSC_init_8MHz
 .text.SPLL_init_160MHz
                0x00003228       0x64 ./src/clocks_and_modes.o
                0x00003228                SPLL_init_160MHz
 .text.NormalRUNmode_80MHz
                0x0000328c       0x2c ./src/clocks_and_modes.o
                0x0000328c                NormalRUNmode_80MHz
 .text.SystemInit
                0x000032b8       0x44 ./Project_Settings/Startup_Code/system_S32K148.o
                0x000032b8                SystemInit
 .text.init_data_bss
                0x000032fc      0x110 ./Project_Settings/Startup_Code/startup.o
                0x000032fc                init_data_bss
 .text.sbrk     0x0000340c       0x28 /home/jose/NXP/S32DS_ARM_v2018.R1/S32DS/arm_ewl2/lib/armv7e-m/libc99.a(alloc.o)
                0x0000340c                sbrk
 .text.malloc   0x00003434      0x108 /home/jose/NXP/S32DS_ARM_v2018.R1/S32DS/arm_ewl2/lib/armv7e-m/libc99.a(alloc.o)
                0x00003434                malloc
 .text.realloc  0x0000353c       0x44 /home/jose/NXP/S32DS_ARM_v2018.R1/S32DS/arm_ewl2/lib/armv7e-m/libc99.a(alloc.o)
                0x0000353c                realloc
 .text.free     0x00003580       0x10 /home/jose/NXP/S32DS_ARM_v2018.R1/S32DS/arm_ewl2/lib/armv7e-m/libc99.a(alloc.o)
                0x00003580                free
 .text.exit     0x00003590       0x38 /home/jose/NXP/S32DS_ARM_v2018.R1/S32DS/arm_ewl2/lib/armv7e-m/libc99.a(exit.o)
                0x00003590                exit
 .text.memcpy   0x000035c8       0x16 /home/jose/NXP/S32DS_ARM_v2018.R1/S32DS/arm_ewl2/lib/armv7e-m/libc99.a(memcpy.o)
                0x000035c8                memcpy
 .text.strlen   0x000035de        0xe /home/jose/NXP/S32DS_ARM_v2018.R1/S32DS/arm_ewl2/lib/armv7e-m/libc99.a(strlen.o)
                0x000035de                strlen
 .text.__fini_cpp
                0x000035ec       0x34 /home/jose/NXP/S32DS_ARM_v2018.R1/S32DS/arm_ewl2/lib/armv7e-m/librt.a(gcc_ctor_dtor.o)
                0x000035ec                __fini_cpp
 .text._ExitProcess
                0x00003620        0x2 /home/jose/NXP/S32DS_ARM_v2018.R1/S32DS/arm_ewl2/lib/armv7e-m/librt.a(gcc_ctor_dtor.o)
                0x00003620                _ExitProcess
 *fill*         0x00003622        0x2 
 .text.__destroy_global_chain
                0x00003624       0x18 /home/jose/NXP/S32DS_ARM_v2018.R1/S32DS/arm_ewl2/lib/armv7e-m/librt.a(__arm_eabi_init.o)
                0x00003624                __destroy_global_chain
 .text._ZNK10__cxxabiv117__class_type_info11__do_upcastEPKS0_PPv
                0x0000363c       0x38 /home/jose/NXP/S32DS_ARM_v2018.R1/S32DS/arm_ewl2/lib/armv7e-m/libsupc++.a(class_type_info.o)
                0x0000363c                __cxxabiv1::__class_type_info::__do_upcast(__cxxabiv1::__class_type_info const*, void**) const
 .text._ZNK10__cxxabiv117__class_type_info20__do_find_public_srcEiPKvPKS0_S2_
                0x00003674        0xc /home/jose/NXP/S32DS_ARM_v2018.R1/S32DS/arm_ewl2/lib/armv7e-m/libsupc++.a(class_type_info.o)
                0x00003674                __cxxabiv1::__class_type_info::__do_find_public_src(int, void const*, __cxxabiv1::__class_type_info const*, void const*) const
 .text._ZN10__cxxabiv117__class_type_infoD2Ev
                0x00003680       0x14 /home/jose/NXP/S32DS_ARM_v2018.R1/S32DS/arm_ewl2/lib/armv7e-m/libsupc++.a(class_type_info.o)
                0x00003680                __cxxabiv1::__class_type_info::~__class_type_info()
                0x00003680                __cxxabiv1::__class_type_info::~__class_type_info()
 .text._ZN10__cxxabiv117__class_type_infoD0Ev
                0x00003694       0x1c /home/jose/NXP/S32DS_ARM_v2018.R1/S32DS/arm_ewl2/lib/armv7e-m/libsupc++.a(class_type_info.o)
                0x00003694                __cxxabiv1::__class_type_info::~__class_type_info()
 .text._ZNK10__cxxabiv117__class_type_info11__do_upcastEPKS0_PKvRNS0_15__upcast_resultE
                0x000036b0       0x18 /home/jose/NXP/S32DS_ARM_v2018.R1/S32DS/arm_ewl2/lib/armv7e-m/libsupc++.a(class_type_info.o)
                0x000036b0                __cxxabiv1::__class_type_info::__do_upcast(__cxxabiv1::__class_type_info const*, void const*, __cxxabiv1::__class_type_info::__upcast_result&) const
 .text._ZNK10__cxxabiv117__class_type_info10__do_catchEPKSt9type_infoPPvj
                0x000036c8       0x2c /home/jose/NXP/S32DS_ARM_v2018.R1/S32DS/arm_ewl2/lib/armv7e-m/libsupc++.a(class_type_info.o)
                0x000036c8                __cxxabiv1::__class_type_info::__do_catch(std::type_info const*, void**, unsigned int) const
 .text._ZNK10__cxxabiv117__class_type_info12__do_dyncastEiNS0_10__sub_kindEPKS0_PKvS3_S5_RNS0_16__dyncast_resultE
                0x000036f4       0x40 /home/jose/NXP/S32DS_ARM_v2018.R1/S32DS/arm_ewl2/lib/armv7e-m/libsupc++.a(class_type_info.o)
                0x000036f4                __cxxabiv1::__class_type_info::__do_dyncast(int, __cxxabiv1::__class_type_info::__sub_kind, __cxxabiv1::__class_type_info const*, void const*, __cxxabiv1::__class_type_info const*, void const*, __cxxabiv1::__class_type_info::__dyncast_result&) const
 .text._ZdlPv   0x00003734        0x4 /home/jose/NXP/S32DS_ARM_v2018.R1/S32DS/arm_ewl2/lib/armv7e-m/libsupc++.a(del_op.o)
                0x00003734                operator delete(void*)
 .text._ZN10__cxxabiv120__si_class_type_infoD2Ev
                0x00003738       0x14 /home/jose/NXP/S32DS_ARM_v2018.R1/S32DS/arm_ewl2/lib/armv7e-m/libsupc++.a(si_class_type_info.o)
                0x00003738                __cxxabiv1::__si_class_type_info::~__si_class_type_info()
                0x00003738                __cxxabiv1::__si_class_type_info::~__si_class_type_info()
 .text._ZN10__cxxabiv120__si_class_type_infoD0Ev
                0x0000374c       0x1c /home/jose/NXP/S32DS_ARM_v2018.R1/S32DS/arm_ewl2/lib/armv7e-m/libsupc++.a(si_class_type_info.o)
                0x0000374c                __cxxabiv1::__si_class_type_info::~__si_class_type_info()
 .text._ZNK10__cxxabiv120__si_class_type_info20__do_find_public_srcEiPKvPKNS_17__class_type_infoES2_
                0x00003768       0x3c /home/jose/NXP/S32DS_ARM_v2018.R1/S32DS/arm_ewl2/lib/armv7e-m/libsupc++.a(si_class_type_info.o)
                0x00003768                __cxxabiv1::__si_class_type_info::__do_find_public_src(int, void const*, __cxxabiv1::__class_type_info const*, void const*) const
 .text._ZNK10__cxxabiv120__si_class_type_info12__do_dyncastEiNS_17__class_type_info10__sub_kindEPKS1_PKvS4_S6_RNS1_16__dyncast_resultE
                0x000037a4       0x88 /home/jose/NXP/S32DS_ARM_v2018.R1/S32DS/arm_ewl2/lib/armv7e-m/libsupc++.a(si_class_type_info.o)
                0x000037a4                __cxxabiv1::__si_class_type_info::__do_dyncast(int, __cxxabiv1::__class_type_info::__sub_kind, __cxxabiv1::__class_type_info const*, void const*, __cxxabiv1::__class_type_info const*, void const*, __cxxabiv1::__class_type_info::__dyncast_result&) const
 .text._ZNK10__cxxabiv120__si_class_type_info11__do_upcastEPKNS_17__class_type_infoEPKvRNS1_15__upcast_resultE
                0x0000382c       0x2c /home/jose/NXP/S32DS_ARM_v2018.R1/S32DS/arm_ewl2/lib/armv7e-m/libsupc++.a(si_class_type_info.o)
                0x0000382c                __cxxabiv1::__si_class_type_info::__do_upcast(__cxxabiv1::__class_type_info const*, void const*, __cxxabiv1::__class_type_info::__upcast_result&) const
 .text._ZNSt9type_infoD2Ev
                0x00003858        0x4 /home/jose/NXP/S32DS_ARM_v2018.R1/S32DS/arm_ewl2/lib/armv7e-m/libsupc++.a(tinfo.o)
                0x00003858                std::type_info::~type_info()
                0x00003858                std::type_info::~type_info()
 .text._ZNKSt9type_info14__is_pointer_pEv
                0x0000385c        0x4 /home/jose/NXP/S32DS_ARM_v2018.R1/S32DS/arm_ewl2/lib/armv7e-m/libsupc++.a(tinfo.o)
                0x0000385c                std::type_info::__is_pointer_p() const
 .text._ZNKSt9type_info15__is_function_pEv
                0x00003860        0x4 /home/jose/NXP/S32DS_ARM_v2018.R1/S32DS/arm_ewl2/lib/armv7e-m/libsupc++.a(tinfo.o)
                0x00003860                std::type_info::__is_function_p() const
 .text._ZNKSt9type_infoeqERKS_
                0x00003864       0x2c /home/jose/NXP/S32DS_ARM_v2018.R1/S32DS/arm_ewl2/lib/armv7e-m/libsupc++.a(tinfo.o)
                0x00003864                std::type_info::operator==(std::type_info const&) const
 .text.abort    0x00003890       0x24 /home/jose/NXP/S32DS_ARM_v2018.R1/S32DS/arm_ewl2/lib/armv7e-m/libc99.a(abort.o)
                0x00003890                abort
 .text.strcmp   0x000038b4       0x1a /home/jose/NXP/S32DS_ARM_v2018.R1/S32DS/arm_ewl2/lib/armv7e-m/libc99.a(strcmp.o)
                0x000038b4                strcmp
 *fill*         0x000038ce        0x2 
 .text.raise    0x000038d0       0x38 /home/jose/NXP/S32DS_ARM_v2018.R1/S32DS/arm_ewl2/lib/armv7e-m/libc99.a(raise.o)
                0x000038d0                raise
 *(.rodata)
 .rodata        0x00003908      0x168 ./src/main.o
 *(.rodata*)
 .rodata._ZTVN3ros11NodeHandle_I15s32K148HardwareLi25ELi25ELi512ELi512EEE
                0x00003a70       0x14 ./src/main.o
                0x00003a70                vtable for ros::NodeHandle_<s32K148Hardware, 25, 25, 512, 512>
 *fill*         0x00003a84        0x4 
 .rodata._ZTVN3ros15NodeHandleBase_E
                0x00003a88       0x14 ./src/main.o
                0x00003a88                vtable for ros::NodeHandleBase_
 *fill*         0x00003a9c        0x4 
 .rodata._ZTVN14rosserial_msgs20RequestParamResponseE
                0x00003aa0       0x18 ./src/main.o
                0x00003aa0                vtable for rosserial_msgs::RequestParamResponse
 .rodata._ZTVN14rosserial_msgs3LogE
                0x00003ab8       0x18 ./src/main.o
                0x00003ab8                vtable for rosserial_msgs::Log
 .rodata._ZTVN14rosserial_msgs9TopicInfoE
                0x00003ad0       0x18 ./src/main.o
                0x00003ad0                vtable for rosserial_msgs::TopicInfo
 .rodata._ZTVN8std_msgs4TimeE
                0x00003ae8       0x18 ./src/main.o
                0x00003ae8                vtable for std_msgs::Time
 .rodata._ZTVN8std_msgs6StringE
                0x00003b00       0x18 ./src/main.o
                0x00003b00                vtable for std_msgs::String
 .rodata._ZTVN3ros3MsgE
                0x00003b18       0x18 ./src/main.o
                0x00003b18                vtable for ros::Msg
 .rodata._ZTSN3ros11NodeHandle_I15s32K148HardwareLi25ELi25ELi512ELi512EEE
                0x00003b30       0x3d ./src/main.o
                0x00003b30                typeinfo name for ros::NodeHandle_<s32K148Hardware, 25, 25, 512, 512>
 *fill*         0x00003b6d        0x3 
 .rodata._ZTIN3ros11NodeHandle_I15s32K148HardwareLi25ELi25ELi512ELi512EEE
                0x00003b70        0xc ./src/main.o
                0x00003b70                typeinfo for ros::NodeHandle_<s32K148Hardware, 25, 25, 512, 512>
 .rodata._ZTSN3ros15NodeHandleBase_E
                0x00003b7c       0x18 ./src/main.o
                0x00003b7c                typeinfo name for ros::NodeHandleBase_
 .rodata._ZTIN3ros15NodeHandleBase_E
                0x00003b94        0x8 ./src/main.o
                0x00003b94                typeinfo for ros::NodeHandleBase_
 .rodata._ZTSN14rosserial_msgs20RequestParamResponseE
                0x00003b9c       0x29 ./src/main.o
                0x00003b9c                typeinfo name for rosserial_msgs::RequestParamResponse
 *fill*         0x00003bc5        0x3 
 .rodata._ZTIN14rosserial_msgs20RequestParamResponseE
                0x00003bc8        0xc ./src/main.o
                0x00003bc8                typeinfo for rosserial_msgs::RequestParamResponse
 .rodata._ZTSN14rosserial_msgs3LogE
                0x00003bd4       0x17 ./src/main.o
                0x00003bd4                typeinfo name for rosserial_msgs::Log
 *fill*         0x00003beb        0x1 
 .rodata._ZTIN14rosserial_msgs3LogE
                0x00003bec        0xc ./src/main.o
                0x00003bec                typeinfo for rosserial_msgs::Log
 .rodata._ZTSN14rosserial_msgs9TopicInfoE
                0x00003bf8       0x1d ./src/main.o
                0x00003bf8                typeinfo name for rosserial_msgs::TopicInfo
 *fill*         0x00003c15        0x3 
 .rodata._ZTIN14rosserial_msgs9TopicInfoE
                0x00003c18        0xc ./src/main.o
                0x00003c18                typeinfo for rosserial_msgs::TopicInfo
 .rodata._ZTSN8std_msgs4TimeE
                0x00003c24       0x11 ./src/main.o
                0x00003c24                typeinfo name for std_msgs::Time
 *fill*         0x00003c35        0x3 
 .rodata._ZTIN8std_msgs4TimeE
                0x00003c38        0xc ./src/main.o
                0x00003c38                typeinfo for std_msgs::Time
 .rodata._ZTSN8std_msgs6StringE
                0x00003c44       0x13 ./src/main.o
                0x00003c44                typeinfo name for std_msgs::String
 *fill*         0x00003c57        0x1 
 .rodata._ZTIN8std_msgs6StringE
                0x00003c58        0xc ./src/main.o
                0x00003c58                typeinfo for std_msgs::String
 .rodata._ZTSN3ros3MsgE
                0x00003c64        0xb ./src/main.o
                0x00003c64                typeinfo name for ros::Msg
 *fill*         0x00003c6f        0x1 
 .rodata._ZTIN3ros3MsgE
                0x00003c70        0x8 ./src/main.o
                0x00003c70                typeinfo for ros::Msg
 .rodata._ZTVN10__cxxabiv117__class_type_infoE
                0x00003c78       0x2c /home/jose/NXP/S32DS_ARM_v2018.R1/S32DS/arm_ewl2/lib/armv7e-m/libsupc++.a(class_type_info.o)
                0x00003c78                vtable for __cxxabiv1::__class_type_info
 .rodata._ZTIN10__cxxabiv117__class_type_infoE
                0x00003ca4        0xc /home/jose/NXP/S32DS_ARM_v2018.R1/S32DS/arm_ewl2/lib/armv7e-m/libsupc++.a(class_type_info.o)
                0x00003ca4                typeinfo for __cxxabiv1::__class_type_info
 .rodata._ZTSN10__cxxabiv117__class_type_infoE
                0x00003cb0       0x22 /home/jose/NXP/S32DS_ARM_v2018.R1/S32DS/arm_ewl2/lib/armv7e-m/libsupc++.a(class_type_info.o)
                0x00003cb0                typeinfo name for __cxxabiv1::__class_type_info
 *fill*         0x00003cd2        0x6 
 .rodata._ZTVN10__cxxabiv120__si_class_type_infoE
                0x00003cd8       0x2c /home/jose/NXP/S32DS_ARM_v2018.R1/S32DS/arm_ewl2/lib/armv7e-m/libsupc++.a(si_class_type_info.o)
                0x00003cd8                vtable for __cxxabiv1::__si_class_type_info
 .rodata._ZTIN10__cxxabiv120__si_class_type_infoE
                0x00003d04        0xc /home/jose/NXP/S32DS_ARM_v2018.R1/S32DS/arm_ewl2/lib/armv7e-m/libsupc++.a(si_class_type_info.o)
                0x00003d04                typeinfo for __cxxabiv1::__si_class_type_info
 .rodata._ZTSN10__cxxabiv120__si_class_type_infoE
                0x00003d10       0x25 /home/jose/NXP/S32DS_ARM_v2018.R1/S32DS/arm_ewl2/lib/armv7e-m/libsupc++.a(si_class_type_info.o)
                0x00003d10                typeinfo name for __cxxabiv1::__si_class_type_info
 *fill*         0x00003d35        0x3 
 .rodata._ZTISt9type_info
                0x00003d38        0x8 /home/jose/NXP/S32DS_ARM_v2018.R1/S32DS/arm_ewl2/lib/armv7e-m/libsupc++.a(tinfo.o)
                0x00003d38                typeinfo for std::type_info
 .rodata._ZTSSt9type_info
                0x00003d40        0xd /home/jose/NXP/S32DS_ARM_v2018.R1/S32DS/arm_ewl2/lib/armv7e-m/libsupc++.a(tinfo.o)
                0x00003d40                typeinfo name for std::type_info
 *(.glue_7)
 .glue_7        0x00000000        0x0 linker stubs
 *(.glue_7t)
 .glue_7t       0x00000000        0x0 linker stubs
 *(.eh_frame)
 *(.init)
 *(.fini)
                0x00003d50                . = ALIGN (0x4)
 *fill*         0x00003d4d        0x3 

.vfp11_veneer   0x00003d50        0x0
 .vfp11_veneer  0x00000000        0x0 linker stubs

.v4_bx          0x00003d50        0x0
 .v4_bx         0x00000000        0x0 linker stubs

.iplt           0x00003d50        0x0
 .iplt          0x00000000        0x0 /home/jose/NXP/S32DS_ARM_v2018.R1/S32DS/arm_ewl2/lib/armv7e-m/__arm_start.o

.ARM.extab      0x00003d50       0xcc
 *(.ARM.extab* .gnu.linkonce.armextab.*)
 .ARM.extab.text._ZN3ros3MsgC2Ev
                0x00003d50        0x0 ./src/main.o
 .ARM.extab.text._ZN8std_msgs6StringC2Ev
                0x00003d50        0x0 ./src/main.o
 .ARM.extab.text._ZNK8std_msgs6String9serializeEPh
                0x00003d50        0x0 ./src/main.o
 .ARM.extab.text._ZN8std_msgs6String11deserializeEPh
                0x00003d50        0x0 ./src/main.o
 .ARM.extab.text._ZN8std_msgs6String7getTypeEv
                0x00003d50        0x0 ./src/main.o
 .ARM.extab.text._ZN8std_msgs6String6getMD5Ev
                0x00003d50        0x0 ./src/main.o
 .ARM.extab.text._ZN3ros4TimeC2Ev
                0x00003d50        0x0 ./src/main.o
 .ARM.extab.text._ZN8std_msgs4TimeC2Ev
                0x00003d50        0x0 ./src/main.o
 .ARM.extab.text._ZNK8std_msgs4Time9serializeEPh
                0x00003d50        0x0 ./src/main.o
 .ARM.extab.text._ZN8std_msgs4Time11deserializeEPh
                0x00003d50        0x0 ./src/main.o
 .ARM.extab.text._ZN8std_msgs4Time7getTypeEv
                0x00003d50        0x0 ./src/main.o
 .ARM.extab.text._ZN8std_msgs4Time6getMD5Ev
                0x00003d50        0x0 ./src/main.o
 .ARM.extab.text._ZN14rosserial_msgs9TopicInfoC2Ev
                0x00003d50        0x0 ./src/main.o
 .ARM.extab.text._ZNK14rosserial_msgs9TopicInfo9serializeEPh
                0x00003d50        0x0 ./src/main.o
 .ARM.extab.text._ZN14rosserial_msgs9TopicInfo11deserializeEPh
                0x00003d50        0x0 ./src/main.o
 .ARM.extab.text._ZN14rosserial_msgs9TopicInfo7getTypeEv
                0x00003d50        0x0 ./src/main.o
 .ARM.extab.text._ZN14rosserial_msgs9TopicInfo6getMD5Ev
                0x00003d50        0x0 ./src/main.o
 .ARM.extab.text._ZN14rosserial_msgs3LogC2Ev
                0x00003d50        0x0 ./src/main.o
 .ARM.extab.text._ZNK14rosserial_msgs3Log9serializeEPh
                0x00003d50        0x0 ./src/main.o
 .ARM.extab.text._ZN14rosserial_msgs3Log11deserializeEPh
                0x00003d50        0x0 ./src/main.o
 .ARM.extab.text._ZN14rosserial_msgs3Log7getTypeEv
                0x00003d50        0x0 ./src/main.o
 .ARM.extab.text._ZN14rosserial_msgs3Log6getMD5Ev
                0x00003d50        0x0 ./src/main.o
 .ARM.extab.text._ZN14rosserial_msgs20RequestParamResponseC2Ev
                0x00003d50        0x0 ./src/main.o
 .ARM.extab.text._ZNK14rosserial_msgs20RequestParamResponse9serializeEPh
                0x00003d50        0x0 ./src/main.o
 .ARM.extab.text._ZN14rosserial_msgs20RequestParamResponse11deserializeEPh
                0x00003d50        0x0 ./src/main.o
 .ARM.extab.text._ZN14rosserial_msgs20RequestParamResponse7getTypeEv
                0x00003d50        0x0 ./src/main.o
 .ARM.extab.text._ZN14rosserial_msgs20RequestParamResponse6getMD5Ev
                0x00003d50        0x0 ./src/main.o
 .ARM.extab.text._ZN3ros9PublisherC2EPKcPNS_3MsgEi
                0x00003d50        0x0 ./src/main.o
 .ARM.extab.text._ZN3ros9Publisher7publishEPKNS_3MsgE
                0x00003d50        0xc ./src/main.o
 .ARM.extab.text._ZN3ros9Publisher15getEndpointTypeEv
                0x00003d5c        0x0 ./src/main.o
 .ARM.extab.text._ZN15s32K148HardwareC2Ev
                0x00003d5c        0x0 ./src/main.o
 .ARM.extab.text._ZN15s32K148Hardware4initEv
                0x00003d5c        0xc ./src/main.o
 .ARM.extab.text._ZN15s32K148Hardware4readEv
                0x00003d68        0xc ./src/main.o
 .ARM.extab.text._ZN15s32K148Hardware5writeEPhi
                0x00003d74        0xc ./src/main.o
 .ARM.extab.text._ZN15s32K148Hardware4timeEv
                0x00003d80        0xc ./src/main.o
 .ARM.extab     0x00003d8c        0xc ./src/main.o
 .ARM.extab.text._ZN3ros3Msg8varToArrIPhmEEvT_T0_
                0x00003d98        0x0 ./src/main.o
 .ARM.extab.text._ZN3ros3Msg8arrToVarImPhEEvRT_T0_
                0x00003d98        0x0 ./src/main.o
 .ARM.extab.text._ZN3ros15NodeHandleBase_C2Ev
                0x00003d98        0x0 ./src/main.o
 .ARM.extab.text._ZN3ros11NodeHandle_I15s32K148HardwareLi25ELi25ELi512ELi512EEC2Ev
                0x00003d98        0x0 ./src/main.o
 .ARM.extab.text._ZN3ros11NodeHandle_I15s32K148HardwareLi25ELi25ELi512ELi512EE8initNodeEv
                0x00003d98        0xc ./src/main.o
 .ARM.extab.text._ZN3ros11NodeHandle_I15s32K148HardwareLi25ELi25ELi512ELi512EE9advertiseERNS_9PublisherE
                0x00003da4        0x0 ./src/main.o
 .ARM.extab.text._ZN3ros11NodeHandle_I15s32K148HardwareLi25ELi25ELi512ELi512EE8spinOnceEv
                0x00003da4        0xc ./src/main.o
 .ARM.extab.text._ZN3ros11NodeHandle_I15s32K148HardwareLi25ELi25ELi512ELi512EE15requestSyncTimeEv
                0x00003db0        0xc ./src/main.o
 .ARM.extab.text._ZN3ros11NodeHandle_I15s32K148HardwareLi25ELi25ELi512ELi512EE15negotiateTopicsEv
                0x00003dbc        0xc ./src/main.o
 .ARM.extab.text._ZN3ros11NodeHandle_I15s32K148HardwareLi25ELi25ELi512ELi512EE8syncTimeEPh
                0x00003dc8        0xc ./src/main.o
 .ARM.extab.text._ZN3ros11NodeHandle_I15s32K148HardwareLi25ELi25ELi512ELi512EE7publishEiPKNS_3MsgE
                0x00003dd4        0xc ./src/main.o
 .ARM.extab.text._ZN3ros11NodeHandle_I15s32K148HardwareLi25ELi25ELi512ELi512EE6setNowERNS_4TimeE
                0x00003de0        0xc ./src/main.o
 .ARM.extab.text._ZN3ros11NodeHandle_I15s32K148HardwareLi25ELi25ELi512ELi512EE8logerrorEPKc
                0x00003dec        0xc ./src/main.o
 .ARM.extab.text._ZN3ros11NodeHandle_I15s32K148HardwareLi25ELi25ELi512ELi512EE3logEcPKc
                0x00003df8        0xc ./src/main.o
 .ARM.extab.text._ZN3ros11NodeHandle_I15s32K148HardwareLi25ELi25ELi512ELi512EE9connectedEv
                0x00003e04        0x0 ./src/main.o
 .ARM.extab     0x00003e04       0x18 /home/jose/NXP/S32DS_ARM_v2018.R1/Cross_Tools/gcc-arm-none-eabi-4_9/bin/../lib/gcc/arm-none-eabi/4.9.3/armv7e-m/libgcc.a(pr-support.o)

.ARM            0x00003e1c      0x1b8
                0x00003e1c                __exidx_start = .
 *(.ARM.exidx*)
 .ARM.exidx     0x00003e1c        0x8 ./src/ross_files/ros_lib/time.o
                                 0x20 (size before relaxing)
 .ARM.exidx.text._ZN3ros3MsgC2Ev
                0x00003ee4        0x0 ./src/main.o
                                  0x8 (size before relaxing)
 .ARM.exidx.text._ZN8std_msgs6StringC2Ev
                0x00003ee4        0x0 ./src/main.o
                                  0x8 (size before relaxing)
 .ARM.exidx.text._ZNK8std_msgs6String9serializeEPh
                0x00003ee4        0x0 ./src/main.o
                                  0x8 (size before relaxing)
 .ARM.exidx.text._ZN8std_msgs6String11deserializeEPh
                0x00003ee4        0x0 ./src/main.o
                                  0x8 (size before relaxing)
 .ARM.exidx.text._ZN8std_msgs6String7getTypeEv
                0x00003ee4        0x0 ./src/main.o
                                  0x8 (size before relaxing)
 .ARM.exidx.text._ZN8std_msgs6String6getMD5Ev
                0x00003ee4        0x0 ./src/main.o
                                  0x8 (size before relaxing)
 .ARM.exidx.text._ZN3ros4TimeC2Ev
                0x00003ee4        0x0 ./src/main.o
                                  0x8 (size before relaxing)
 .ARM.exidx.text._ZN8std_msgs4TimeC2Ev
                0x00003ee4        0x0 ./src/main.o
                                  0x8 (size before relaxing)
 .ARM.exidx.text._ZNK8std_msgs4Time9serializeEPh
                0x00003ee4        0x0 ./src/main.o
                                  0x8 (size before relaxing)
 .ARM.exidx.text._ZN8std_msgs4Time11deserializeEPh
                0x00003ee4        0x0 ./src/main.o
                                  0x8 (size before relaxing)
 .ARM.exidx.text._ZN8std_msgs4Time7getTypeEv
                0x00003ee4        0x0 ./src/main.o
                                  0x8 (size before relaxing)
 .ARM.exidx.text._ZN8std_msgs4Time6getMD5Ev
                0x00003ee4        0x0 ./src/main.o
                                  0x8 (size before relaxing)
 .ARM.exidx.text._ZN14rosserial_msgs9TopicInfoC2Ev
                0x00003ee4        0x0 ./src/main.o
                                  0x8 (size before relaxing)
 .ARM.exidx.text._ZNK14rosserial_msgs9TopicInfo9serializeEPh
                0x00003ee4        0x0 ./src/main.o
                                  0x8 (size before relaxing)
 .ARM.exidx.text._ZN14rosserial_msgs9TopicInfo11deserializeEPh
                0x00003ee4        0x0 ./src/main.o
                                  0x8 (size before relaxing)
 .ARM.exidx.text._ZN14rosserial_msgs9TopicInfo7getTypeEv
                0x00003ee4        0x0 ./src/main.o
                                  0x8 (size before relaxing)
 .ARM.exidx.text._ZN14rosserial_msgs9TopicInfo6getMD5Ev
                0x00003ee4        0x0 ./src/main.o
                                  0x8 (size before relaxing)
 .ARM.exidx.text._ZN14rosserial_msgs3LogC2Ev
                0x00003ee4        0x0 ./src/main.o
                                  0x8 (size before relaxing)
 .ARM.exidx.text._ZNK14rosserial_msgs3Log9serializeEPh
                0x00003ee4        0x0 ./src/main.o
                                  0x8 (size before relaxing)
 .ARM.exidx.text._ZN14rosserial_msgs3Log11deserializeEPh
                0x00003ee4        0x0 ./src/main.o
                                  0x8 (size before relaxing)
 .ARM.exidx.text._ZN14rosserial_msgs3Log7getTypeEv
                0x00003ee4        0x0 ./src/main.o
                                  0x8 (size before relaxing)
 .ARM.exidx.text._ZN14rosserial_msgs3Log6getMD5Ev
                0x00003ee4        0x0 ./src/main.o
                                  0x8 (size before relaxing)
 .ARM.exidx.text._ZN14rosserial_msgs20RequestParamResponseC2Ev
                0x00003ee4        0x0 ./src/main.o
                                  0x8 (size before relaxing)
 .ARM.exidx.text._ZNK14rosserial_msgs20RequestParamResponse9serializeEPh
                0x00003ee4        0x0 ./src/main.o
                                  0x8 (size before relaxing)
 .ARM.exidx.text._ZN14rosserial_msgs20RequestParamResponse11deserializeEPh
                0x00003ee4        0x0 ./src/main.o
                                  0x8 (size before relaxing)
 .ARM.exidx.text._ZN14rosserial_msgs20RequestParamResponse7getTypeEv
                0x00003ee4        0x0 ./src/main.o
                                  0x8 (size before relaxing)
 .ARM.exidx.text._ZN14rosserial_msgs20RequestParamResponse6getMD5Ev
                0x00003ee4        0x0 ./src/main.o
                                  0x8 (size before relaxing)
 .ARM.exidx.text._ZN3ros9PublisherC2EPKcPNS_3MsgEi
                0x00003ee4        0x0 ./src/main.o
                                  0x8 (size before relaxing)
 .ARM.exidx.text._ZN3ros9Publisher7publishEPKNS_3MsgE
                0x00003ee4        0x8 ./src/main.o
 .ARM.exidx.text._ZN3ros9Publisher15getEndpointTypeEv
                0x00003eec        0x8 ./src/main.o
 .ARM.exidx.text._ZN15s32K148HardwareC2Ev
                0x00003ef4        0x0 ./src/main.o
                                  0x8 (size before relaxing)
 .ARM.exidx.text._ZN15s32K148Hardware4initEv
                0x00003ef4        0x8 ./src/main.o
 .ARM.exidx.text._ZN15s32K148Hardware4readEv
                0x00003efc        0x8 ./src/main.o
 .ARM.exidx.text._ZN15s32K148Hardware5writeEPhi
                0x00003f04        0x8 ./src/main.o
 .ARM.exidx.text._ZN15s32K148Hardware4timeEv
                0x00003f0c        0x8 ./src/main.o
 .ARM.exidx     0x00003e24       0x10 ./src/main.o
                                 0x28 (size before relaxing)
 .ARM.exidx.text._ZN3ros3Msg8varToArrIPhmEEvT_T0_
                0x00003f14        0x8 ./src/main.o
 .ARM.exidx.text._ZN3ros3Msg8arrToVarImPhEEvRT_T0_
                0x00003f1c        0x0 ./src/main.o
                                  0x8 (size before relaxing)
 .ARM.exidx.text._ZN3ros15NodeHandleBase_C2Ev
                0x00003f1c        0x0 ./src/main.o
                                  0x8 (size before relaxing)
 .ARM.exidx.text._ZN3ros11NodeHandle_I15s32K148HardwareLi25ELi25ELi512ELi512EEC2Ev
                0x00003f1c        0x0 ./src/main.o
                                  0x8 (size before relaxing)
 .ARM.exidx.text._ZN3ros11NodeHandle_I15s32K148HardwareLi25ELi25ELi512ELi512EE8initNodeEv
                0x00003f1c        0x8 ./src/main.o
 .ARM.exidx.text._ZN3ros11NodeHandle_I15s32K148HardwareLi25ELi25ELi512ELi512EE9advertiseERNS_9PublisherE
                0x00003f24        0x8 ./src/main.o
 .ARM.exidx.text._ZN3ros11NodeHandle_I15s32K148HardwareLi25ELi25ELi512ELi512EE8spinOnceEv
                0x00003f2c        0x8 ./src/main.o
 .ARM.exidx.text._ZN3ros11NodeHandle_I15s32K148HardwareLi25ELi25ELi512ELi512EE15requestSyncTimeEv
                0x00003f34        0x8 ./src/main.o
 .ARM.exidx.text._ZN3ros11NodeHandle_I15s32K148HardwareLi25ELi25ELi512ELi512EE15negotiateTopicsEv
                0x00003f3c        0x8 ./src/main.o
 .ARM.exidx.text._ZN3ros11NodeHandle_I15s32K148HardwareLi25ELi25ELi512ELi512EE8syncTimeEPh
                0x00003f44        0x8 ./src/main.o
 .ARM.exidx.text._ZN3ros11NodeHandle_I15s32K148HardwareLi25ELi25ELi512ELi512EE7publishEiPKNS_3MsgE
                0x00003f4c        0x8 ./src/main.o
 .ARM.exidx.text._ZN3ros11NodeHandle_I15s32K148HardwareLi25ELi25ELi512ELi512EE6setNowERNS_4TimeE
                0x00003f54        0x8 ./src/main.o
 .ARM.exidx.text._ZN3ros11NodeHandle_I15s32K148HardwareLi25ELi25ELi512ELi512EE8logerrorEPKc
                0x00003f5c        0x8 ./src/main.o
 .ARM.exidx.text._ZN3ros11NodeHandle_I15s32K148HardwareLi25ELi25ELi512ELi512EE3logEcPKc
                0x00003f64        0x8 ./src/main.o
 .ARM.exidx.text._ZN3ros11NodeHandle_I15s32K148HardwareLi25ELi25ELi512ELi512EE9connectedEv
                0x00003f6c        0x8 ./src/main.o
 .ARM.exidx     0x00003e34       0x78 /home/jose/NXP/S32DS_ARM_v2018.R1/Cross_Tools/gcc-arm-none-eabi-4_9/bin/../lib/gcc/arm-none-eabi/4.9.3/armv7e-m/libgcc.a(unwind-arm.o)
                                 0xd8 (size before relaxing)
 .ARM.exidx     0x00003eac       0x38 /home/jose/NXP/S32DS_ARM_v2018.R1/Cross_Tools/gcc-arm-none-eabi-4_9/bin/../lib/gcc/arm-none-eabi/4.9.3/armv7e-m/libgcc.a(pr-support.o)
                                 0x48 (size before relaxing)
 .ARM.exidx.text._ZNK10__cxxabiv117__class_type_info11__do_upcastEPKS0_PPv
                0x00003f74        0x8 /home/jose/NXP/S32DS_ARM_v2018.R1/S32DS/arm_ewl2/lib/armv7e-m/libsupc++.a(class_type_info.o)
 .ARM.exidx.text._ZNK10__cxxabiv117__class_type_info20__do_find_public_srcEiPKvPKS0_S2_
                0x00003f7c        0x8 /home/jose/NXP/S32DS_ARM_v2018.R1/S32DS/arm_ewl2/lib/armv7e-m/libsupc++.a(class_type_info.o)
 .ARM.exidx.text._ZN10__cxxabiv117__class_type_infoD2Ev
                0x00003f84        0x8 /home/jose/NXP/S32DS_ARM_v2018.R1/S32DS/arm_ewl2/lib/armv7e-m/libsupc++.a(class_type_info.o)
 .ARM.exidx.text._ZN10__cxxabiv117__class_type_infoD0Ev
                0x00003f8c        0x0 /home/jose/NXP/S32DS_ARM_v2018.R1/S32DS/arm_ewl2/lib/armv7e-m/libsupc++.a(class_type_info.o)
                                  0x8 (size before relaxing)
 .ARM.exidx.text._ZNK10__cxxabiv117__class_type_info11__do_upcastEPKS0_PKvRNS0_15__upcast_resultE
                0x00003f8c        0x8 /home/jose/NXP/S32DS_ARM_v2018.R1/S32DS/arm_ewl2/lib/armv7e-m/libsupc++.a(class_type_info.o)
 .ARM.exidx.text._ZNK10__cxxabiv117__class_type_info10__do_catchEPKSt9type_infoPPvj
                0x00003f94        0x8 /home/jose/NXP/S32DS_ARM_v2018.R1/S32DS/arm_ewl2/lib/armv7e-m/libsupc++.a(class_type_info.o)
 .ARM.exidx.text._ZNK10__cxxabiv117__class_type_info12__do_dyncastEiNS0_10__sub_kindEPKS0_PKvS3_S5_RNS0_16__dyncast_resultE
                0x00003f9c        0x8 /home/jose/NXP/S32DS_ARM_v2018.R1/S32DS/arm_ewl2/lib/armv7e-m/libsupc++.a(class_type_info.o)
 .ARM.exidx.text._ZdlPv
                0x00003fa4        0x8 /home/jose/NXP/S32DS_ARM_v2018.R1/S32DS/arm_ewl2/lib/armv7e-m/libsupc++.a(del_op.o)
 .ARM.exidx.text._ZN10__cxxabiv120__si_class_type_infoD2Ev
                0x00003fac        0x8 /home/jose/NXP/S32DS_ARM_v2018.R1/S32DS/arm_ewl2/lib/armv7e-m/libsupc++.a(si_class_type_info.o)
 .ARM.exidx.text._ZN10__cxxabiv120__si_class_type_infoD0Ev
                0x00003fb4        0x0 /home/jose/NXP/S32DS_ARM_v2018.R1/S32DS/arm_ewl2/lib/armv7e-m/libsupc++.a(si_class_type_info.o)
                                  0x8 (size before relaxing)
 .ARM.exidx.text._ZNK10__cxxabiv120__si_class_type_info20__do_find_public_srcEiPKvPKNS_17__class_type_infoES2_
                0x00003fb4        0x8 /home/jose/NXP/S32DS_ARM_v2018.R1/S32DS/arm_ewl2/lib/armv7e-m/libsupc++.a(si_class_type_info.o)
 .ARM.exidx.text._ZNK10__cxxabiv120__si_class_type_info12__do_dyncastEiNS_17__class_type_info10__sub_kindEPKS1_PKvS4_S6_RNS1_16__dyncast_resultE
                0x00003fbc        0x8 /home/jose/NXP/S32DS_ARM_v2018.R1/S32DS/arm_ewl2/lib/armv7e-m/libsupc++.a(si_class_type_info.o)
 .ARM.exidx.text._ZNK10__cxxabiv120__si_class_type_info11__do_upcastEPKNS_17__class_type_infoEPKvRNS1_15__upcast_resultE
                0x00003fc4        0x8 /home/jose/NXP/S32DS_ARM_v2018.R1/S32DS/arm_ewl2/lib/armv7e-m/libsupc++.a(si_class_type_info.o)
 .ARM.exidx.text._ZNSt9type_infoD2Ev
                0x00003fcc        0x8 /home/jose/NXP/S32DS_ARM_v2018.R1/S32DS/arm_ewl2/lib/armv7e-m/libsupc++.a(tinfo.o)
 .ARM.exidx.text._ZNKSt9type_info14__is_pointer_pEv
                0x00003fd4        0x0 /home/jose/NXP/S32DS_ARM_v2018.R1/S32DS/arm_ewl2/lib/armv7e-m/libsupc++.a(tinfo.o)
                                  0x8 (size before relaxing)
 .ARM.exidx.text._ZNKSt9type_info15__is_function_pEv
                0x00003fd4        0x0 /home/jose/NXP/S32DS_ARM_v2018.R1/S32DS/arm_ewl2/lib/armv7e-m/libsupc++.a(tinfo.o)
                                  0x8 (size before relaxing)
 .ARM.exidx.text._ZNKSt9type_infoeqERKS_
                0x00003fd4        0x0 /home/jose/NXP/S32DS_ARM_v2018.R1/S32DS/arm_ewl2/lib/armv7e-m/libsupc++.a(tinfo.o)
                                  0x8 (size before relaxing)
                0x00003fd4                __exidx_end = .

.rel.dyn        0x00003fd4        0x0
 .rel.iplt      0x00000000        0x0 /home/jose/NXP/S32DS_ARM_v2018.R1/S32DS/arm_ewl2/lib/armv7e-m/__arm_start.o

.ctors          0x00003fd4        0x0
                0x00003fd4                __CTOR_LIST__ = .
 *crtbegin.o(.ctors)
 *crtbegin?.o(.ctors)
 *(EXCLUDE_FILE(*crtend.o *crtend?.o) .ctors)
 *(SORT(.ctors.*))
 *(.ctors)
                0x00003fd4                __CTOR_END__ = .

.dtors          0x00003fd4        0x0
                0x00003fd4                __DTOR_LIST__ = .
 *crtbegin.o(.dtors)
 *crtbegin?.o(.dtors)
 *(EXCLUDE_FILE(*crtend.o *crtend?.o) .dtors)
 *(SORT(.dtors.*))
 *(.dtors)
                0x00003fd4                __DTOR_END__ = .

.preinit_array  0x00003fd4        0x0
                0x00003fd4                PROVIDE (__preinit_array_start, .)
 *(.preinit_array*)
                0x00003fd4                PROVIDE (__preinit_array_end, .)

.init_array     0x00003fd4        0x0
                0x00003fd4                PROVIDE (__init_array_start, .)
 *(SORT(.init_array.*))
 *(.init_array*)
                0x00003fd4                PROVIDE (__init_array_end, .)

.fini_array     0x00003fd4        0x0
                0x00003fd4                PROVIDE (__fini_array_start, .)
 *(SORT(.fini_array.*))
 *(.fini_array*)
                0x00003fd4                PROVIDE (__fini_array_end, .)
                0x00003fd4                __etext = .
                0x00003fd4                __DATA_ROM = .

.interrupts_ram
                0x1ffe0000      0x400
                0x1ffe0000                . = ALIGN (0x4)
                0x1ffe0000                __VECTOR_RAM__ = .
                0x1ffe0000                __interrupts_ram_start__ = .
 *(.m_interrupts_ram)
                0x1ffe0400                . = (. + M_VECTOR_RAM_SIZE)
 *fill*         0x1ffe0000      0x400 
                0x1ffe0400                . = ALIGN (0x4)
                0x1ffe0400                __interrupts_ram_end__ = .
                0x1ffe0000                __VECTOR_RAM = DEFINED (__flash_vector_table__)?ORIGIN (m_interrupts):__VECTOR_RAM__
                0x00000400                __RAM_VECTOR_TABLE_SIZE = DEFINED (__flash_vector_table__)?0x0:(__interrupts_ram_end__ - __interrupts_ram_start__)

.data           0x1ffe0400        0x8 load address 0x00003fd4
                0x1ffe0400                . = ALIGN (0x4)
                0x1ffe0400                __DATA_RAM = .
                0x1ffe0400                __data_start__ = .
 *(.data)
 *(.data*)
 .data.tail     0x1ffe0400        0x4 /home/jose/NXP/S32DS_ARM_v2018.R1/S32DS/arm_ewl2/lib/armv7e-m/libc99.a(alloc.o)
 .data._ZN10__cxxabiv119__terminate_handlerE
                0x1ffe0404        0x4 /home/jose/NXP/S32DS_ARM_v2018.R1/S32DS/arm_ewl2/lib/armv7e-m/librt.a(cxxabi_terminate_override.o)
                0x1ffe0404                __cxxabiv1::__terminate_handler
 *(.jcr*)
                0x1ffe0408                . = ALIGN (0x4)
                0x1ffe0408                __data_end__ = .
                0x00003fdc                __DATA_END = (__DATA_ROM + (__data_end__ - __data_start__))
                0x00003fdc                __CODE_ROM = __DATA_END

.igot.plt       0x1ffe0408        0x0 load address 0x00003fdc
 .igot.plt      0x00000000        0x0 /home/jose/NXP/S32DS_ARM_v2018.R1/S32DS/arm_ewl2/lib/armv7e-m/__arm_start.o

.code           0x1ffe0408        0x0 load address 0x00003fdc
                0x1ffe0408                . = ALIGN (0x4)
                0x1ffe0408                __CODE_RAM = .
                0x1ffe0408                __code_start__ = .
 *(.code_ram)
                0x1ffe0408                . = ALIGN (0x4)
                0x1ffe0408                __code_end__ = .
                0x00003fdc                __CODE_END = (__CODE_ROM + (__code_end__ - __code_start__))

.customSectionBlock
 *(.customSection)

.bss            0x20000000       0x38
                0x20000000                . = ALIGN (0x4)
                0x20000000                __BSS_START = .
                0x20000000                __bss_start__ = .
 *(.bss)
 *(.bss*)
 .bss.overflow  0x20000000        0x4 ./src/ross_files/s32k148_time.o
 .bss.lptmr_callback
                0x20000004        0x4 ./src/drivers/lptmr.o
 .bss.head      0x20000008        0x4 /home/jose/NXP/S32DS_ARM_v2018.R1/S32DS/arm_ewl2/lib/armv7e-m/libc99.a(alloc.o)
 .bss.heap_end.4311
                0x2000000c        0x4 /home/jose/NXP/S32DS_ARM_v2018.R1/S32DS/arm_ewl2/lib/armv7e-m/libc99.a(alloc.o)
 .bss.__stdio_exit
                0x20000010        0x4 /home/jose/NXP/S32DS_ARM_v2018.R1/S32DS/arm_ewl2/lib/armv7e-m/libc99.a(exit.o)
                0x20000010                __stdio_exit
 .bss.__console_exit
                0x20000014        0x4 /home/jose/NXP/S32DS_ARM_v2018.R1/S32DS/arm_ewl2/lib/armv7e-m/libc99.a(exit.o)
                0x20000014                __console_exit
 .bss.__global_destructor_chain
                0x20000018        0x4 /home/jose/NXP/S32DS_ARM_v2018.R1/S32DS/arm_ewl2/lib/armv7e-m/librt.a(__arm_eabi_init.o)
                0x20000018                __global_destructor_chain
 *(COMMON)
 COMMON         0x2000001c       0x1c /home/jose/NXP/S32DS_ARM_v2018.R1/S32DS/arm_ewl2/lib/armv7e-m/libc99.a(signal.o)
                0x2000001c                signal_funcs
                0x20000038                . = ALIGN (0x4)
                0x20000038                __bss_end__ = .
                0x20000038                __BSS_END = .

.heap           0x20000038      0x400
                0x20000038                . = ALIGN (0x8)
                0x20000038                __end__ = .
                0x20000038                PROVIDE (end, .)
                0x20000038                PROVIDE (_end, .)
                0x20000038                PROVIDE (__end, .)
                0x20000038                __HeapBase = .
                0x20000438                . = (. + HEAP_SIZE)
 *fill*         0x20000038      0x400 
                0x20000438                __HeapLimit = .
                0x20000438                __heap_limit = .

.stack          0x20000438      0x400
                0x20000438                . = ALIGN (0x8)
                0x20000838                . = (. + STACK_SIZE)
 *fill*         0x20000438      0x400 
                0x2001f000                __StackTop = (ORIGIN (m_data_2) + 0x1f000)
                0x2001ec00                __StackLimit = (__StackTop - STACK_SIZE)
                0x2001f000                PROVIDE (__stack, __StackTop)

.ARM.attributes
                0x00000000       0x31
 *(.ARM.attributes)
 .ARM.attributes
                0x00000000       0x33 ./src/ross_files/s32k148_uart.o
 .ARM.attributes
                0x00000033       0x33 ./src/ross_files/s32k148_time.o
 .ARM.attributes
                0x00000066       0x33 ./src/ross_files/ros_lib/time.o
 .ARM.attributes
                0x00000099       0x33 ./src/drivers/lpuart.o
 .ARM.attributes
                0x000000cc       0x33 ./src/drivers/lptmr.o
 .ARM.attributes
                0x000000ff       0x33 ./src/main.o
 .ARM.attributes
                0x00000132       0x33 ./src/clocks_and_modes.o
 .ARM.attributes
                0x00000165       0x33 ./Project_Settings/Startup_Code/system_S32K148.o
 .ARM.attributes
                0x00000198       0x1b ./Project_Settings/Startup_Code/startup_S32K148.o
 .ARM.attributes
                0x000001b3       0x33 ./Project_Settings/Startup_Code/startup.o
 .ARM.attributes
                0x000001e6       0x33 /home/jose/NXP/S32DS_ARM_v2018.R1/S32DS/arm_ewl2/lib/armv7e-m/libc99.a(alloc.o)
 .ARM.attributes
                0x00000219       0x33 /home/jose/NXP/S32DS_ARM_v2018.R1/S32DS/arm_ewl2/lib/armv7e-m/libc99.a(exit.o)
 .ARM.attributes
                0x0000024c       0x33 /home/jose/NXP/S32DS_ARM_v2018.R1/S32DS/arm_ewl2/lib/armv7e-m/libc99.a(memcpy.o)
 .ARM.attributes
                0x0000027f       0x33 /home/jose/NXP/S32DS_ARM_v2018.R1/S32DS/arm_ewl2/lib/armv7e-m/libc99.a(strlen.o)
 .ARM.attributes
                0x000002b2       0x2e /home/jose/NXP/S32DS_ARM_v2018.R1/Cross_Tools/gcc-arm-none-eabi-4_9/bin/../lib/gcc/arm-none-eabi/4.9.3/armv7e-m/libgcc.a(unwind-arm.o)
 .ARM.attributes
                0x000002e0       0x1e /home/jose/NXP/S32DS_ARM_v2018.R1/Cross_Tools/gcc-arm-none-eabi-4_9/bin/../lib/gcc/arm-none-eabi/4.9.3/armv7e-m/libgcc.a(libunwind.o)
 .ARM.attributes
                0x000002fe       0x2e /home/jose/NXP/S32DS_ARM_v2018.R1/Cross_Tools/gcc-arm-none-eabi-4_9/bin/../lib/gcc/arm-none-eabi/4.9.3/armv7e-m/libgcc.a(pr-support.o)
 .ARM.attributes
                0x0000032c       0x33 /home/jose/NXP/S32DS_ARM_v2018.R1/S32DS/arm_ewl2/lib/armv7e-m/librt.a(gcc_ctor_dtor.o)
 .ARM.attributes
                0x0000035f       0x33 /home/jose/NXP/S32DS_ARM_v2018.R1/S32DS/arm_ewl2/lib/armv7e-m/librt.a(__arm_eabi_init.o)
 .ARM.attributes
                0x00000392       0x33 /home/jose/NXP/S32DS_ARM_v2018.R1/S32DS/arm_ewl2/lib/armv7e-m/librt.a(cxxabi_terminate_override.o)
 .ARM.attributes
                0x000003c5       0x2e /home/jose/NXP/S32DS_ARM_v2018.R1/S32DS/arm_ewl2/lib/armv7e-m/libsupc++.a(class_type_info.o)
 .ARM.attributes
                0x000003f3       0x2e /home/jose/NXP/S32DS_ARM_v2018.R1/S32DS/arm_ewl2/lib/armv7e-m/libsupc++.a(del_op.o)
 .ARM.attributes
                0x00000421       0x2e /home/jose/NXP/S32DS_ARM_v2018.R1/S32DS/arm_ewl2/lib/armv7e-m/libsupc++.a(si_class_type_info.o)
 .ARM.attributes
                0x0000044f       0x2e /home/jose/NXP/S32DS_ARM_v2018.R1/S32DS/arm_ewl2/lib/armv7e-m/libsupc++.a(tinfo.o)
 .ARM.attributes
                0x0000047d       0x33 /home/jose/NXP/S32DS_ARM_v2018.R1/S32DS/arm_ewl2/lib/armv7e-m/libc99.a(abort.o)
 .ARM.attributes
                0x000004b0       0x33 /home/jose/NXP/S32DS_ARM_v2018.R1/S32DS/arm_ewl2/lib/armv7e-m/libc99.a(strcmp.o)
 .ARM.attributes
                0x000004e3       0x33 /home/jose/NXP/S32DS_ARM_v2018.R1/S32DS/arm_ewl2/lib/armv7e-m/libc99.a(raise.o)
 .ARM.attributes
                0x00000516       0x33 /home/jose/NXP/S32DS_ARM_v2018.R1/S32DS/arm_ewl2/lib/armv7e-m/libc99.a(signal.o)
                0x00000001                ASSERT ((__StackLimit >= __HeapLimit), region m_data_2 overflowed with stack and heap)
OUTPUT(S32K148_ross_test.elf elf32-littlearm)

.debug_info     0x00000000     0x62b4
 .debug_info    0x00000000      0x2b1 ./src/ross_files/s32k148_uart.o
 .debug_info    0x000002b1      0x5b1 ./src/ross_files/s32k148_time.o
 .debug_info    0x00000862      0x7d8 ./src/ross_files/ros_lib/time.o
 .debug_info    0x0000103a      0x21b ./src/drivers/lpuart.o
 .debug_info    0x00001255      0x17b ./src/drivers/lptmr.o
 .debug_info    0x000013d0     0x32f2 ./src/main.o
 .debug_info    0x000046c2      0x269 ./src/clocks_and_modes.o
 .debug_info    0x0000492b      0x63e ./Project_Settings/Startup_Code/system_S32K148.o
 .debug_info    0x00004f69       0x91 ./Project_Settings/Startup_Code/startup_S32K148.o
 .debug_info    0x00004ffa      0x41d ./Project_Settings/Startup_Code/startup.o
 .debug_info    0x00005417      0x33e /home/jose/NXP/S32DS_ARM_v2018.R1/S32DS/arm_ewl2/lib/armv7e-m/libc99.a(alloc.o)
 .debug_info    0x00005755      0x111 /home/jose/NXP/S32DS_ARM_v2018.R1/S32DS/arm_ewl2/lib/armv7e-m/libc99.a(exit.o)
 .debug_info    0x00005866      0x111 /home/jose/NXP/S32DS_ARM_v2018.R1/S32DS/arm_ewl2/lib/armv7e-m/libc99.a(memcpy.o)
 .debug_info    0x00005977       0xeb /home/jose/NXP/S32DS_ARM_v2018.R1/S32DS/arm_ewl2/lib/armv7e-m/libc99.a(strlen.o)
 .debug_info    0x00005a62      0x14a /home/jose/NXP/S32DS_ARM_v2018.R1/S32DS/arm_ewl2/lib/armv7e-m/librt.a(gcc_ctor_dtor.o)
 .debug_info    0x00005bac      0x2b3 /home/jose/NXP/S32DS_ARM_v2018.R1/S32DS/arm_ewl2/lib/armv7e-m/librt.a(__arm_eabi_init.o)
 .debug_info    0x00005e5f       0x62 /home/jose/NXP/S32DS_ARM_v2018.R1/S32DS/arm_ewl2/lib/armv7e-m/librt.a(cxxabi_terminate_override.o)
 .debug_info    0x00005ec1       0xb2 /home/jose/NXP/S32DS_ARM_v2018.R1/S32DS/arm_ewl2/lib/armv7e-m/libc99.a(abort.o)
 .debug_info    0x00005f73      0x115 /home/jose/NXP/S32DS_ARM_v2018.R1/S32DS/arm_ewl2/lib/armv7e-m/libc99.a(strcmp.o)
 .debug_info    0x00006088      0x108 /home/jose/NXP/S32DS_ARM_v2018.R1/S32DS/arm_ewl2/lib/armv7e-m/libc99.a(raise.o)
 .debug_info    0x00006190      0x124 /home/jose/NXP/S32DS_ARM_v2018.R1/S32DS/arm_ewl2/lib/armv7e-m/libc99.a(signal.o)

.debug_abbrev   0x00000000     0x17e6
 .debug_abbrev  0x00000000       0xfa ./src/ross_files/s32k148_uart.o
 .debug_abbrev  0x000000fa      0x112 ./src/ross_files/s32k148_time.o
 .debug_abbrev  0x0000020c      0x215 ./src/ross_files/ros_lib/time.o
 .debug_abbrev  0x00000421       0xeb ./src/drivers/lpuart.o
 .debug_abbrev  0x0000050c       0xf8 ./src/drivers/lptmr.o
 .debug_abbrev  0x00000604      0x6ae ./src/main.o
 .debug_abbrev  0x00000cb2       0xc2 ./src/clocks_and_modes.o
 .debug_abbrev  0x00000d74      0x118 ./Project_Settings/Startup_Code/system_S32K148.o
 .debug_abbrev  0x00000e8c       0x14 ./Project_Settings/Startup_Code/startup_S32K148.o
 .debug_abbrev  0x00000ea0      0x101 ./Project_Settings/Startup_Code/startup.o
 .debug_abbrev  0x00000fa1      0x18d /home/jose/NXP/S32DS_ARM_v2018.R1/S32DS/arm_ewl2/lib/armv7e-m/libc99.a(alloc.o)
 .debug_abbrev  0x0000112e       0x91 /home/jose/NXP/S32DS_ARM_v2018.R1/S32DS/arm_ewl2/lib/armv7e-m/libc99.a(exit.o)
 .debug_abbrev  0x000011bf       0x95 /home/jose/NXP/S32DS_ARM_v2018.R1/S32DS/arm_ewl2/lib/armv7e-m/libc99.a(memcpy.o)
 .debug_abbrev  0x00001254       0x7a /home/jose/NXP/S32DS_ARM_v2018.R1/S32DS/arm_ewl2/lib/armv7e-m/libc99.a(strlen.o)
 .debug_abbrev  0x000012ce       0xae /home/jose/NXP/S32DS_ARM_v2018.R1/S32DS/arm_ewl2/lib/armv7e-m/librt.a(gcc_ctor_dtor.o)
 .debug_abbrev  0x0000137c      0x1d3 /home/jose/NXP/S32DS_ARM_v2018.R1/S32DS/arm_ewl2/lib/armv7e-m/librt.a(__arm_eabi_init.o)
 .debug_abbrev  0x0000154f       0x55 /home/jose/NXP/S32DS_ARM_v2018.R1/S32DS/arm_ewl2/lib/armv7e-m/librt.a(cxxabi_terminate_override.o)
 .debug_abbrev  0x000015a4       0x5c /home/jose/NXP/S32DS_ARM_v2018.R1/S32DS/arm_ewl2/lib/armv7e-m/libc99.a(abort.o)
 .debug_abbrev  0x00001600       0x7a /home/jose/NXP/S32DS_ARM_v2018.R1/S32DS/arm_ewl2/lib/armv7e-m/libc99.a(strcmp.o)
 .debug_abbrev  0x0000167a       0xa6 /home/jose/NXP/S32DS_ARM_v2018.R1/S32DS/arm_ewl2/lib/armv7e-m/libc99.a(raise.o)
 .debug_abbrev  0x00001720       0xc6 /home/jose/NXP/S32DS_ARM_v2018.R1/S32DS/arm_ewl2/lib/armv7e-m/libc99.a(signal.o)

.debug_aranges  0x00000000      0x4f8
 .debug_aranges
                0x00000000       0x30 ./src/ross_files/s32k148_uart.o
 .debug_aranges
                0x00000030       0x38 ./src/ross_files/s32k148_time.o
 .debug_aranges
                0x00000068       0x20 ./src/ross_files/ros_lib/time.o
 .debug_aranges
                0x00000088       0x30 ./src/drivers/lpuart.o
 .debug_aranges
                0x000000b8       0x28 ./src/drivers/lptmr.o
 .debug_aranges
                0x000000e0      0x1b0 ./src/main.o
 .debug_aranges
                0x00000290       0x30 ./src/clocks_and_modes.o
 .debug_aranges
                0x000002c0       0x30 ./Project_Settings/Startup_Code/system_S32K148.o
 .debug_aranges
                0x000002f0       0x20 ./Project_Settings/Startup_Code/startup_S32K148.o
 .debug_aranges
                0x00000310       0x20 ./Project_Settings/Startup_Code/startup.o
 .debug_aranges
                0x00000330       0x40 /home/jose/NXP/S32DS_ARM_v2018.R1/S32DS/arm_ewl2/lib/armv7e-m/libc99.a(alloc.o)
 .debug_aranges
                0x00000370       0x28 /home/jose/NXP/S32DS_ARM_v2018.R1/S32DS/arm_ewl2/lib/armv7e-m/libc99.a(exit.o)
 .debug_aranges
                0x00000398       0x20 /home/jose/NXP/S32DS_ARM_v2018.R1/S32DS/arm_ewl2/lib/armv7e-m/libc99.a(memcpy.o)
 .debug_aranges
                0x000003b8       0x20 /home/jose/NXP/S32DS_ARM_v2018.R1/S32DS/arm_ewl2/lib/armv7e-m/libc99.a(strlen.o)
 .debug_aranges
                0x000003d8       0x30 /home/jose/NXP/S32DS_ARM_v2018.R1/S32DS/arm_ewl2/lib/armv7e-m/librt.a(gcc_ctor_dtor.o)
 .debug_aranges
                0x00000408       0x58 /home/jose/NXP/S32DS_ARM_v2018.R1/S32DS/arm_ewl2/lib/armv7e-m/librt.a(__arm_eabi_init.o)
 .debug_aranges
                0x00000460       0x18 /home/jose/NXP/S32DS_ARM_v2018.R1/S32DS/arm_ewl2/lib/armv7e-m/librt.a(cxxabi_terminate_override.o)
 .debug_aranges
                0x00000478       0x20 /home/jose/NXP/S32DS_ARM_v2018.R1/S32DS/arm_ewl2/lib/armv7e-m/libc99.a(abort.o)
 .debug_aranges
                0x00000498       0x20 /home/jose/NXP/S32DS_ARM_v2018.R1/S32DS/arm_ewl2/lib/armv7e-m/libc99.a(strcmp.o)
 .debug_aranges
                0x000004b8       0x20 /home/jose/NXP/S32DS_ARM_v2018.R1/S32DS/arm_ewl2/lib/armv7e-m/libc99.a(raise.o)
 .debug_aranges
                0x000004d8       0x20 /home/jose/NXP/S32DS_ARM_v2018.R1/S32DS/arm_ewl2/lib/armv7e-m/libc99.a(signal.o)

.debug_ranges   0x00000000      0x288
 .debug_ranges  0x00000000       0x20 ./src/ross_files/s32k148_uart.o
 .debug_ranges  0x00000020       0x28 ./src/ross_files/s32k148_time.o
 .debug_ranges  0x00000048       0x20 ./src/drivers/lpuart.o
 .debug_ranges  0x00000068       0x18 ./src/drivers/lptmr.o
 .debug_ranges  0x00000080      0x1b8 ./src/main.o
 .debug_ranges  0x00000238       0x20 ./src/clocks_and_modes.o
 .debug_ranges  0x00000258       0x20 ./Project_Settings/Startup_Code/system_S32K148.o
 .debug_ranges  0x00000278       0x10 ./Project_Settings/Startup_Code/startup.o

.debug_macro    0x00000000    0x390aa
 .debug_macro   0x00000000      0x103 ./src/ross_files/s32k148_uart.o
 .debug_macro   0x00000103      0x868 ./src/ross_files/s32k148_uart.o
 .debug_macro   0x0000096b       0x52 ./src/ross_files/s32k148_uart.o
 .debug_macro   0x000009bd       0xa0 ./src/ross_files/s32k148_uart.o
 .debug_macro   0x00000a5d       0x16 ./src/ross_files/s32k148_uart.o
 .debug_macro   0x00000a73       0x16 ./src/ross_files/s32k148_uart.o
 .debug_macro   0x00000a89       0x64 ./src/ross_files/s32k148_uart.o
 .debug_macro   0x00000aed      0x185 ./src/ross_files/s32k148_uart.o
 .debug_macro   0x00000c72      0x140 ./src/ross_files/s32k148_uart.o
 .debug_macro   0x00000db2       0x9d ./src/ross_files/s32k148_uart.o
 .debug_macro   0x00000e4f       0x10 ./src/ross_files/s32k148_uart.o
 .debug_macro   0x00000e5f      0x15b ./src/ross_files/s32k148_uart.o
 .debug_macro   0x00000fba       0x28 ./src/ross_files/s32k148_uart.o
 .debug_macro   0x00000fe2       0x58 ./src/ross_files/s32k148_uart.o
 .debug_macro   0x0000103a    0x11ce7 ./src/ross_files/s32k148_uart.o
 .debug_macro   0x00012d21       0x10 ./src/ross_files/s32k148_uart.o
 .debug_macro   0x00012d31       0x6d ./src/ross_files/s32k148_uart.o
 .debug_macro   0x00012d9e      0xb08 ./src/ross_files/s32k148_uart.o
 .debug_macro   0x000138a6       0x22 ./src/ross_files/s32k148_uart.o
 .debug_macro   0x000138c8       0xf8 ./src/ross_files/s32k148_time.o
 .debug_macro   0x000139c0    0x11cf9 ./src/ross_files/s32k148_time.o
 .debug_macro   0x000256b9      0x13a ./src/ross_files/ros_lib/time.o
 .debug_macro   0x000257f3      0x898 ./src/ross_files/ros_lib/time.o
 .debug_macro   0x0002608b      0x18c ./src/ross_files/ros_lib/time.o
 .debug_macro   0x00026217      0x14e ./src/ross_files/ros_lib/time.o
 .debug_macro   0x00026365       0x28 ./src/ross_files/ros_lib/time.o
 .debug_macro   0x0002638d       0x16 ./src/ross_files/ros_lib/time.o
 .debug_macro   0x000263a3       0xd6 ./src/ross_files/ros_lib/time.o
 .debug_macro   0x00026479       0x80 ./src/ross_files/ros_lib/time.o
 .debug_macro   0x000264f9      0x18e ./src/ross_files/ros_lib/time.o
 .debug_macro   0x00026687       0xac ./src/ross_files/ros_lib/time.o
 .debug_macro   0x00026733       0x10 ./src/ross_files/ros_lib/time.o
 .debug_macro   0x00026743      0x11f ./src/ross_files/ros_lib/time.o
 .debug_macro   0x00026862      0x193 ./src/ross_files/ros_lib/time.o
 .debug_macro   0x000269f5       0x58 ./src/ross_files/ros_lib/time.o
 .debug_macro   0x00026a4d       0xe9 ./src/drivers/lpuart.o
 .debug_macro   0x00026b36       0xe9 ./src/drivers/lptmr.o
 .debug_macro   0x00026c1f      0x278 ./src/main.o
 .debug_macro   0x00026e97       0x16 ./src/main.o
 .debug_macro   0x00026ead       0x16 ./src/main.o
 .debug_macro   0x00026ec3       0x10 ./src/main.o
 .debug_macro   0x00026ed3       0x2e ./src/main.o
 .debug_macro   0x00026f01       0x16 ./src/main.o
 .debug_macro   0x00026f17    0x11cf9 ./src/main.o
 .debug_macro   0x00038c10      0x194 ./src/main.o
 .debug_macro   0x00038da4       0x58 ./src/main.o
 .debug_macro   0x00038dfc       0xaf ./src/clocks_and_modes.o
 .debug_macro   0x00038eab       0xe8 ./Project_Settings/Startup_Code/system_S32K148.o
 .debug_macro   0x00038f93       0x2e ./Project_Settings/Startup_Code/system_S32K148.o
 .debug_macro   0x00038fc1       0xe9 ./Project_Settings/Startup_Code/startup.o

.debug_line     0x00000000     0x28d3
 .debug_line    0x00000000      0x291 ./src/ross_files/s32k148_uart.o
 .debug_line    0x00000291      0x2a1 ./src/ross_files/s32k148_time.o
 .debug_line    0x00000532      0x326 ./src/ross_files/ros_lib/time.o
 .debug_line    0x00000858      0x269 ./src/drivers/lpuart.o
 .debug_line    0x00000ac1      0x249 ./src/drivers/lptmr.o
 .debug_line    0x00000d0a      0xce9 ./src/main.o
 .debug_line    0x000019f3      0x23d ./src/clocks_and_modes.o
 .debug_line    0x00001c30      0x2b1 ./Project_Settings/Startup_Code/system_S32K148.o
 .debug_line    0x00001ee1       0x83 ./Project_Settings/Startup_Code/startup_S32K148.o
 .debug_line    0x00001f64      0x27a ./Project_Settings/Startup_Code/startup.o
 .debug_line    0x000021de      0x15d /home/jose/NXP/S32DS_ARM_v2018.R1/S32DS/arm_ewl2/lib/armv7e-m/libc99.a(alloc.o)
 .debug_line    0x0000233b       0xa4 /home/jose/NXP/S32DS_ARM_v2018.R1/S32DS/arm_ewl2/lib/armv7e-m/libc99.a(exit.o)
 .debug_line    0x000023df       0x88 /home/jose/NXP/S32DS_ARM_v2018.R1/S32DS/arm_ewl2/lib/armv7e-m/libc99.a(memcpy.o)
 .debug_line    0x00002467       0x84 /home/jose/NXP/S32DS_ARM_v2018.R1/S32DS/arm_ewl2/lib/armv7e-m/libc99.a(strlen.o)
 .debug_line    0x000024eb       0x74 /home/jose/NXP/S32DS_ARM_v2018.R1/S32DS/arm_ewl2/lib/armv7e-m/librt.a(gcc_ctor_dtor.o)
 .debug_line    0x0000255f      0x107 /home/jose/NXP/S32DS_ARM_v2018.R1/S32DS/arm_ewl2/lib/armv7e-m/librt.a(__arm_eabi_init.o)
 .debug_line    0x00002666       0x66 /home/jose/NXP/S32DS_ARM_v2018.R1/S32DS/arm_ewl2/lib/armv7e-m/librt.a(cxxabi_terminate_override.o)
 .debug_line    0x000026cc       0x77 /home/jose/NXP/S32DS_ARM_v2018.R1/S32DS/arm_ewl2/lib/armv7e-m/libc99.a(abort.o)
 .debug_line    0x00002743       0x7c /home/jose/NXP/S32DS_ARM_v2018.R1/S32DS/arm_ewl2/lib/armv7e-m/libc99.a(strcmp.o)
 .debug_line    0x000027bf       0x8a /home/jose/NXP/S32DS_ARM_v2018.R1/S32DS/arm_ewl2/lib/armv7e-m/libc99.a(raise.o)
 .debug_line    0x00002849       0x8a /home/jose/NXP/S32DS_ARM_v2018.R1/S32DS/arm_ewl2/lib/armv7e-m/libc99.a(signal.o)

.debug_str      0x00000000    0x821e4
 .debug_str     0x00000000    0x7d2ac ./src/ross_files/s32k148_uart.o
                              0x7d35d (size before relaxing)
 .debug_str     0x0007d2ac      0x958 ./src/ross_files/s32k148_time.o
                              0x7db66 (size before relaxing)
 .debug_str     0x0007dc04     0x1e18 ./src/ross_files/ros_lib/time.o
                               0x55e0 (size before relaxing)
 .debug_str     0x0007fa1c       0x55 ./src/drivers/lpuart.o
                              0x7d2bb (size before relaxing)
 .debug_str     0x0007fa71       0x66 ./src/drivers/lptmr.o
                              0x7d277 (size before relaxing)
 .debug_str     0x0007fad7     0x1a30 ./src/main.o
                              0x7a6dc (size before relaxing)
 .debug_str     0x00081507       0xd1 ./src/clocks_and_modes.o
                              0x77609 (size before relaxing)
 .debug_str     0x000815d8      0x227 ./Project_Settings/Startup_Code/system_S32K148.o
                              0x7d4e2 (size before relaxing)
 .debug_str     0x000817ff      0x12f ./Project_Settings/Startup_Code/startup.o
                              0x7d3c3 (size before relaxing)
 .debug_str     0x0008192e      0x213 /home/jose/NXP/S32DS_ARM_v2018.R1/S32DS/arm_ewl2/lib/armv7e-m/libc99.a(alloc.o)
                                0x2df (size before relaxing)
 .debug_str     0x00081b41       0x35 /home/jose/NXP/S32DS_ARM_v2018.R1/S32DS/arm_ewl2/lib/armv7e-m/libc99.a(exit.o)
                                0x23c (size before relaxing)
 .debug_str     0x00081b76       0x1c /home/jose/NXP/S32DS_ARM_v2018.R1/S32DS/arm_ewl2/lib/armv7e-m/libc99.a(memcpy.o)
                                0x217 (size before relaxing)
 .debug_str     0x00081b92       0x24 /home/jose/NXP/S32DS_ARM_v2018.R1/S32DS/arm_ewl2/lib/armv7e-m/libc99.a(strlen.o)
                                0x21f (size before relaxing)
 .debug_str     0x00081bb6      0x285 /home/jose/NXP/S32DS_ARM_v2018.R1/S32DS/arm_ewl2/lib/armv7e-m/librt.a(gcc_ctor_dtor.o)
                                0x28e (size before relaxing)
 .debug_str     0x00081e3b      0x103 /home/jose/NXP/S32DS_ARM_v2018.R1/S32DS/arm_ewl2/lib/armv7e-m/librt.a(__arm_eabi_init.o)
                                0x2b5 (size before relaxing)
 .debug_str     0x00081f3e      0x204 /home/jose/NXP/S32DS_ARM_v2018.R1/S32DS/arm_ewl2/lib/armv7e-m/librt.a(cxxabi_terminate_override.o)
                                0x24d (size before relaxing)
 .debug_str     0x00082142       0x19 /home/jose/NXP/S32DS_ARM_v2018.R1/S32DS/arm_ewl2/lib/armv7e-m/libc99.a(abort.o)
                                0x21e (size before relaxing)
 .debug_str     0x0008215b       0x26 /home/jose/NXP/S32DS_ARM_v2018.R1/S32DS/arm_ewl2/lib/armv7e-m/libc99.a(strcmp.o)
                                0x231 (size before relaxing)
 .debug_str     0x00082181       0x38 /home/jose/NXP/S32DS_ARM_v2018.R1/S32DS/arm_ewl2/lib/armv7e-m/libc99.a(raise.o)
                                0x240 (size before relaxing)
 .debug_str     0x000821b9       0x2b /home/jose/NXP/S32DS_ARM_v2018.R1/S32DS/arm_ewl2/lib/armv7e-m/libc99.a(signal.o)
                                0x258 (size before relaxing)

.comment        0x00000000       0x70
 .comment       0x00000000       0x70 ./src/ross_files/s32k148_uart.o
                                 0x71 (size before relaxing)
 .comment       0x00000000       0x71 ./src/ross_files/s32k148_time.o
 .comment       0x00000000       0x71 ./src/ross_files/ros_lib/time.o
 .comment       0x00000000       0x71 ./src/drivers/lpuart.o
 .comment       0x00000000       0x71 ./src/drivers/lptmr.o
 .comment       0x00000000       0x71 ./src/main.o
 .comment       0x00000000       0x71 ./src/clocks_and_modes.o
 .comment       0x00000000       0x71 ./Project_Settings/Startup_Code/system_S32K148.o
 .comment       0x00000000       0x71 ./Project_Settings/Startup_Code/startup.o
 .comment       0x00000000       0x71 /home/jose/NXP/S32DS_ARM_v2018.R1/S32DS/arm_ewl2/lib/armv7e-m/libc99.a(alloc.o)
 .comment       0x00000000       0x71 /home/jose/NXP/S32DS_ARM_v2018.R1/S32DS/arm_ewl2/lib/armv7e-m/libc99.a(exit.o)
 .comment       0x00000000       0x71 /home/jose/NXP/S32DS_ARM_v2018.R1/S32DS/arm_ewl2/lib/armv7e-m/libc99.a(memcpy.o)
 .comment       0x00000000       0x71 /home/jose/NXP/S32DS_ARM_v2018.R1/S32DS/arm_ewl2/lib/armv7e-m/libc99.a(strlen.o)
 .comment       0x00000000       0x71 /home/jose/NXP/S32DS_ARM_v2018.R1/S32DS/arm_ewl2/lib/armv7e-m/librt.a(gcc_ctor_dtor.o)
 .comment       0x00000000       0x71 /home/jose/NXP/S32DS_ARM_v2018.R1/S32DS/arm_ewl2/lib/armv7e-m/librt.a(__arm_eabi_init.o)
 .comment       0x00000000       0x71 /home/jose/NXP/S32DS_ARM_v2018.R1/S32DS/arm_ewl2/lib/armv7e-m/librt.a(cxxabi_terminate_override.o)
 .comment       0x00000000       0x71 /home/jose/NXP/S32DS_ARM_v2018.R1/S32DS/arm_ewl2/lib/armv7e-m/libc99.a(abort.o)
 .comment       0x00000000       0x71 /home/jose/NXP/S32DS_ARM_v2018.R1/S32DS/arm_ewl2/lib/armv7e-m/libc99.a(strcmp.o)
 .comment       0x00000000       0x71 /home/jose/NXP/S32DS_ARM_v2018.R1/S32DS/arm_ewl2/lib/armv7e-m/libc99.a(raise.o)
 .comment       0x00000000       0x71 /home/jose/NXP/S32DS_ARM_v2018.R1/S32DS/arm_ewl2/lib/armv7e-m/libc99.a(signal.o)

.debug_frame    0x00000000     0x14c8
 .debug_frame   0x00000000       0x6c ./src/ross_files/s32k148_uart.o
 .debug_frame   0x0000006c       0x8c ./src/ross_files/s32k148_time.o
 .debug_frame   0x000000f8       0xa4 ./src/ross_files/ros_lib/time.o
 .debug_frame   0x0000019c       0x88 ./src/drivers/lpuart.o
 .debug_frame   0x00000224       0x54 ./src/drivers/lptmr.o
 .debug_frame   0x00000278      0x820 ./src/main.o
 .debug_frame   0x00000a98       0x70 ./src/clocks_and_modes.o
 .debug_frame   0x00000b08       0x80 ./Project_Settings/Startup_Code/system_S32K148.o
 .debug_frame   0x00000b88       0x38 ./Project_Settings/Startup_Code/startup.o
 .debug_frame   0x00000bc0       0x90 /home/jose/NXP/S32DS_ARM_v2018.R1/S32DS/arm_ewl2/lib/armv7e-m/libc99.a(alloc.o)
 .debug_frame   0x00000c50       0x3c /home/jose/NXP/S32DS_ARM_v2018.R1/S32DS/arm_ewl2/lib/armv7e-m/libc99.a(exit.o)
 .debug_frame   0x00000c8c       0x28 /home/jose/NXP/S32DS_ARM_v2018.R1/S32DS/arm_ewl2/lib/armv7e-m/libc99.a(memcpy.o)
 .debug_frame   0x00000cb4       0x20 /home/jose/NXP/S32DS_ARM_v2018.R1/S32DS/arm_ewl2/lib/armv7e-m/libc99.a(strlen.o)
 .debug_frame   0x00000cd4      0x2f4 /home/jose/NXP/S32DS_ARM_v2018.R1/Cross_Tools/gcc-arm-none-eabi-4_9/bin/../lib/gcc/arm-none-eabi/4.9.3/armv7e-m/libgcc.a(unwind-arm.o)
 .debug_frame   0x00000fc8      0x104 /home/jose/NXP/S32DS_ARM_v2018.R1/Cross_Tools/gcc-arm-none-eabi-4_9/bin/../lib/gcc/arm-none-eabi/4.9.3/armv7e-m/libgcc.a(pr-support.o)
 .debug_frame   0x000010cc       0x50 /home/jose/NXP/S32DS_ARM_v2018.R1/S32DS/arm_ewl2/lib/armv7e-m/librt.a(gcc_ctor_dtor.o)
 .debug_frame   0x0000111c       0xac /home/jose/NXP/S32DS_ARM_v2018.R1/S32DS/arm_ewl2/lib/armv7e-m/librt.a(__arm_eabi_init.o)
 .debug_frame   0x000011c8       0xdc /home/jose/NXP/S32DS_ARM_v2018.R1/S32DS/arm_ewl2/lib/armv7e-m/libsupc++.a(class_type_info.o)
 .debug_frame   0x000012a4       0x20 /home/jose/NXP/S32DS_ARM_v2018.R1/S32DS/arm_ewl2/lib/armv7e-m/libsupc++.a(del_op.o)
 .debug_frame   0x000012c4       0xd8 /home/jose/NXP/S32DS_ARM_v2018.R1/S32DS/arm_ewl2/lib/armv7e-m/libsupc++.a(si_class_type_info.o)
 .debug_frame   0x0000139c       0x94 /home/jose/NXP/S32DS_ARM_v2018.R1/S32DS/arm_ewl2/lib/armv7e-m/libsupc++.a(tinfo.o)
 .debug_frame   0x00001430       0x2c /home/jose/NXP/S32DS_ARM_v2018.R1/S32DS/arm_ewl2/lib/armv7e-m/libc99.a(abort.o)
 .debug_frame   0x0000145c       0x20 /home/jose/NXP/S32DS_ARM_v2018.R1/S32DS/arm_ewl2/lib/armv7e-m/libc99.a(strcmp.o)
 .debug_frame   0x0000147c       0x2c /home/jose/NXP/S32DS_ARM_v2018.R1/S32DS/arm_ewl2/lib/armv7e-m/libc99.a(raise.o)
 .debug_frame   0x000014a8       0x20 /home/jose/NXP/S32DS_ARM_v2018.R1/S32DS/arm_ewl2/lib/armv7e-m/libc99.a(signal.o)

.debug_loc      0x00000000      0x69e
 .debug_loc     0x00000000      0x2c3 /home/jose/NXP/S32DS_ARM_v2018.R1/S32DS/arm_ewl2/lib/armv7e-m/libc99.a(alloc.o)
 .debug_loc     0x000002c3       0x5d /home/jose/NXP/S32DS_ARM_v2018.R1/S32DS/arm_ewl2/lib/armv7e-m/libc99.a(exit.o)
 .debug_loc     0x00000320       0x77 /home/jose/NXP/S32DS_ARM_v2018.R1/S32DS/arm_ewl2/lib/armv7e-m/libc99.a(memcpy.o)