Archive member included because of file (symbol)

C:/NXP/S32DS_ARM_v2.0/S32DS/arm_ewl2/lib/armv7e-m\libc99.a(alloc.o)
                              ./src/main.o (realloc)
C:/NXP/S32DS_ARM_v2.0/S32DS/arm_ewl2/lib/armv7e-m\libc99.a(exit.o)
                              C:/NXP/S32DS_ARM_v2.0/S32DS/arm_ewl2/lib/armv7e-m/__arm_start.o (exit)
C:/NXP/S32DS_ARM_v2.0/S32DS/arm_ewl2/lib/armv7e-m\libc99.a(memcpy.o)
                              ./src/main.o (memcpy)
C:/NXP/S32DS_ARM_v2.0/S32DS/arm_ewl2/lib/armv7e-m\libc99.a(memset.o)
                              C:/NXP/S32DS_ARM_v2.0/S32DS/arm_ewl2/lib/armv7e-m/__arm_start.o (memset)
C:/NXP/S32DS_ARM_v2.0/S32DS/arm_ewl2/lib/armv7e-m\libc99.a(strlen.o)
                              ./src/main.o (strlen)
C:/NXP/S32DS_ARM_v2.0/S32DS/arm_ewl2/lib/armv7e-m\libc99.a(__filll_mem.o)
                              C:/NXP/S32DS_ARM_v2.0/S32DS/arm_ewl2/lib/armv7e-m\libc99.a(memset.o) (__fill_mem)
c:/nxp/s32ds_arm_v2.0/cross_tools/gcc-arm-none-eabi-4_9/bin/../lib/gcc/arm-none-eabi/4.9.3/armv7e-m\libgcc.a(_arm_addsubdf3.o)
                              ./src/ross_files/ros_lib/duration.o (__aeabi_i2d)
c:/nxp/s32ds_arm_v2.0/cross_tools/gcc-arm-none-eabi-4_9/bin/../lib/gcc/arm-none-eabi/4.9.3/armv7e-m\libgcc.a(_arm_muldivdf3.o)
                              ./src/ross_files/ros_lib/duration.o (__aeabi_dmul)
c:/nxp/s32ds_arm_v2.0/cross_tools/gcc-arm-none-eabi-4_9/bin/../lib/gcc/arm-none-eabi/4.9.3/armv7e-m\libgcc.a(_arm_fixdfsi.o)
                              ./src/ross_files/ros_lib/duration.o (__aeabi_d2iz)
c:/nxp/s32ds_arm_v2.0/cross_tools/gcc-arm-none-eabi-4_9/bin/../lib/gcc/arm-none-eabi/4.9.3/armv7e-m\libgcc.a(unwind-arm.o)
                              ./src/main.o (__aeabi_unwind_cpp_pr1)
c:/nxp/s32ds_arm_v2.0/cross_tools/gcc-arm-none-eabi-4_9/bin/../lib/gcc/arm-none-eabi/4.9.3/armv7e-m\libgcc.a(libunwind.o)
                              c:/nxp/s32ds_arm_v2.0/cross_tools/gcc-arm-none-eabi-4_9/bin/../lib/gcc/arm-none-eabi/4.9.3/armv7e-m\libgcc.a(unwind-arm.o) (restore_core_regs)
c:/nxp/s32ds_arm_v2.0/cross_tools/gcc-arm-none-eabi-4_9/bin/../lib/gcc/arm-none-eabi/4.9.3/armv7e-m\libgcc.a(pr-support.o)
                              c:/nxp/s32ds_arm_v2.0/cross_tools/gcc-arm-none-eabi-4_9/bin/../lib/gcc/arm-none-eabi/4.9.3/armv7e-m\libgcc.a(unwind-arm.o) (__gnu_unwind_execute)
C:/NXP/S32DS_ARM_v2.0/S32DS/arm_ewl2/lib/armv7e-m\librt.a(gcc_ctor_dtor.o)
                              C:/NXP/S32DS_ARM_v2.0/S32DS/arm_ewl2/lib/armv7e-m/__arm_start.o (__init_cpp)
C:/NXP/S32DS_ARM_v2.0/S32DS/arm_ewl2/lib/armv7e-m\librt.a(__arm_eabi_init.o)
                              C:/NXP/S32DS_ARM_v2.0/S32DS/arm_ewl2/lib/armv7e-m\libc99.a(exit.o) (__destroy_global_chain)
C:/NXP/S32DS_ARM_v2.0/S32DS/arm_ewl2/lib/armv7e-m\librt.a(ROMCopy.o)
                              C:/NXP/S32DS_ARM_v2.0/S32DS/arm_ewl2/lib/armv7e-m/__arm_start.o (__copy_rom_sections_to_ram)
C:/NXP/S32DS_ARM_v2.0/S32DS/arm_ewl2/lib/armv7e-m\librt.a(cxxabi_terminate_override.o)
                              (__cxxabiv1::__terminate_handler)
C:/NXP/S32DS_ARM_v2.0/S32DS/arm_ewl2/lib/armv7e-m\libsupc++.a(class_type_info.o)
                              ./src/main.o (vtable for __cxxabiv1::__class_type_info)
C:/NXP/S32DS_ARM_v2.0/S32DS/arm_ewl2/lib/armv7e-m\libsupc++.a(del_op.o)
                              C:/NXP/S32DS_ARM_v2.0/S32DS/arm_ewl2/lib/armv7e-m\libsupc++.a(class_type_info.o) (operator delete(void*))
C:/NXP/S32DS_ARM_v2.0/S32DS/arm_ewl2/lib/armv7e-m\libsupc++.a(si_class_type_info.o)
                              ./src/main.o (vtable for __cxxabiv1::__si_class_type_info)
C:/NXP/S32DS_ARM_v2.0/S32DS/arm_ewl2/lib/armv7e-m\libsupc++.a(tinfo.o)
                              C:/NXP/S32DS_ARM_v2.0/S32DS/arm_ewl2/lib/armv7e-m\libsupc++.a(class_type_info.o) (std::type_info::~type_info())
C:/NXP/S32DS_ARM_v2.0/S32DS/arm_ewl2/lib/armv7e-m\libc99.a(abort.o)
                              c:/nxp/s32ds_arm_v2.0/cross_tools/gcc-arm-none-eabi-4_9/bin/../lib/gcc/arm-none-eabi/4.9.3/armv7e-m\libgcc.a(unwind-arm.o) (abort)
C:/NXP/S32DS_ARM_v2.0/S32DS/arm_ewl2/lib/armv7e-m\libc99.a(strcmp.o)
                              C:/NXP/S32DS_ARM_v2.0/S32DS/arm_ewl2/lib/armv7e-m\libsupc++.a(tinfo.o) (strcmp)
C:/NXP/S32DS_ARM_v2.0/S32DS/arm_ewl2/lib/armv7e-m\libc99.a(raise.o)
                              C:/NXP/S32DS_ARM_v2.0/S32DS/arm_ewl2/lib/armv7e-m\libc99.a(abort.o) (raise)
C:/NXP/S32DS_ARM_v2.0/S32DS/arm_ewl2/lib/armv7e-m\libc99.a(signal.o)
                              C:/NXP/S32DS_ARM_v2.0/S32DS/arm_ewl2/lib/armv7e-m\libc99.a(raise.o) (signal_funcs)
C:/NXP/S32DS_ARM_v2.0/S32DS/arm_ewl2/lib/armv7e-m\libc99.a(errno.o)
                              C:/NXP/S32DS_ARM_v2.0/S32DS/arm_ewl2/lib/armv7e-m\libc99.a(signal.o) (errno)

Allocating common symbols
Common symbol       size              file

signal_funcs        0x1c              C:/NXP/S32DS_ARM_v2.0/S32DS/arm_ewl2/lib/armv7e-m\libc99.a(signal.o)
[...]
Memory Configuration

Name             Origin             Length             Attributes
m_interrupts     0x00000000         0x00000400         xr
m_flash_config   0x00000400         0x00000010         xr
m_text           0x00000410         0x0017fbf0         xr
m_data           0x1ffe0000         0x00020000         rw
m_data_2         0x20000000         0x0001f000         rw
*default*        0x00000000         0xffffffff

Linker script and memory map

LOAD C:/NXP/S32DS_ARM_v2.0/S32DS/arm_ewl2/lib/armv7e-m/__arm_start.o
LOAD ./src/ross_files/s32k148_uart.o
LOAD ./src/ross_files/s32k148_time.o
LOAD ./src/ross_files/ros_lib/time.o
LOAD ./src/ross_files/ros_lib/duration.o
LOAD ./src/main.o
LOAD ./src/drivers/lptmr.o
LOAD ./Project_Settings/Startup_Code/system_S32K148.o
LOAD ./Project_Settings/Startup_Code/startup_S32K148.o
LOAD ./Project_Settings/Startup_Code/startup.o
LOAD C:/NXP/S32DS_ARM_v2.0/S32DS/arm_ewl2/lib/armv7e-m\libstdc++.a
LOAD C:/NXP/S32DS_ARM_v2.0/S32DS/arm_ewl2/lib/armv7e-m\libm.a
START GROUP
LOAD C:/NXP/S32DS_ARM_v2.0/S32DS/arm_ewl2/lib/armv7e-m\libc99.a
LOAD C:/NXP/S32DS_ARM_v2.0/S32DS/arm_ewl2/lib/armv7e-m\libstdc++.a
LOAD C:/NXP/S32DS_ARM_v2.0/S32DS/arm_ewl2/lib/armv7e-m\libm.a
LOAD c:/nxp/s32ds_arm_v2.0/cross_tools/gcc-arm-none-eabi-4_9/bin/../lib/gcc/arm-none-eabi/4.9.3/armv7e-m\libgcc.a
LOAD C:/NXP/S32DS_ARM_v2.0/S32DS/arm_ewl2/lib/armv7e-m\librt.a
LOAD C:/NXP/S32DS_ARM_v2.0/S32DS/arm_ewl2/lib/armv7e-m\libsupc++.a
END GROUP
LOAD C:/NXP/S32DS_ARM_v2.0/S32DS/arm_ewl2/lib/armv7e-m/__arm_end.o
                0x00000400                HEAP_SIZE = DEFINED (__heap_size__)?__heap_size__:0x400
                0x00000400                STACK_SIZE = DEFINED (__stack_size__)?__stack_size__:0x400
                0x00000400                M_VECTOR_RAM_SIZE = DEFINED (__flash_vector_table__)?0x0:0x400

.interrupts     0x00000000      0x400
                0x00000000                __VECTOR_TABLE = .
                0x00000000                . = ALIGN (0x4)
 *(.isr_vector)
 .isr_vector    0x00000000      0x400 ./Project_Settings/Startup_Code/startup_S32K148.o
                0x00000000                __isr_vector
                0x00000400                . = ALIGN (0x4)

.flash_config   0x00000400       0x10
                0x00000400                . = ALIGN (0x4)
 *(.FlashConfig)
 .FlashConfig   0x00000400       0x10 ./Project_Settings/Startup_Code/startup_S32K148.o
                0x00000410                . = ALIGN (0x4)

.text           0x00000410     0x3328
                0x00000410                . = ALIGN (0x4)
 *(.text)
 .text          0x00000410       0x44 ./Project_Settings/Startup_Code/startup_S32K148.o
                0x00000410                Reset_Handler
                0x00000450                FTM5_Ch2_Ch3_IRQHandler
                0x00000450                DebugMon_Handler
                0x00000450                CAN0_ORed_IRQHandler
                0x00000450                HardFault_Handler
                0x00000450                FTM7_Ch2_Ch3_IRQHandler
                0x00000450                Reserved103_IRQHandler
                0x00000450                FTM7_Ch6_Ch7_IRQHandler
                0x00000450                SysTick_Handler
                0x00000450                FTM2_Ovf_Reload_IRQHandler
                0x00000450                Reserved50_IRQHandler
                0x00000450                FTFC_Fault_IRQHandler
                0x00000450                FTM0_Ch6_Ch7_IRQHandler
                0x00000450                Reserved114_IRQHandler
                0x00000450                PendSV_Handler
                0x00000450                NMI_Handler
                0x00000450                ERM_double_fault_IRQHandler
                0x00000450                DMA2_IRQHandler
                0x00000450                Reserved59_IRQHandler
                0x00000450                LPIT0_Ch0_IRQHandler
                0x00000450                Reserved99_IRQHandler
                0x00000450                FTM7_Ch4_Ch5_IRQHandler
                0x00000450                FTM3_Ch6_Ch7_IRQHandler
                0x00000450                CAN2_ORed_0_15_MB_IRQHandler
                0x00000450                LPIT0_Ch3_IRQHandler
                0x00000450                LPI2C1_Master_IRQHandler
                0x00000450                FTM0_Ch4_Ch5_IRQHandler
                0x00000450                CAN1_Error_IRQHandler
                0x00000450                FTM4_Ch6_Ch7_IRQHandler
                0x00000450                FTM3_Ch0_Ch1_IRQHandler
                0x00000450                SWI_IRQHandler
                0x00000450                ADC0_IRQHandler
                0x00000450                FTM2_Ch4_Ch5_IRQHandler
                0x00000450                UsageFault_Handler
                0x00000450                FTM0_Ovf_Reload_IRQHandler
                0x00000450                FTM4_Fault_IRQHandler
                0x00000450                DefaultISR
                0x00000450                DMA9_IRQHandler
                0x00000450                Reserved58_IRQHandler
                0x00000450                FTM7_Fault_IRQHandler
                0x00000450                LPI2C1_Slave_IRQHandler
                0x00000450                CAN1_ORed_0_15_MB_IRQHandler
                0x00000450                FTM1_Ch2_Ch3_IRQHandler
                0x00000450                DMA14_IRQHandler
                0x00000450                Reserved82_IRQHandler
                0x00000450                CAN0_ORed_16_31_MB_IRQHandler
                0x00000450                LPI2C0_Slave_IRQHandler
                0x00000450                PORTD_IRQHandler
                0x00000450                SAI1_Rx_IRQHandler
                0x00000450                Reserved69_IRQHandler
                0x00000450                PORTB_IRQHandler
                0x00000450                Reserved70_IRQHandler
                0x00000450                ADC1_IRQHandler
                0x00000450                FTM2_Ch2_Ch3_IRQHandler
                0x00000450                FTM5_Ch0_Ch1_IRQHandler
                0x00000450                Reserved53_IRQHandler
                0x00000450                DMA5_IRQHandler
                0x00000450                RTC_IRQHandler
                0x00000450                PDB0_IRQHandler
                0x00000450                Reserved54_IRQHandler
                0x00000450                FTM6_Fault_IRQHandler
                0x00000450                FTM2_Ch6_Ch7_IRQHandler
                0x00000450                FTM6_Ch4_Ch5_IRQHandler
                0x00000450                FTM3_Ch2_Ch3_IRQHandler
                0x00000450                FTM6_Ch2_Ch3_IRQHandler
                0x00000450                FTM2_Ch0_Ch1_IRQHandler
                0x00000450                LPSPI1_IRQHandler
                0x00000450                LPUART1_RxTx_IRQHandler
                0x00000450                FTM4_Ovf_Reload_IRQHandler
                0x00000450                RTC_Seconds_IRQHandler
                0x00000450                FTM7_Ch0_Ch1_IRQHandler
                0x00000450                CAN2_ORed_IRQHandler
                0x00000450                Reserved110_IRQHandler
                0x00000450                DMA11_IRQHandler
                0x00000450                Reserved107_IRQHandler
                0x00000450                ENET_TIMER_IRQHandler
                0x00000450                Read_Collision_IRQHandler
                0x00000450                CAN2_Error_IRQHandler
                0x00000450                FTFC_IRQHandler
                0x00000450                DMA7_IRQHandler
                0x00000450                FTM1_Ch6_Ch7_IRQHandler
                0x00000450                FTM5_Fault_IRQHandler
                0x00000450                FTM6_Ovf_Reload_IRQHandler
                0x00000450                LPIT0_Ch1_IRQHandler
                0x00000450                FTM4_Ch0_Ch1_IRQHandler
                0x00000450                FTM1_Ch4_Ch5_IRQHandler
                0x00000450                FTM3_Ovf_Reload_IRQHandler
                0x00000450                SAI0_Tx_IRQHandler
                0x00000450                LPUART2_RxTx_IRQHandler
                0x00000450                FTM5_Ch4_Ch5_IRQHandler
                0x00000450                LPSPI0_IRQHandler
                0x00000450                WDOG_EWM_IRQHandler
                0x00000450                MemManage_Handler
                0x00000450                Reserved83_IRQHandler
                0x00000450                FTM0_Fault_IRQHandler
                0x00000450                FTM6_Ch6_Ch7_IRQHandler
                0x00000450                Reserved48_IRQHandler
                0x00000450                SVC_Handler
                0x00000450                ENET_TX_IRQHandler
                0x00000450                ERM_single_fault_IRQHandler
                0x00000450                FTM2_Fault_IRQHandler
                0x00000450                FTM0_Ch2_Ch3_IRQHandler
                0x00000450                DMA13_IRQHandler
                0x00000450                FTM4_Ch2_Ch3_IRQHandler
                0x00000450                FTM0_Ch0_Ch1_IRQHandler
                0x00000450                FTM4_Ch4_Ch5_IRQHandler
                0x00000450                FTM5_Ovf_Reload_IRQHandler
                0x00000450                FTM3_Fault_IRQHandler
                0x00000450                RCM_IRQHandler
                0x00000450                DMA3_IRQHandler
                0x00000450                Reserved100_IRQHandler
                0x00000450                DMA0_IRQHandler
                0x00000450                CAN1_ORed_IRQHandler
                0x00000450                SAI0_Rx_IRQHandler
                0x00000450                DMA15_IRQHandler
                0x00000450                SCG_IRQHandler
                0x00000450                PDB1_IRQHandler
                0x00000450                CAN2_ORed_16_31_MB_IRQHandler
                0x00000450                CAN0_Error_IRQHandler
                0x00000450                LPI2C0_Master_IRQHandler
                0x00000450                ENET_WAKE_IRQHandler
                0x00000450                DMA4_IRQHandler
                0x00000450                FTM1_Fault_IRQHandler
                0x00000450                Reserved106_IRQHandler
                0x00000450                ENET_ERR_IRQHandler
                0x00000450                DMA_Error_IRQHandler
                0x00000450                LVD_LVW_IRQHandler
                0x00000450                ENET_STOP_IRQHandler
                0x00000450                ENET_RX_IRQHandler
                0x00000450                LPIT0_Ch2_IRQHandler
                0x00000450                PORTA_IRQHandler
                0x00000450                FTM5_Ch6_Ch7_IRQHandler
                0x00000450                CAN1_ORed_16_31_MB_IRQHandler
                0x00000450                MCM_IRQHandler
                0x00000450                LPSPI2_IRQHandler
                0x00000450                DMA12_IRQHandler
                0x00000450                FTM7_Ovf_Reload_IRQHandler
                0x00000450                FTM3_Ch4_Ch5_IRQHandler
                0x00000450                CAN0_ORed_0_15_MB_IRQHandler
                0x00000450                PORTE_IRQHandler
                0x00000450                LPUART0_RxTx_IRQHandler
                0x00000450                FTM6_Ch0_Ch1_IRQHandler
                0x00000450                BusFault_Handler
                0x00000450                FTM1_Ovf_Reload_IRQHandler
                0x00000450                DMA8_IRQHandler
                0x00000450                DMA10_IRQHandler
                0x00000450                CAN0_Wake_Up_IRQHandler
                0x00000450                QSPI_IRQHandler
                0x00000450                CMP0_IRQHandler
                0x00000450                Reserved52_IRQHandler
                0x00000450                PORTC_IRQHandler
                0x00000450                DMA6_IRQHandler
                0x00000450                FTM1_Ch0_Ch1_IRQHandler
                0x00000450                FLEXIO_IRQHandler
                0x00000450                SAI1_Tx_IRQHandler
                0x00000450                DMA1_IRQHandler
                0x00000450                Reserved113_IRQHandler
 .text          0x00000454      0xa50 c:/nxp/s32ds_arm_v2.0/cross_tools/gcc-arm-none-eabi-4_9/bin/../lib/gcc/arm-none-eabi/4.9.3/armv7e-m\libgcc.a(unwind-arm.o)
                0x00000730                _Unwind_GetCFA
                0x00000734                __gnu_Unwind_RaiseException
                0x00000794                __gnu_Unwind_ForcedUnwind
                0x000007a8                __gnu_Unwind_Resume
                0x000007ec                __gnu_Unwind_Resume_or_Rethrow
                0x000007fc                _Unwind_Complete
                0x00000800                _Unwind_DeleteException
                0x0000080c                _Unwind_VRS_Get
                0x0000085c                _Unwind_VRS_Set
                0x000008ac                __gnu_Unwind_Backtrace
                0x00000bf0                __aeabi_unwind_cpp_pr0
                0x00000bf4                __aeabi_unwind_cpp_pr1
                0x00000bf8                __aeabi_unwind_cpp_pr2
                0x00000bfc                _Unwind_VRS_Pop
 .text          0x00000ea4      0x1ac c:/nxp/s32ds_arm_v2.0/cross_tools/gcc-arm-none-eabi-4_9/bin/../lib/gcc/arm-none-eabi/4.9.3/armv7e-m\libgcc.a(libunwind.o)
                0x00000ea4                __restore_core_regs
                0x00000ea4                restore_core_regs
                0x00000ebc                __gnu_Unwind_Restore_VFP
                0x00000ec4                __gnu_Unwind_Save_VFP
                0x00000ecc                __gnu_Unwind_Restore_VFP_D
                0x00000ed4                __gnu_Unwind_Save_VFP_D
                0x00000edc                __gnu_Unwind_Restore_VFP_D_16_to_31
                0x00000ee4                __gnu_Unwind_Save_VFP_D_16_to_31
                0x00000eec                __gnu_Unwind_Restore_WMMXD
                0x00000f30                __gnu_Unwind_Save_WMMXD
                0x00000f74                __gnu_Unwind_Restore_WMMXC
                0x00000f88                __gnu_Unwind_Save_WMMXC
                0x00000f9c                ___Unwind_RaiseException
                0x00000f9c                _Unwind_RaiseException
                0x00000fc0                _Unwind_Resume
                0x00000fc0                ___Unwind_Resume
                0x00000fe4                _Unwind_Resume_or_Rethrow
                0x00000fe4                ___Unwind_Resume_or_Rethrow
                0x00001008                _Unwind_ForcedUnwind
                0x00001008                ___Unwind_ForcedUnwind
                0x0000102c                ___Unwind_Backtrace
                0x0000102c                _Unwind_Backtrace
 .text          0x00001050      0x37c c:/nxp/s32ds_arm_v2.0/cross_tools/gcc-arm-none-eabi-4_9/bin/../lib/gcc/arm-none-eabi/4.9.3/armv7e-m\libgcc.a(pr-support.o)
                0x000010a8                __gnu_unwind_execute
                0x00001374                __gnu_unwind_frame
                0x0000139c                _Unwind_GetRegionStart
                0x000013a8                _Unwind_GetLanguageSpecificData
                0x000013bc                _Unwind_GetDataRelBase
                0x000013c4                _Unwind_GetTextRelBase
 *(.text*)
 .text.s32k148_uart_init
                0x000013cc        0xc ./src/ross_files/s32k148_uart.o
                0x000013cc                s32k148_uart_init
 .text.s32k148_uart_send_byte
                0x000013d8       0x14 ./src/ross_files/s32k148_uart.o
                0x000013d8                s32k148_uart_send_byte
 .text.s32k148_uart_receive_byte
                0x000013ec       0x14 ./src/ross_files/s32k148_uart.o
                0x000013ec                s32k148_uart_receive_byte
 .text.overflow_counter
                0x00001400       0x1c ./src/ross_files/s32k148_time.o
                0x00001400                overflow_counter
 .text.NVIC_init_LPTMR0_IRQs
                0x0000141c       0x2c ./src/ross_files/s32k148_time.o
                0x0000141c                NVIC_init_LPTMR0_IRQs
 .text.s32k148_time_init
                0x00001448       0x18 ./src/ross_files/s32k148_time.o
                0x00001448                s32k148_time_init
 .text.s32k148_time_now
                0x00001460       0x1c ./src/ross_files/s32k148_time.o
                0x00001460                s32k148_time_now
 .text._ZN3ros16normalizeSecNSecERmS0_
                0x0000147c       0x58 ./src/ross_files/ros_lib/time.o
                0x0000147c                ros::normalizeSecNSec(unsigned long&, unsigned long&)
 .text._ZNK8std_msgs6String9serializeEPh
                0x000014d4       0x58 ./src/main.o
                0x000014d4                std_msgs::String::serialize(unsigned char*) const
 .text._ZN8std_msgs6String11deserializeEPh
                0x0000152c       0x7c ./src/main.o
                0x0000152c                std_msgs::String::deserialize(unsigned char*)
 .text._ZN8std_msgs6String7getTypeEv
                0x000015a8       0x1c ./src/main.o
                0x000015a8                std_msgs::String::getType()
 .text._ZN8std_msgs6String6getMD5Ev
                0x000015c4       0x1c ./src/main.o
                0x000015c4                std_msgs::String::getMD5()
 .text._ZN3ros4TimeC2Ev
                0x000015e0       0x24 ./src/main.o
                0x000015e0                ros::Time::Time()
                0x000015e0                ros::Time::Time()
 .text._ZNK8std_msgs4Time9serializeEPh
                0x00001604       0xb0 ./src/main.o
                0x00001604                std_msgs::Time::serialize(unsigned char*) const
 .text._ZN8std_msgs4Time11deserializeEPh
                0x000016b4       0xd0 ./src/main.o
                0x000016b4                std_msgs::Time::deserialize(unsigned char*)
 .text._ZN8std_msgs4Time7getTypeEv
                0x00001784       0x1c ./src/main.o
                0x00001784                std_msgs::Time::getType()
 .text._ZN8std_msgs4Time6getMD5Ev
                0x000017a0       0x1c ./src/main.o
                0x000017a0                std_msgs::Time::getMD5()
 .text._ZNK14rosserial_msgs9TopicInfo9serializeEPh
                0x000017bc      0x148 ./src/main.o
                0x000017bc                rosserial_msgs::TopicInfo::serialize(unsigned char*) const
 .text._ZN14rosserial_msgs9TopicInfo11deserializeEPh
                0x00001904      0x1c8 ./src/main.o
                0x00001904                rosserial_msgs::TopicInfo::deserialize(unsigned char*)
 .text._ZN14rosserial_msgs9TopicInfo7getTypeEv
                0x00001acc       0x1c ./src/main.o
                0x00001acc                rosserial_msgs::TopicInfo::getType()
 .text._ZN14rosserial_msgs9TopicInfo6getMD5Ev
                0x00001ae8       0x1c ./src/main.o
                0x00001ae8                rosserial_msgs::TopicInfo::getMD5()
 .text._ZNK14rosserial_msgs3Log9serializeEPh
                0x00001b04       0x6c ./src/main.o
                0x00001b04                rosserial_msgs::Log::serialize(unsigned char*) const
 .text._ZN14rosserial_msgs3Log11deserializeEPh
                0x00001b70       0x94 ./src/main.o
                0x00001b70                rosserial_msgs::Log::deserialize(unsigned char*)
 .text._ZN14rosserial_msgs3Log7getTypeEv
                0x00001c04       0x1c ./src/main.o
                0x00001c04                rosserial_msgs::Log::getType()
 .text._ZN14rosserial_msgs3Log6getMD5Ev
                0x00001c20       0x1c ./src/main.o
                0x00001c20                rosserial_msgs::Log::getMD5()
 .text._ZNK14rosserial_msgs20RequestParamResponse9serializeEPh
                0x00001c3c      0x210 ./src/main.o
                0x00001c3c                rosserial_msgs::RequestParamResponse::serialize(unsigned char*) const
 .text._ZN14rosserial_msgs20RequestParamResponse11deserializeEPh
                0x00001e4c      0x27c ./src/main.o
                0x00001e4c                rosserial_msgs::RequestParamResponse::deserialize(unsigned char*)
 .text._ZN14rosserial_msgs20RequestParamResponse7getTypeEv
                0x000020c8       0x1c ./src/main.o
                0x000020c8                rosserial_msgs::RequestParamResponse::getType()
 .text._ZN14rosserial_msgs20RequestParamResponse6getMD5Ev
                0x000020e4       0x1c ./src/main.o
                0x000020e4                rosserial_msgs::RequestParamResponse::getMD5()
 .text._ZN3ros9PublisherC2EPKcPNS_3MsgEi
                0x00002100       0x30 ./src/main.o
                0x00002100                ros::Publisher::Publisher(char const*, ros::Msg*, int)
                0x00002100                ros::Publisher::Publisher(char const*, ros::Msg*, int)
 .text._ZN3ros9Publisher7publishEPKNS_3MsgE
                0x00002130       0x2c ./src/main.o
                0x00002130                ros::Publisher::publish(ros::Msg const*)
 .text._ZN3ros9Publisher15getEndpointTypeEv
                0x0000215c       0x18 ./src/main.o
                0x0000215c                ros::Publisher::getEndpointType()
 .text._ZN15s32K148HardwareC2Ev
                0x00002174       0x18 ./src/main.o
                0x00002174                s32K148Hardware::s32K148Hardware()
                0x00002174                s32K148Hardware::s32K148Hardware()
 .text._ZN15s32K148Hardware4initEv
                0x0000218c       0x18 ./src/main.o
                0x0000218c                s32K148Hardware::init()
 .text._ZN15s32K148Hardware4readEv
                0x000021a4       0x1c ./src/main.o
                0x000021a4                s32K148Hardware::read()
 .text._ZN15s32K148Hardware5writeEPhi
                0x000021c0       0x34 ./src/main.o
                0x000021c0                s32K148Hardware::write(unsigned char*, int)
 .text._ZN15s32K148Hardware4timeEv
                0x000021f4       0x18 ./src/main.o
                0x000021f4                s32K148Hardware::time()
 .text.__cxa_pure_virtual
                0x0000220c        0xc ./src/main.o
                0x0000220c                __cxa_pure_virtual
 .text._ZN3ros3MsgC2Ev
                0x00002218       0x20 ./src/main.o
                0x00002218                ros::Msg::Msg()
                0x00002218                ros::Msg::Msg()
 .text._ZN8std_msgs6StringC2Ev
                0x00002238       0x24 ./src/main.o
                0x00002238                std_msgs::String::String()
                0x00002238                std_msgs::String::String()
 .text.main     0x0000225c       0x60 ./src/main.o
                0x0000225c                main
 .text._ZN3ros15NodeHandleBase_C2Ev
                0x000022bc       0x20 ./src/main.o
                0x000022bc                ros::NodeHandleBase_::NodeHandleBase_()
                0x000022bc                ros::NodeHandleBase_::NodeHandleBase_()
 .text._ZN14rosserial_msgs20RequestParamResponseC2Ev
                0x000022dc       0x24 ./src/main.o
                0x000022dc                rosserial_msgs::RequestParamResponse::RequestParamResponse()
                0x000022dc                rosserial_msgs::RequestParamResponse::RequestParamResponse()
 .text._ZN3ros11NodeHandle_I15s32K148HardwareLi25ELi25ELi512ELi512EEC2Ev
                0x00002300       0x44 ./src/main.o
                0x00002300                ros::NodeHandle_<s32K148Hardware, 25, 25, 512, 512>::NodeHandle_()
                0x00002300                ros::NodeHandle_<s32K148Hardware, 25, 25, 512, 512>::NodeHandle_()
 .text._ZN3ros11NodeHandle_I15s32K148HardwareLi25ELi25ELi512ELi512EE8initNodeEv
                0x00002344       0x38 ./src/main.o
                0x00002344                ros::NodeHandle_<s32K148Hardware, 25, 25, 512, 512>::initNode()
 .text._ZN3ros11NodeHandle_I15s32K148HardwareLi25ELi25ELi512ELi512EE9advertiseERNS_9PublisherE
                0x0000237c       0x60 ./src/main.o
                0x0000237c                ros::NodeHandle_<s32K148Hardware, 25, 25, 512, 512>::advertise(ros::Publisher&)
 .text._ZN3ros11NodeHandle_I15s32K148HardwareLi25ELi25ELi512ELi512EE8spinOnceEv
                0x000023dc      0x2f0 ./src/main.o
                0x000023dc                ros::NodeHandle_<s32K148Hardware, 25, 25, 512, 512>::spinOnce()
 .text._ZN8std_msgs4TimeC2Ev
                0x000026cc       0x30 ./src/main.o
                0x000026cc                std_msgs::Time::Time()
                0x000026cc                std_msgs::Time::Time()
 .text._ZN3ros11NodeHandle_I15s32K148HardwareLi25ELi25ELi512ELi512EE15requestSyncTimeEv
                0x000026fc       0x38 ./src/main.o
                0x000026fc                ros::NodeHandle_<s32K148Hardware, 25, 25, 512, 512>::requestSyncTime()
 .text._ZN14rosserial_msgs9TopicInfoC2Ev
                0x00002734       0x24 ./src/main.o
                0x00002734                rosserial_msgs::TopicInfo::TopicInfo()
                0x00002734                rosserial_msgs::TopicInfo::TopicInfo()
 .text._ZN3ros11NodeHandle_I15s32K148HardwareLi25ELi25ELi512ELi512EE15negotiateTopicsEv
                0x00002758      0x1c0 ./src/main.o
                0x00002758                ros::NodeHandle_<s32K148Hardware, 25, 25, 512, 512>::negotiateTopics()
 .text._ZN3ros11NodeHandle_I15s32K148HardwareLi25ELi25ELi512ELi512EE8syncTimeEPh
                0x00002918       0x94 ./src/main.o
                0x00002918                ros::NodeHandle_<s32K148Hardware, 25, 25, 512, 512>::syncTime(unsigned char*)
 .text._ZN3ros11NodeHandle_I15s32K148HardwareLi25ELi25ELi512ELi512EE7publishEiPKNS_3MsgE
                0x000029ac      0x10c ./src/main.o
                0x000029ac                ros::NodeHandle_<s32K148Hardware, 25, 25, 512, 512>::publish(int, ros::Msg const*)
 .text._ZN3ros11NodeHandle_I15s32K148HardwareLi25ELi25ELi512ELi512EE6setNowERNS_4TimeE
                0x00002ab8       0x7c ./src/main.o
                0x00002ab8                ros::NodeHandle_<s32K148Hardware, 25, 25, 512, 512>::setNow(ros::Time&)
 .text._ZN3ros11NodeHandle_I15s32K148HardwareLi25ELi25ELi512ELi512EE8logerrorEPKc
                0x00002b34       0x1c ./src/main.o
                0x00002b34                ros::NodeHandle_<s32K148Hardware, 25, 25, 512, 512>::logerror(char const*)
 .text._ZN14rosserial_msgs3LogC2Ev
                0x00002b50       0x24 ./src/main.o
                0x00002b50                rosserial_msgs::Log::Log()
                0x00002b50                rosserial_msgs::Log::Log()
 .text._ZN3ros11NodeHandle_I15s32K148HardwareLi25ELi25ELi512ELi512EE3logEcPKc
                0x00002b74       0x38 ./src/main.o
                0x00002b74                ros::NodeHandle_<s32K148Hardware, 25, 25, 512, 512>::log(char, char const*)
 .text._Z41__static_initialization_and_destruction_0ii
                0x00002bac       0x48 ./src/main.o
 .text._ZN3ros11NodeHandle_I15s32K148HardwareLi25ELi25ELi512ELi512EE9connectedEv
                0x00002bf4       0x1c ./src/main.o
                0x00002bf4                ros::NodeHandle_<s32K148Hardware, 25, 25, 512, 512>::connected()
 .text._GLOBAL__sub_I___cxa_pure_virtual
                0x00002c10       0x10 ./src/main.o
 .text.LPTMR_init
                0x00002c20       0x54 ./src/drivers/lptmr.o
                0x00002c20                LPTMR_init
 .text.LPTMR0_IRQHandler
                0x00002c74       0x28 ./src/drivers/lptmr.o
                0x00002c74                LPTMR0_IRQHandler
 .text.SystemInit
                0x00002c9c       0x44 ./Project_Settings/Startup_Code/system_S32K148.o
                0x00002c9c                SystemInit
 .text.init_data_bss
                0x00002ce0      0x110 ./Project_Settings/Startup_Code/startup.o
                0x00002ce0                init_data_bss
 .text.sbrk     0x00002df0       0x28 C:/NXP/S32DS_ARM_v2.0/S32DS/arm_ewl2/lib/armv7e-m\libc99.a(alloc.o)
                0x00002df0                sbrk
 .text.malloc   0x00002e18      0x108 C:/NXP/S32DS_ARM_v2.0/S32DS/arm_ewl2/lib/armv7e-m\libc99.a(alloc.o)
                0x00002e18                malloc
 .text.realloc  0x00002f20       0x44 C:/NXP/S32DS_ARM_v2.0/S32DS/arm_ewl2/lib/armv7e-m\libc99.a(alloc.o)
                0x00002f20                realloc
 .text.free     0x00002f64       0x10 C:/NXP/S32DS_ARM_v2.0/S32DS/arm_ewl2/lib/armv7e-m\libc99.a(alloc.o)
                0x00002f64                free
 .text.exit     0x00002f74       0x38 C:/NXP/S32DS_ARM_v2.0/S32DS/arm_ewl2/lib/armv7e-m\libc99.a(exit.o)
                0x00002f74                exit
 .text.memcpy   0x00002fac       0x16 C:/NXP/S32DS_ARM_v2.0/S32DS/arm_ewl2/lib/armv7e-m\libc99.a(memcpy.o)
                0x00002fac                memcpy
 .text.strlen   0x00002fc2        0xe C:/NXP/S32DS_ARM_v2.0/S32DS/arm_ewl2/lib/armv7e-m\libc99.a(strlen.o)
                0x00002fc2                strlen
 .text.__fini_cpp
                0x00002fd0       0x34 C:/NXP/S32DS_ARM_v2.0/S32DS/arm_ewl2/lib/armv7e-m\librt.a(gcc_ctor_dtor.o)
                0x00002fd0                __fini_cpp
 .text._ExitProcess
                0x00003004        0x2 C:/NXP/S32DS_ARM_v2.0/S32DS/arm_ewl2/lib/armv7e-m\librt.a(gcc_ctor_dtor.o)
                0x00003004                _ExitProcess
 *fill*         0x00003006        0x2 
 .text.__destroy_global_chain
                0x00003008       0x18 C:/NXP/S32DS_ARM_v2.0/S32DS/arm_ewl2/lib/armv7e-m\librt.a(__arm_eabi_init.o)
                0x00003008                __destroy_global_chain
 .text._ZNK10__cxxabiv117__class_type_info11__do_upcastEPKS0_PPv
                0x00003020       0x38 C:/NXP/S32DS_ARM_v2.0/S32DS/arm_ewl2/lib/armv7e-m\libsupc++.a(class_type_info.o)
                0x00003020                __cxxabiv1::__class_type_info::__do_upcast(__cxxabiv1::__class_type_info const*, void**) const
 .text._ZNK10__cxxabiv117__class_type_info20__do_find_public_srcEiPKvPKS0_S2_
                0x00003058        0xc C:/NXP/S32DS_ARM_v2.0/S32DS/arm_ewl2/lib/armv7e-m\libsupc++.a(class_type_info.o)
                0x00003058                __cxxabiv1::__class_type_info::__do_find_public_src(int, void const*, __cxxabiv1::__class_type_info const*, void const*) const
 .text._ZN10__cxxabiv117__class_type_infoD2Ev
                0x00003064       0x14 C:/NXP/S32DS_ARM_v2.0/S32DS/arm_ewl2/lib/armv7e-m\libsupc++.a(class_type_info.o)
                0x00003064                __cxxabiv1::__class_type_info::~__class_type_info()
                0x00003064                __cxxabiv1::__class_type_info::~__class_type_info()
 .text._ZN10__cxxabiv117__class_type_infoD0Ev
                0x00003078       0x1c C:/NXP/S32DS_ARM_v2.0/S32DS/arm_ewl2/lib/armv7e-m\libsupc++.a(class_type_info.o)
                0x00003078                __cxxabiv1::__class_type_info::~__class_type_info()
 .text._ZNK10__cxxabiv117__class_type_info11__do_upcastEPKS0_PKvRNS0_15__upcast_resultE
                0x00003094       0x18 C:/NXP/S32DS_ARM_v2.0/S32DS/arm_ewl2/lib/armv7e-m\libsupc++.a(class_type_info.o)
                0x00003094                __cxxabiv1::__class_type_info::__do_upcast(__cxxabiv1::__class_type_info const*, void const*, __cxxabiv1::__class_type_info::__upcast_result&) const
 .text._ZNK10__cxxabiv117__class_type_info10__do_catchEPKSt9type_infoPPvj
                0x000030ac       0x2c C:/NXP/S32DS_ARM_v2.0/S32DS/arm_ewl2/lib/armv7e-m\libsupc++.a(class_type_info.o)
                0x000030ac                __cxxabiv1::__class_type_info::__do_catch(std::type_info const*, void**, unsigned int) const
 .text._ZNK10__cxxabiv117__class_type_info12__do_dyncastEiNS0_10__sub_kindEPKS0_PKvS3_S5_RNS0_16__dyncast_resultE
                0x000030d8       0x40 C:/NXP/S32DS_ARM_v2.0/S32DS/arm_ewl2/lib/armv7e-m\libsupc++.a(class_type_info.o)
                0x000030d8                __cxxabiv1::__class_type_info::__do_dyncast(int, __cxxabiv1::__class_type_info::__sub_kind, __cxxabiv1::__class_type_info const*, void const*, __cxxabiv1::__class_type_info const*, void const*, __cxxabiv1::__class_type_info::__dyncast_result&) const
 .text._ZdlPv   0x00003118        0x4 C:/NXP/S32DS_ARM_v2.0/S32DS/arm_ewl2/lib/armv7e-m\libsupc++.a(del_op.o)
                0x00003118                operator delete(void*)
 .text._ZN10__cxxabiv120__si_class_type_infoD2Ev
                0x0000311c       0x14 C:/NXP/S32DS_ARM_v2.0/S32DS/arm_ewl2/lib/armv7e-m\libsupc++.a(si_class_type_info.o)
                0x0000311c                __cxxabiv1::__si_class_type_info::~__si_class_type_info()
                0x0000311c                __cxxabiv1::__si_class_type_info::~__si_class_type_info()
 .text._ZN10__cxxabiv120__si_class_type_infoD0Ev
                0x00003130       0x1c C:/NXP/S32DS_ARM_v2.0/S32DS/arm_ewl2/lib/armv7e-m\libsupc++.a(si_class_type_info.o)
                0x00003130                __cxxabiv1::__si_class_type_info::~__si_class_type_info()
 .text._ZNK10__cxxabiv120__si_class_type_info20__do_find_public_srcEiPKvPKNS_17__class_type_infoES2_
                0x0000314c       0x3c C:/NXP/S32DS_ARM_v2.0/S32DS/arm_ewl2/lib/armv7e-m\libsupc++.a(si_class_type_info.o)
                0x0000314c                __cxxabiv1::__si_class_type_info::__do_find_public_src(int, void const*, __cxxabiv1::__class_type_info const*, void const*) const
 .text._ZNK10__cxxabiv120__si_class_type_info12__do_dyncastEiNS_17__class_type_info10__sub_kindEPKS1_PKvS4_S6_RNS1_16__dyncast_resultE
                0x00003188       0x88 C:/NXP/S32DS_ARM_v2.0/S32DS/arm_ewl2/lib/armv7e-m\libsupc++.a(si_class_type_info.o)
                0x00003188                __cxxabiv1::__si_class_type_info::__do_dyncast(int, __cxxabiv1::__class_type_info::__sub_kind, __cxxabiv1::__class_type_info const*, void const*, __cxxabiv1::__class_type_info const*, void const*, __cxxabiv1::__class_type_info::__dyncast_result&) const
 .text._ZNK10__cxxabiv120__si_class_type_info11__do_upcastEPKNS_17__class_type_infoEPKvRNS1_15__upcast_resultE
                0x00003210       0x2c C:/NXP/S32DS_ARM_v2.0/S32DS/arm_ewl2/lib/armv7e-m\libsupc++.a(si_class_type_info.o)
                0x00003210                __cxxabiv1::__si_class_type_info::__do_upcast(__cxxabiv1::__class_type_info const*, void const*, __cxxabiv1::__class_type_info::__upcast_result&) const
 .text._ZNSt9type_infoD2Ev
                0x0000323c        0x4 C:/NXP/S32DS_ARM_v2.0/S32DS/arm_ewl2/lib/armv7e-m\libsupc++.a(tinfo.o)
                0x0000323c                std::type_info::~type_info()
                0x0000323c                std::type_info::~type_info()
 .text._ZNKSt9type_info14__is_pointer_pEv
                0x00003240        0x4 C:/NXP/S32DS_ARM_v2.0/S32DS/arm_ewl2/lib/armv7e-m\libsupc++.a(tinfo.o)
                0x00003240                std::type_info::__is_pointer_p() const
 .text._ZNKSt9type_info15__is_function_pEv
                0x00003244        0x4 C:/NXP/S32DS_ARM_v2.0/S32DS/arm_ewl2/lib/armv7e-m\libsupc++.a(tinfo.o)
                0x00003244                std::type_info::__is_function_p() const
 .text._ZNKSt9type_infoeqERKS_
                0x00003248       0x2c C:/NXP/S32DS_ARM_v2.0/S32DS/arm_ewl2/lib/armv7e-m\libsupc++.a(tinfo.o)
                0x00003248                std::type_info::operator==(std::type_info const&) const
 .text.abort    0x00003274       0x24 C:/NXP/S32DS_ARM_v2.0/S32DS/arm_ewl2/lib/armv7e-m\libc99.a(abort.o)
                0x00003274                abort
 .text.strcmp   0x00003298       0x1a C:/NXP/S32DS_ARM_v2.0/S32DS/arm_ewl2/lib/armv7e-m\libc99.a(strcmp.o)
                0x00003298                strcmp
 *fill*         0x000032b2        0x2 
 .text.raise    0x000032b4       0x38 C:/NXP/S32DS_ARM_v2.0/S32DS/arm_ewl2/lib/armv7e-m\libc99.a(raise.o)
                0x000032b4                raise
 *(.rodata)
 .rodata        0x000032ec      0x148 ./src/main.o
 *(.rodata*)
 *fill*         0x00003434        0x4 
 .rodata._ZTVN3ros11NodeHandle_I15s32K148HardwareLi25ELi25ELi512ELi512EEE
                0x00003438       0x14 ./src/main.o
                0x00003438                vtable for ros::NodeHandle_<s32K148Hardware, 25, 25, 512, 512>
 *fill*         0x0000344c        0x4 
 .rodata._ZTVN3ros15NodeHandleBase_E
                0x00003450       0x14 ./src/main.o
                0x00003450                vtable for ros::NodeHandleBase_
 *fill*         0x00003464        0x4 
 .rodata._ZTVN14rosserial_msgs20RequestParamResponseE
                0x00003468       0x18 ./src/main.o
                0x00003468                vtable for rosserial_msgs::RequestParamResponse
 .rodata._ZTVN14rosserial_msgs3LogE
                0x00003480       0x18 ./src/main.o
                0x00003480                vtable for rosserial_msgs::Log
 .rodata._ZTVN14rosserial_msgs9TopicInfoE
                0x00003498       0x18 ./src/main.o
                0x00003498                vtable for rosserial_msgs::TopicInfo
 .rodata._ZTVN8std_msgs4TimeE
                0x000034b0       0x18 ./src/main.o
                0x000034b0                vtable for std_msgs::Time
 .rodata._ZTVN8std_msgs6StringE
                0x000034c8       0x18 ./src/main.o
                0x000034c8                vtable for std_msgs::String
 .rodata._ZTVN3ros3MsgE
                0x000034e0       0x18 ./src/main.o
                0x000034e0                vtable for ros::Msg
 .rodata._ZTSN3ros11NodeHandle_I15s32K148HardwareLi25ELi25ELi512ELi512EEE
                0x000034f8       0x3d ./src/main.o
                0x000034f8                typeinfo name for ros::NodeHandle_<s32K148Hardware, 25, 25, 512, 512>
 *fill*         0x00003535        0x3 
 .rodata._ZTIN3ros11NodeHandle_I15s32K148HardwareLi25ELi25ELi512ELi512EEE
                0x00003538        0xc ./src/main.o
                0x00003538                typeinfo for ros::NodeHandle_<s32K148Hardware, 25, 25, 512, 512>
 .rodata._ZTSN3ros15NodeHandleBase_E
                0x00003544       0x18 ./src/main.o
                0x00003544                typeinfo name for ros::NodeHandleBase_
 .rodata._ZTIN3ros15NodeHandleBase_E
                0x0000355c        0x8 ./src/main.o
                0x0000355c                typeinfo for ros::NodeHandleBase_
 .rodata._ZTSN14rosserial_msgs20RequestParamResponseE
                0x00003564       0x29 ./src/main.o
                0x00003564                typeinfo name for rosserial_msgs::RequestParamResponse
 *fill*         0x0000358d        0x3 
 .rodata._ZTIN14rosserial_msgs20RequestParamResponseE
                0x00003590        0xc ./src/main.o
                0x00003590                typeinfo for rosserial_msgs::RequestParamResponse
 .rodata._ZTSN14rosserial_msgs3LogE
                0x0000359c       0x17 ./src/main.o
                0x0000359c                typeinfo name for rosserial_msgs::Log
 *fill*         0x000035b3        0x1 
 .rodata._ZTIN14rosserial_msgs3LogE
                0x000035b4        0xc ./src/main.o
                0x000035b4                typeinfo for rosserial_msgs::Log
 .rodata._ZTSN14rosserial_msgs9TopicInfoE
                0x000035c0       0x1d ./src/main.o
                0x000035c0                typeinfo name for rosserial_msgs::TopicInfo
 *fill*         0x000035dd        0x3 
 .rodata._ZTIN14rosserial_msgs9TopicInfoE
                0x000035e0        0xc ./src/main.o
                0x000035e0                typeinfo for rosserial_msgs::TopicInfo
 .rodata._ZTSN8std_msgs4TimeE
                0x000035ec       0x11 ./src/main.o
                0x000035ec                typeinfo name for std_msgs::Time
 *fill*         0x000035fd        0x3 
 .rodata._ZTIN8std_msgs4TimeE
                0x00003600        0xc ./src/main.o
                0x00003600                typeinfo for std_msgs::Time
 .rodata._ZTSN8std_msgs6StringE
                0x0000360c       0x13 ./src/main.o
                0x0000360c                typeinfo name for std_msgs::String
 *fill*         0x0000361f        0x1 
 .rodata._ZTIN8std_msgs6StringE
                0x00003620        0xc ./src/main.o
                0x00003620                typeinfo for std_msgs::String
 .rodata._ZTSN3ros3MsgE
                0x0000362c        0xb ./src/main.o
                0x0000362c                typeinfo name for ros::Msg
 *fill*         0x00003637        0x1 
 .rodata._ZTIN3ros3MsgE
                0x00003638        0x8 ./src/main.o
                0x00003638                typeinfo for ros::Msg
 .rodata._ZN14rosserial_msgsL12REQUESTPARAME
                0x00003640       0x1c ./src/main.o
 *fill*         0x0000365c        0x4 
 .rodata._ZTVN10__cxxabiv117__class_type_infoE
                0x00003660       0x2c C:/NXP/S32DS_ARM_v2.0/S32DS/arm_ewl2/lib/armv7e-m\libsupc++.a(class_type_info.o)
                0x00003660                vtable for __cxxabiv1::__class_type_info
 .rodata._ZTIN10__cxxabiv117__class_type_infoE
                0x0000368c        0xc C:/NXP/S32DS_ARM_v2.0/S32DS/arm_ewl2/lib/armv7e-m\libsupc++.a(class_type_info.o)
                0x0000368c                typeinfo for __cxxabiv1::__class_type_info
 .rodata._ZTSN10__cxxabiv117__class_type_infoE
                0x00003698       0x22 C:/NXP/S32DS_ARM_v2.0/S32DS/arm_ewl2/lib/armv7e-m\libsupc++.a(class_type_info.o)
                0x00003698                typeinfo name for __cxxabiv1::__class_type_info
 *fill*         0x000036ba        0x6 
 .rodata._ZTVN10__cxxabiv120__si_class_type_infoE
                0x000036c0       0x2c C:/NXP/S32DS_ARM_v2.0/S32DS/arm_ewl2/lib/armv7e-m\libsupc++.a(si_class_type_info.o)
                0x000036c0                vtable for __cxxabiv1::__si_class_type_info
 .rodata._ZTIN10__cxxabiv120__si_class_type_infoE
                0x000036ec        0xc C:/NXP/S32DS_ARM_v2.0/S32DS/arm_ewl2/lib/armv7e-m\libsupc++.a(si_class_type_info.o)
                0x000036ec                typeinfo for __cxxabiv1::__si_class_type_info
 .rodata._ZTSN10__cxxabiv120__si_class_type_infoE
                0x000036f8       0x25 C:/NXP/S32DS_ARM_v2.0/S32DS/arm_ewl2/lib/armv7e-m\libsupc++.a(si_class_type_info.o)
                0x000036f8                typeinfo name for __cxxabiv1::__si_class_type_info
 *fill*         0x0000371d        0x3 
 .rodata._ZTISt9type_info
                0x00003720        0x8 C:/NXP/S32DS_ARM_v2.0/S32DS/arm_ewl2/lib/armv7e-m\libsupc++.a(tinfo.o)
                0x00003720                typeinfo for std::type_info
 .rodata._ZTSSt9type_info
                0x00003728        0xd C:/NXP/S32DS_ARM_v2.0/S32DS/arm_ewl2/lib/armv7e-m\libsupc++.a(tinfo.o)
                0x00003728                typeinfo name for std::type_info
 *(.glue_7)
 .glue_7        0x00000000        0x0 linker stubs
 *(.glue_7t)
 .glue_7t       0x00000000        0x0 linker stubs
 *(.eh_frame)
 *(.init)
 *(.fini)
                0x00003738                . = ALIGN (0x4)
 *fill*         0x00003735        0x3 

.vfp11_veneer   0x00003738        0x0
 .vfp11_veneer  0x00000000        0x0 linker stubs

.v4_bx          0x00003738        0x0
 .v4_bx         0x00000000        0x0 linker stubs

.iplt           0x00003738        0x0
 .iplt          0x00000000        0x0 C:/NXP/S32DS_ARM_v2.0/S32DS/arm_ewl2/lib/armv7e-m/__arm_start.o

.ARM.extab      0x00003738       0xcc
 *(.ARM.extab* .gnu.linkonce.armextab.*)
 .ARM.extab.text._ZNK8std_msgs6String9serializeEPh
                0x00003738        0x0 ./src/main.o
 .ARM.extab.text._ZN8std_msgs6String11deserializeEPh
                0x00003738        0x0 ./src/main.o
 .ARM.extab.text._ZN8std_msgs6String7getTypeEv
                0x00003738        0x0 ./src/main.o
 .ARM.extab.text._ZN8std_msgs6String6getMD5Ev
                0x00003738        0x0 ./src/main.o
 .ARM.extab.text._ZN3ros4TimeC2Ev
                0x00003738        0x0 ./src/main.o
 .ARM.extab.text._ZNK8std_msgs4Time9serializeEPh
                0x00003738        0x0 ./src/main.o
 .ARM.extab.text._ZN8std_msgs4Time11deserializeEPh
                0x00003738        0x0 ./src/main.o
 .ARM.extab.text._ZN8std_msgs4Time7getTypeEv
                0x00003738        0x0 ./src/main.o
 .ARM.extab.text._ZN8std_msgs4Time6getMD5Ev
                0x00003738        0x0 ./src/main.o
 .ARM.extab.text._ZNK14rosserial_msgs9TopicInfo9serializeEPh
                0x00003738        0x0 ./src/main.o
 .ARM.extab.text._ZN14rosserial_msgs9TopicInfo11deserializeEPh
                0x00003738        0x0 ./src/main.o
 .ARM.extab.text._ZN14rosserial_msgs9TopicInfo7getTypeEv
                0x00003738        0x0 ./src/main.o
 .ARM.extab.text._ZN14rosserial_msgs9TopicInfo6getMD5Ev
                0x00003738        0x0 ./src/main.o
 .ARM.extab.text._ZNK14rosserial_msgs3Log9serializeEPh
                0x00003738        0x0 ./src/main.o
 .ARM.extab.text._ZN14rosserial_msgs3Log11deserializeEPh
                0x00003738        0x0 ./src/main.o
 .ARM.extab.text._ZN14rosserial_msgs3Log7getTypeEv
                0x00003738        0x0 ./src/main.o
 .ARM.extab.text._ZN14rosserial_msgs3Log6getMD5Ev
                0x00003738        0x0 ./src/main.o
 .ARM.extab.text._ZNK14rosserial_msgs20RequestParamResponse9serializeEPh
                0x00003738        0x0 ./src/main.o
 .ARM.extab.text._ZN14rosserial_msgs20RequestParamResponse11deserializeEPh
                0x00003738        0x0 ./src/main.o
 .ARM.extab.text._ZN14rosserial_msgs20RequestParamResponse7getTypeEv
                0x00003738        0x0 ./src/main.o
 .ARM.extab.text._ZN14rosserial_msgs20RequestParamResponse6getMD5Ev
                0x00003738        0x0 ./src/main.o
 .ARM.extab.text._ZN3ros9PublisherC2EPKcPNS_3MsgEi
                0x00003738        0x0 ./src/main.o
 .ARM.extab.text._ZN3ros9Publisher7publishEPKNS_3MsgE
                0x00003738        0xc ./src/main.o
 .ARM.extab.text._ZN3ros9Publisher15getEndpointTypeEv
                0x00003744        0x0 ./src/main.o
 .ARM.extab.text._ZN15s32K148HardwareC2Ev
                0x00003744        0x0 ./src/main.o
 .ARM.extab.text._ZN15s32K148Hardware4initEv
                0x00003744        0xc ./src/main.o
 .ARM.extab.text._ZN15s32K148Hardware4readEv
                0x00003750        0xc ./src/main.o
 .ARM.extab.text._ZN15s32K148Hardware5writeEPhi
                0x0000375c        0xc ./src/main.o
 .ARM.extab.text._ZN15s32K148Hardware4timeEv
                0x00003768        0xc ./src/main.o
 .ARM.extab.text._ZN3ros3MsgC2Ev
                0x00003774        0x0 ./src/main.o
 .ARM.extab.text._ZN8std_msgs6StringC2Ev
                0x00003774        0x0 ./src/main.o
 .ARM.extab.text.main
                0x00003774        0xc ./src/main.o
 .ARM.extab.text._ZN3ros15NodeHandleBase_C2Ev
                0x00003780        0x0 ./src/main.o
 .ARM.extab.text._ZN14rosserial_msgs20RequestParamResponseC2Ev
                0x00003780        0x0 ./src/main.o
 .ARM.extab.text._ZN3ros11NodeHandle_I15s32K148HardwareLi25ELi25ELi512ELi512EEC2Ev
                0x00003780        0x0 ./src/main.o
 .ARM.extab.text._ZN3ros11NodeHandle_I15s32K148HardwareLi25ELi25ELi512ELi512EE8initNodeEv
                0x00003780        0xc ./src/main.o
 .ARM.extab.text._ZN3ros11NodeHandle_I15s32K148HardwareLi25ELi25ELi512ELi512EE9advertiseERNS_9PublisherE
                0x0000378c        0x0 ./src/main.o
 .ARM.extab.text._ZN3ros11NodeHandle_I15s32K148HardwareLi25ELi25ELi512ELi512EE8spinOnceEv
                0x0000378c        0xc ./src/main.o
 .ARM.extab.text._ZN8std_msgs4TimeC2Ev
                0x00003798        0x0 ./src/main.o
 .ARM.extab.text._ZN3ros11NodeHandle_I15s32K148HardwareLi25ELi25ELi512ELi512EE15requestSyncTimeEv
                0x00003798        0xc ./src/main.o
 .ARM.extab.text._ZN14rosserial_msgs9TopicInfoC2Ev
                0x000037a4        0x0 ./src/main.o
 .ARM.extab.text._ZN3ros11NodeHandle_I15s32K148HardwareLi25ELi25ELi512ELi512EE15negotiateTopicsEv
                0x000037a4        0xc ./src/main.o
 .ARM.extab.text._ZN3ros11NodeHandle_I15s32K148HardwareLi25ELi25ELi512ELi512EE8syncTimeEPh
                0x000037b0        0xc ./src/main.o
 .ARM.extab.text._ZN3ros11NodeHandle_I15s32K148HardwareLi25ELi25ELi512ELi512EE7publishEiPKNS_3MsgE
                0x000037bc        0xc ./src/main.o
 .ARM.extab.text._ZN3ros11NodeHandle_I15s32K148HardwareLi25ELi25ELi512ELi512EE6setNowERNS_4TimeE
                0x000037c8        0xc ./src/main.o
 .ARM.extab.text._ZN3ros11NodeHandle_I15s32K148HardwareLi25ELi25ELi512ELi512EE8logerrorEPKc
                0x000037d4        0xc ./src/main.o
 .ARM.extab.text._ZN14rosserial_msgs3LogC2Ev
                0x000037e0        0x0 ./src/main.o
 .ARM.extab.text._ZN3ros11NodeHandle_I15s32K148HardwareLi25ELi25ELi512ELi512EE3logEcPKc
                0x000037e0        0xc ./src/main.o
 .ARM.extab.text._ZN3ros11NodeHandle_I15s32K148HardwareLi25ELi25ELi512ELi512EE9connectedEv
                0x000037ec        0x0 ./src/main.o
 .ARM.extab     0x000037ec       0x18 c:/nxp/s32ds_arm_v2.0/cross_tools/gcc-arm-none-eabi-4_9/bin/../lib/gcc/arm-none-eabi/4.9.3/armv7e-m\libgcc.a(pr-support.o)

.ARM            0x00003804      0x1d0
                0x00003804                __exidx_start = .
 *(.ARM.exidx*)
 .ARM.exidx.text._ZN3ros16normalizeSecNSecERmS0_
                0x000038bc        0x0 ./src/ross_files/ros_lib/time.o
                                  0x8 (size before relaxing)
 .ARM.exidx.text._ZNK8std_msgs6String9serializeEPh
                0x000038bc        0x0 ./src/main.o
                                  0x8 (size before relaxing)
 .ARM.exidx.text._ZN8std_msgs6String11deserializeEPh
                0x000038bc        0x0 ./src/main.o
                                  0x8 (size before relaxing)
 .ARM.exidx.text._ZN8std_msgs6String7getTypeEv
                0x000038bc        0x0 ./src/main.o
                                  0x8 (size before relaxing)
 .ARM.exidx.text._ZN8std_msgs6String6getMD5Ev
                0x000038bc        0x0 ./src/main.o
                                  0x8 (size before relaxing)
 .ARM.exidx.text._ZN3ros4TimeC2Ev
                0x000038bc        0x0 ./src/main.o
                                  0x8 (size before relaxing)
 .ARM.exidx.text._ZNK8std_msgs4Time9serializeEPh
                0x000038bc        0x0 ./src/main.o
                                  0x8 (size before relaxing)
 .ARM.exidx.text._ZN8std_msgs4Time11deserializeEPh
                0x000038bc        0x0 ./src/main.o
                                  0x8 (size before relaxing)
 .ARM.exidx.text._ZN8std_msgs4Time7getTypeEv
                0x000038bc        0x0 ./src/main.o
                                  0x8 (size before relaxing)
 .ARM.exidx.text._ZN8std_msgs4Time6getMD5Ev
                0x000038bc        0x0 ./src/main.o
                                  0x8 (size before relaxing)
 .ARM.exidx.text._ZNK14rosserial_msgs9TopicInfo9serializeEPh
                0x000038bc        0x0 ./src/main.o
                                  0x8 (size before relaxing)
 .ARM.exidx.text._ZN14rosserial_msgs9TopicInfo11deserializeEPh
                0x000038bc        0x0 ./src/main.o
                                  0x8 (size before relaxing)
 .ARM.exidx.text._ZN14rosserial_msgs9TopicInfo7getTypeEv
                0x000038bc        0x0 ./src/main.o
                                  0x8 (size before relaxing)
 .ARM.exidx.text._ZN14rosserial_msgs9TopicInfo6getMD5Ev
                0x000038bc        0x0 ./src/main.o
                                  0x8 (size before relaxing)
 .ARM.exidx.text._ZNK14rosserial_msgs3Log9serializeEPh
                0x000038bc        0x0 ./src/main.o
                                  0x8 (size before relaxing)
 .ARM.exidx.text._ZN14rosserial_msgs3Log11deserializeEPh
                0x000038bc        0x0 ./src/main.o
                                  0x8 (size before relaxing)
 .ARM.exidx.text._ZN14rosserial_msgs3Log7getTypeEv
                0x000038bc        0x0 ./src/main.o
                                  0x8 (size before relaxing)
 .ARM.exidx.text._ZN14rosserial_msgs3Log6getMD5Ev
                0x000038bc        0x0 ./src/main.o
                                  0x8 (size before relaxing)
 .ARM.exidx.text._ZNK14rosserial_msgs20RequestParamResponse9serializeEPh
                0x000038bc        0x0 ./src/main.o
                                  0x8 (size before relaxing)
 .ARM.exidx.text._ZN14rosserial_msgs20RequestParamResponse11deserializeEPh
                0x000038bc        0x0 ./src/main.o
                                  0x8 (size before relaxing)
 .ARM.exidx.text._ZN14rosserial_msgs20RequestParamResponse7getTypeEv
                0x000038bc        0x0 ./src/main.o
                                  0x8 (size before relaxing)
 .ARM.exidx.text._ZN14rosserial_msgs20RequestParamResponse6getMD5Ev
                0x000038bc        0x0 ./src/main.o
                                  0x8 (size before relaxing)
 .ARM.exidx.text._ZN3ros9PublisherC2EPKcPNS_3MsgEi
                0x000038bc        0x0 ./src/main.o
                                  0x8 (size before relaxing)
 .ARM.exidx.text._ZN3ros9Publisher7publishEPKNS_3MsgE
                0x000038bc        0x8 ./src/main.o
 .ARM.exidx.text._ZN3ros9Publisher15getEndpointTypeEv
                0x000038c4        0x8 ./src/main.o
 .ARM.exidx.text._ZN15s32K148HardwareC2Ev
                0x000038cc        0x0 ./src/main.o
                                  0x8 (size before relaxing)
 .ARM.exidx.text._ZN15s32K148Hardware4initEv
                0x000038cc        0x8 ./src/main.o
 .ARM.exidx.text._ZN15s32K148Hardware4readEv
                0x000038d4        0x8 ./src/main.o
 .ARM.exidx.text._ZN15s32K148Hardware5writeEPhi
                0x000038dc        0x8 ./src/main.o
 .ARM.exidx.text._ZN15s32K148Hardware4timeEv
                0x000038e4        0x8 ./src/main.o
 .ARM.exidx.text.__cxa_pure_virtual
                0x000038ec        0x8 ./src/main.o
 .ARM.exidx.text._ZN3ros3MsgC2Ev
                0x000038f4        0x0 ./src/main.o
                                  0x8 (size before relaxing)
 .ARM.exidx.text._ZN8std_msgs6StringC2Ev
                0x000038f4        0x0 ./src/main.o
                                  0x8 (size before relaxing)
 .ARM.exidx.text.main
                0x000038f4        0x8 ./src/main.o
 .ARM.exidx.text._ZN3ros15NodeHandleBase_C2Ev
                0x000038fc        0x8 ./src/main.o
 .ARM.exidx.text._ZN14rosserial_msgs20RequestParamResponseC2Ev
                0x00003904        0x0 ./src/main.o
                                  0x8 (size before relaxing)
 .ARM.exidx.text._ZN3ros11NodeHandle_I15s32K148HardwareLi25ELi25ELi512ELi512EEC2Ev
                0x00003904        0x0 ./src/main.o
                                  0x8 (size before relaxing)
 .ARM.exidx.text._ZN3ros11NodeHandle_I15s32K148HardwareLi25ELi25ELi512ELi512EE8initNodeEv
                0x00003904        0x8 ./src/main.o
 .ARM.exidx.text._ZN3ros11NodeHandle_I15s32K148HardwareLi25ELi25ELi512ELi512EE9advertiseERNS_9PublisherE
                0x0000390c        0x8 ./src/main.o
 .ARM.exidx.text._ZN3ros11NodeHandle_I15s32K148HardwareLi25ELi25ELi512ELi512EE8spinOnceEv
                0x00003914        0x8 ./src/main.o
 .ARM.exidx.text._ZN8std_msgs4TimeC2Ev
                0x0000391c        0x8 ./src/main.o
 .ARM.exidx.text._ZN3ros11NodeHandle_I15s32K148HardwareLi25ELi25ELi512ELi512EE15requestSyncTimeEv
                0x00003924        0x8 ./src/main.o
 .ARM.exidx.text._ZN14rosserial_msgs9TopicInfoC2Ev
                0x0000392c        0x8 ./src/main.o
 .ARM.exidx.text._ZN3ros11NodeHandle_I15s32K148HardwareLi25ELi25ELi512ELi512EE15negotiateTopicsEv
                0x00003934        0x8 ./src/main.o
 .ARM.exidx.text._ZN3ros11NodeHandle_I15s32K148HardwareLi25ELi25ELi512ELi512EE8syncTimeEPh
                0x0000393c        0x8 ./src/main.o
 .ARM.exidx.text._ZN3ros11NodeHandle_I15s32K148HardwareLi25ELi25ELi512ELi512EE7publishEiPKNS_3MsgE
                0x00003944        0x8 ./src/main.o
 .ARM.exidx.text._ZN3ros11NodeHandle_I15s32K148HardwareLi25ELi25ELi512ELi512EE6setNowERNS_4TimeE
                0x0000394c        0x8 ./src/main.o
 .ARM.exidx.text._ZN3ros11NodeHandle_I15s32K148HardwareLi25ELi25ELi512ELi512EE8logerrorEPKc
                0x00003954        0x8 ./src/main.o
 .ARM.exidx.text._ZN14rosserial_msgs3LogC2Ev
                0x0000395c        0x8 ./src/main.o
 .ARM.exidx.text._ZN3ros11NodeHandle_I15s32K148HardwareLi25ELi25ELi512ELi512EE3logEcPKc
                0x00003964        0x8 ./src/main.o
 .ARM.exidx.text._Z41__static_initialization_and_destruction_0ii
                0x0000396c        0x8 ./src/main.o
 .ARM.exidx.text._ZN3ros11NodeHandle_I15s32K148HardwareLi25ELi25ELi512ELi512EE9connectedEv
                0x00003974        0x0 ./src/main.o
                                  0x8 (size before relaxing)
 .ARM.exidx.text._GLOBAL__sub_I___cxa_pure_virtual
                0x00003974        0x0 ./src/main.o
                                  0x8 (size before relaxing)
 .ARM.exidx     0x00003804       0x80 c:/nxp/s32ds_arm_v2.0/cross_tools/gcc-arm-none-eabi-4_9/bin/../lib/gcc/arm-none-eabi/4.9.3/armv7e-m\libgcc.a(unwind-arm.o)
                                 0xd8 (size before relaxing)
 .ARM.exidx     0x00003884       0x38 c:/nxp/s32ds_arm_v2.0/cross_tools/gcc-arm-none-eabi-4_9/bin/../lib/gcc/arm-none-eabi/4.9.3/armv7e-m\libgcc.a(pr-support.o)
                                 0x48 (size before relaxing)
 .ARM.exidx.text._ZNK10__cxxabiv117__class_type_info11__do_upcastEPKS0_PPv
                0x00003974        0x8 C:/NXP/S32DS_ARM_v2.0/S32DS/arm_ewl2/lib/armv7e-m\libsupc++.a(class_type_info.o)
 .ARM.exidx.text._ZNK10__cxxabiv117__class_type_info20__do_find_public_srcEiPKvPKS0_S2_
                0x0000397c        0x8 C:/NXP/S32DS_ARM_v2.0/S32DS/arm_ewl2/lib/armv7e-m\libsupc++.a(class_type_info.o)
 .ARM.exidx.text._ZN10__cxxabiv117__class_type_infoD2Ev
                0x00003984        0x8 C:/NXP/S32DS_ARM_v2.0/S32DS/arm_ewl2/lib/armv7e-m\libsupc++.a(class_type_info.o)
 .ARM.exidx.text._ZN10__cxxabiv117__class_type_infoD0Ev
                0x0000398c        0x0 C:/NXP/S32DS_ARM_v2.0/S32DS/arm_ewl2/lib/armv7e-m\libsupc++.a(class_type_info.o)
                                  0x8 (size before relaxing)
 .ARM.exidx.text._ZNK10__cxxabiv117__class_type_info11__do_upcastEPKS0_PKvRNS0_15__upcast_resultE
                0x0000398c        0x8 C:/NXP/S32DS_ARM_v2.0/S32DS/arm_ewl2/lib/armv7e-m\libsupc++.a(class_type_info.o)
 .ARM.exidx.text._ZNK10__cxxabiv117__class_type_info10__do_catchEPKSt9type_infoPPvj
                0x00003994        0x8 C:/NXP/S32DS_ARM_v2.0/S32DS/arm_ewl2/lib/armv7e-m\libsupc++.a(class_type_info.o)
 .ARM.exidx.text._ZNK10__cxxabiv117__class_type_info12__do_dyncastEiNS0_10__sub_kindEPKS0_PKvS3_S5_RNS0_16__dyncast_resultE
                0x0000399c        0x8 C:/NXP/S32DS_ARM_v2.0/S32DS/arm_ewl2/lib/armv7e-m\libsupc++.a(class_type_info.o)
 .ARM.exidx.text._ZdlPv
                0x000039a4        0x8 C:/NXP/S32DS_ARM_v2.0/S32DS/arm_ewl2/lib/armv7e-m\libsupc++.a(del_op.o)
 .ARM.exidx.text._ZN10__cxxabiv120__si_class_type_infoD2Ev
                0x000039ac        0x8 C:/NXP/S32DS_ARM_v2.0/S32DS/arm_ewl2/lib/armv7e-m\libsupc++.a(si_class_type_info.o)
 .ARM.exidx.text._ZN10__cxxabiv120__si_class_type_infoD0Ev
                0x000039b4        0x0 C:/NXP/S32DS_ARM_v2.0/S32DS/arm_ewl2/lib/armv7e-m\libsupc++.a(si_class_type_info.o)
                                  0x8 (size before relaxing)
 .ARM.exidx.text._ZNK10__cxxabiv120__si_class_type_info20__do_find_public_srcEiPKvPKNS_17__class_type_infoES2_
                0x000039b4        0x8 C:/NXP/S32DS_ARM_v2.0/S32DS/arm_ewl2/lib/armv7e-m\libsupc++.a(si_class_type_info.o)
 .ARM.exidx.text._ZNK10__cxxabiv120__si_class_type_info12__do_dyncastEiNS_17__class_type_info10__sub_kindEPKS1_PKvS4_S6_RNS1_16__dyncast_resultE
                0x000039bc        0x8 C:/NXP/S32DS_ARM_v2.0/S32DS/arm_ewl2/lib/armv7e-m\libsupc++.a(si_class_type_info.o)
 .ARM.exidx.text._ZNK10__cxxabiv120__si_class_type_info11__do_upcastEPKNS_17__class_type_infoEPKvRNS1_15__upcast_resultE
                0x000039c4        0x8 C:/NXP/S32DS_ARM_v2.0/S32DS/arm_ewl2/lib/armv7e-m\libsupc++.a(si_class_type_info.o)
 .ARM.exidx.text._ZNSt9type_infoD2Ev
                0x000039cc        0x8 C:/NXP/S32DS_ARM_v2.0/S32DS/arm_ewl2/lib/armv7e-m\libsupc++.a(tinfo.o)
 .ARM.exidx.text._ZNKSt9type_info14__is_pointer_pEv
                0x000039d4        0x0 C:/NXP/S32DS_ARM_v2.0/S32DS/arm_ewl2/lib/armv7e-m\libsupc++.a(tinfo.o)
                                  0x8 (size before relaxing)
 .ARM.exidx.text._ZNKSt9type_info15__is_function_pEv
                0x000039d4        0x0 C:/NXP/S32DS_ARM_v2.0/S32DS/arm_ewl2/lib/armv7e-m\libsupc++.a(tinfo.o)
                                  0x8 (size before relaxing)
 .ARM.exidx.text._ZNKSt9type_infoeqERKS_
                0x000039d4        0x0 C:/NXP/S32DS_ARM_v2.0/S32DS/arm_ewl2/lib/armv7e-m\libsupc++.a(tinfo.o)
                                  0x8 (size before relaxing)
                0x000039d4                __exidx_end = .

.rel.dyn        0x000039d4        0x0
 .rel.iplt      0x00000000        0x0 C:/NXP/S32DS_ARM_v2.0/S32DS/arm_ewl2/lib/armv7e-m/__arm_start.o

.ctors          0x000039d4        0x0
                0x000039d4                __CTOR_LIST__ = .
 *crtbegin.o(.ctors)
 *crtbegin?.o(.ctors)
 *(EXCLUDE_FILE(*crtend.o *crtend?.o) .ctors)
 *(SORT(.ctors.*))
 *(.ctors)
                0x000039d4                __CTOR_END__ = .

.dtors          0x000039d4        0x0
                0x000039d4                __DTOR_LIST__ = .
 *crtbegin.o(.dtors)
 *crtbegin?.o(.dtors)
 *(EXCLUDE_FILE(*crtend.o *crtend?.o) .dtors)
 *(SORT(.dtors.*))
 *(.dtors)
                0x000039d4                __DTOR_END__ = .

.preinit_array  0x000039d4        0x0
                0x000039d4                PROVIDE (__preinit_array_start, .)
 *(.preinit_array*)
                0x000039d4                PROVIDE (__preinit_array_end, .)

.init_array     0x000039d4        0x4
                0x000039d4                PROVIDE (__init_array_start, .)
 *(SORT(.init_array.*))
 *(.init_array*)
 .init_array    0x000039d4        0x4 ./src/main.o
                0x000039d8                PROVIDE (__init_array_end, .)

.fini_array     0x000039d8        0x0
                0x000039d8                PROVIDE (__fini_array_start, .)
 *(SORT(.fini_array.*))
 *(.fini_array*)
                0x000039d8                PROVIDE (__fini_array_end, .)
                0x000039d8                __etext = .
                0x000039d8                __DATA_ROM = .

.interrupts_ram
                0x1ffe0000      0x400
                0x1ffe0000                . = ALIGN (0x4)
                0x1ffe0000                __VECTOR_RAM__ = .
                0x1ffe0000                __interrupts_ram_start__ = .
 *(.m_interrupts_ram)
                0x1ffe0400                . = (. + M_VECTOR_RAM_SIZE)
 *fill*         0x1ffe0000      0x400 
                0x1ffe0400                . = ALIGN (0x4)
                0x1ffe0400                __interrupts_ram_end__ = .
                0x1ffe0000                __VECTOR_RAM = DEFINED (__flash_vector_table__)?ORIGIN (m_interrupts):__VECTOR_RAM__
                0x00000400                __RAM_VECTOR_TABLE_SIZE = DEFINED (__flash_vector_table__)?0x0:(__interrupts_ram_end__ - __interrupts_ram_start__)

.data           0x1ffe0400       0x18 load address 0x000039d8
                0x1ffe0400                . = ALIGN (0x4)
                0x1ffe0400                __DATA_RAM = .
                0x1ffe0400                __data_start__ = .
 *(.data)
 *(.data*)
 .data.hello    0x1ffe0400        0xd ./src/main.o
                0x1ffe0400                hello
 *fill*         0x1ffe040d        0x3 
 .data.tail     0x1ffe0410        0x4 C:/NXP/S32DS_ARM_v2.0/S32DS/arm_ewl2/lib/armv7e-m\libc99.a(alloc.o)
 .data._ZN10__cxxabiv119__terminate_handlerE
                0x1ffe0414        0x4 C:/NXP/S32DS_ARM_v2.0/S32DS/arm_ewl2/lib/armv7e-m\librt.a(cxxabi_terminate_override.o)
                0x1ffe0414                __cxxabiv1::__terminate_handler
 *(.jcr*)
                0x1ffe0418                . = ALIGN (0x4)
                0x1ffe0418                __data_end__ = .
                0x000039f0                __DATA_END = (__DATA_ROM + (__data_end__ - __data_start__))
                0x000039f0                __CODE_ROM = __DATA_END

.igot.plt       0x1ffe0418        0x0 load address 0x000039f0
 .igot.plt      0x00000000        0x0 C:/NXP/S32DS_ARM_v2.0/S32DS/arm_ewl2/lib/armv7e-m/__arm_start.o

.code           0x1ffe0418        0x0 load address 0x000039f0
                0x1ffe0418                . = ALIGN (0x4)
                0x1ffe0418                __CODE_RAM = .
                0x1ffe0418                __code_start__ = .
 *(.code_ram)
                0x1ffe0418                . = ALIGN (0x4)
                0x1ffe0418                __code_end__ = .
                0x000039f0                __CODE_END = (__CODE_ROM + (__code_end__ - __code_start__))

.customSectionBlock
 *(.customSection)

.bss            0x20000000      0x580
                0x20000000                . = ALIGN (0x4)
                0x20000000                __BSS_START = .
                0x20000000                __bss_start__ = .
 *(.bss)
 *(.bss*)
 .bss.overflow  0x20000000        0x4 ./src/ross_files/s32k148_time.o
 .bss.nh        0x20000004      0x52c ./src/main.o
                0x20000004                nh
 .bss.str_msg   0x20000530        0x8 ./src/main.o
                0x20000530                str_msg
 .bss.chatter   0x20000538       0x14 ./src/main.o
                0x20000538                chatter
 .bss.lptmr_callback
                0x2000054c        0x4 ./src/drivers/lptmr.o
 .bss.head      0x20000550        0x4 C:/NXP/S32DS_ARM_v2.0/S32DS/arm_ewl2/lib/armv7e-m\libc99.a(alloc.o)
 .bss.heap_end.4311
                0x20000554        0x4 C:/NXP/S32DS_ARM_v2.0/S32DS/arm_ewl2/lib/armv7e-m\libc99.a(alloc.o)
 .bss.__stdio_exit
                0x20000558        0x4 C:/NXP/S32DS_ARM_v2.0/S32DS/arm_ewl2/lib/armv7e-m\libc99.a(exit.o)
                0x20000558                __stdio_exit
 .bss.__console_exit
                0x2000055c        0x4 C:/NXP/S32DS_ARM_v2.0/S32DS/arm_ewl2/lib/armv7e-m\libc99.a(exit.o)
                0x2000055c                __console_exit
 .bss.__global_destructor_chain
                0x20000560        0x4 C:/NXP/S32DS_ARM_v2.0/S32DS/arm_ewl2/lib/armv7e-m\librt.a(__arm_eabi_init.o)
                0x20000560                __global_destructor_chain
 *(COMMON)
 COMMON         0x20000564       0x1c C:/NXP/S32DS_ARM_v2.0/S32DS/arm_ewl2/lib/armv7e-m\libc99.a(signal.o)
                0x20000564                signal_funcs
                0x20000580                . = ALIGN (0x4)
                0x20000580                __bss_end__ = .
                0x20000580                __BSS_END = .

.heap           0x20000580      0x400
                0x20000580                . = ALIGN (0x8)
                0x20000580                __end__ = .
                0x20000580                PROVIDE (end, .)
                0x20000580                PROVIDE (_end, .)
                0x20000580                PROVIDE (__end, .)
                0x20000580                __HeapBase = .
                0x20000980                . = (. + HEAP_SIZE)
 *fill*         0x20000580      0x400 
                0x20000980                __HeapLimit = .
                0x20000980                __heap_limit = .

.stack          0x20000980      0x400
                0x20000980                . = ALIGN (0x8)
                0x20000d80                . = (. + STACK_SIZE)
 *fill*         0x20000980      0x400 
                0x2001f000                __StackTop = (ORIGIN (m_data_2) + 0x1f000)
                0x2001ec00                __StackLimit = (__StackTop - STACK_SIZE)
                0x2001f000                PROVIDE (__stack, __StackTop)

.ARM.attributes
                0x00000000       0x31
 *(.ARM.attributes)
 .ARM.attributes
                0x00000000       0x33 ./src/ross_files/s32k148_uart.o
 .ARM.attributes
                0x00000033       0x33 ./src/ross_files/s32k148_time.o
 .ARM.attributes
                0x00000066       0x33 ./src/ross_files/ros_lib/time.o
 .ARM.attributes
                0x00000099       0x33 ./src/main.o
 .ARM.attributes
                0x000000cc       0x33 ./src/drivers/lptmr.o
 .ARM.attributes
                0x000000ff       0x33 ./Project_Settings/Startup_Code/system_S32K148.o
 .ARM.attributes
                0x00000132       0x1b ./Project_Settings/Startup_Code/startup_S32K148.o
 .ARM.attributes
                0x0000014d       0x33 ./Project_Settings/Startup_Code/startup.o
 .ARM.attributes
                0x00000180       0x33 C:/NXP/S32DS_ARM_v2.0/S32DS/arm_ewl2/lib/armv7e-m\libc99.a(alloc.o)
 .ARM.attributes
                0x000001b3       0x33 C:/NXP/S32DS_ARM_v2.0/S32DS/arm_ewl2/lib/armv7e-m\libc99.a(exit.o)
 .ARM.attributes
                0x000001e6       0x33 C:/NXP/S32DS_ARM_v2.0/S32DS/arm_ewl2/lib/armv7e-m\libc99.a(memcpy.o)
 .ARM.attributes
                0x00000219       0x33 C:/NXP/S32DS_ARM_v2.0/S32DS/arm_ewl2/lib/armv7e-m\libc99.a(strlen.o)
 .ARM.attributes
                0x0000024c       0x2e c:/nxp/s32ds_arm_v2.0/cross_tools/gcc-arm-none-eabi-4_9/bin/../lib/gcc/arm-none-eabi/4.9.3/armv7e-m\libgcc.a(unwind-arm.o)
 .ARM.attributes
                0x0000027a       0x1e c:/nxp/s32ds_arm_v2.0/cross_tools/gcc-arm-none-eabi-4_9/bin/../lib/gcc/arm-none-eabi/4.9.3/armv7e-m\libgcc.a(libunwind.o)
 .ARM.attributes
                0x00000298       0x2e c:/nxp/s32ds_arm_v2.0/cross_tools/gcc-arm-none-eabi-4_9/bin/../lib/gcc/arm-none-eabi/4.9.3/armv7e-m\libgcc.a(pr-support.o)
 .ARM.attributes
                0x000002c6       0x33 C:/NXP/S32DS_ARM_v2.0/S32DS/arm_ewl2/lib/armv7e-m\librt.a(gcc_ctor_dtor.o)
 .ARM.attributes
                0x000002f9       0x33 C:/NXP/S32DS_ARM_v2.0/S32DS/arm_ewl2/lib/armv7e-m\librt.a(__arm_eabi_init.o)
 .ARM.attributes
                0x0000032c       0x33 C:/NXP/S32DS_ARM_v2.0/S32DS/arm_ewl2/lib/armv7e-m\librt.a(cxxabi_terminate_override.o)
 .ARM.attributes
                0x0000035f       0x2e C:/NXP/S32DS_ARM_v2.0/S32DS/arm_ewl2/lib/armv7e-m\libsupc++.a(class_type_info.o)
 .ARM.attributes
                0x0000038d       0x2e C:/NXP/S32DS_ARM_v2.0/S32DS/arm_ewl2/lib/armv7e-m\libsupc++.a(del_op.o)
 .ARM.attributes
                0x000003bb       0x2e C:/NXP/S32DS_ARM_v2.0/S32DS/arm_ewl2/lib/armv7e-m\libsupc++.a(si_class_type_info.o)
 .ARM.attributes
                0x000003e9       0x2e C:/NXP/S32DS_ARM_v2.0/S32DS/arm_ewl2/lib/armv7e-m\libsupc++.a(tinfo.o)
 .ARM.attributes
                0x00000417       0x33 C:/NXP/S32DS_ARM_v2.0/S32DS/arm_ewl2/lib/armv7e-m\libc99.a(abort.o)
 .ARM.attributes
                0x0000044a       0x33 C:/NXP/S32DS_ARM_v2.0/S32DS/arm_ewl2/lib/armv7e-m\libc99.a(strcmp.o)
 .ARM.attributes
                0x0000047d       0x33 C:/NXP/S32DS_ARM_v2.0/S32DS/arm_ewl2/lib/armv7e-m\libc99.a(raise.o)
 .ARM.attributes
                0x000004b0       0x33 C:/NXP/S32DS_ARM_v2.0/S32DS/arm_ewl2/lib/armv7e-m\libc99.a(signal.o)
                0x00000001                ASSERT ((__StackLimit >= __HeapLimit), region m_data_2 overflowed with stack and heap)
OUTPUT(s32k148_ross_uart.elf elf32-littlearm)

.debug_info     0x00000000     0x600c
 .debug_info    0x00000000       0xd7 ./src/ross_files/s32k148_uart.o
 .debug_info    0x000000d7      0x5b1 ./src/ross_files/s32k148_time.o
 .debug_info    0x00000688     0x107d ./src/ross_files/ros_lib/time.o
 .debug_info    0x00001705     0x2dff ./src/main.o
 .debug_info    0x00004504      0x17b ./src/drivers/lptmr.o
 .debug_info    0x0000467f      0x63e ./Project_Settings/Startup_Code/system_S32K148.o
 .debug_info    0x00004cbd       0x95 ./Project_Settings/Startup_Code/startup_S32K148.o
 .debug_info    0x00004d52      0x41d ./Project_Settings/Startup_Code/startup.o
 .debug_info    0x0000516f      0x33e C:/NXP/S32DS_ARM_v2.0/S32DS/arm_ewl2/lib/armv7e-m\libc99.a(alloc.o)
 .debug_info    0x000054ad      0x111 C:/NXP/S32DS_ARM_v2.0/S32DS/arm_ewl2/lib/armv7e-m\libc99.a(exit.o)
 .debug_info    0x000055be      0x111 C:/NXP/S32DS_ARM_v2.0/S32DS/arm_ewl2/lib/armv7e-m\libc99.a(memcpy.o)
 .debug_info    0x000056cf       0xeb C:/NXP/S32DS_ARM_v2.0/S32DS/arm_ewl2/lib/armv7e-m\libc99.a(strlen.o)
 .debug_info    0x000057ba      0x14a C:/NXP/S32DS_ARM_v2.0/S32DS/arm_ewl2/lib/armv7e-m\librt.a(gcc_ctor_dtor.o)
 .debug_info    0x00005904      0x2b3 C:/NXP/S32DS_ARM_v2.0/S32DS/arm_ewl2/lib/armv7e-m\librt.a(__arm_eabi_init.o)
 .debug_info    0x00005bb7       0x62 C:/NXP/S32DS_ARM_v2.0/S32DS/arm_ewl2/lib/armv7e-m\librt.a(cxxabi_terminate_override.o)
 .debug_info    0x00005c19       0xb2 C:/NXP/S32DS_ARM_v2.0/S32DS/arm_ewl2/lib/armv7e-m\libc99.a(abort.o)
 .debug_info    0x00005ccb      0x115 C:/NXP/S32DS_ARM_v2.0/S32DS/arm_ewl2/lib/armv7e-m\libc99.a(strcmp.o)
 .debug_info    0x00005de0      0x108 C:/NXP/S32DS_ARM_v2.0/S32DS/arm_ewl2/lib/armv7e-m\libc99.a(raise.o)
 .debug_info    0x00005ee8      0x124 C:/NXP/S32DS_ARM_v2.0/S32DS/arm_ewl2/lib/armv7e-m\libc99.a(signal.o)

.debug_abbrev   0x00000000     0x1616
 .debug_abbrev  0x00000000       0x95 ./src/ross_files/s32k148_uart.o
 .debug_abbrev  0x00000095      0x112 ./src/ross_files/s32k148_time.o
 .debug_abbrev  0x000001a7      0x308 ./src/ross_files/ros_lib/time.o
 .debug_abbrev  0x000004af      0x5fd ./src/main.o
 .debug_abbrev  0x00000aac       0xf8 ./src/drivers/lptmr.o
 .debug_abbrev  0x00000ba4      0x118 ./Project_Settings/Startup_Code/system_S32K148.o
 .debug_abbrev  0x00000cbc       0x14 ./Project_Settings/Startup_Code/startup_S32K148.o
 .debug_abbrev  0x00000cd0      0x101 ./Project_Settings/Startup_Code/startup.o
 .debug_abbrev  0x00000dd1      0x18d C:/NXP/S32DS_ARM_v2.0/S32DS/arm_ewl2/lib/armv7e-m\libc99.a(alloc.o)
 .debug_abbrev  0x00000f5e       0x91 C:/NXP/S32DS_ARM_v2.0/S32DS/arm_ewl2/lib/armv7e-m\libc99.a(exit.o)
 .debug_abbrev  0x00000fef       0x95 C:/NXP/S32DS_ARM_v2.0/S32DS/arm_ewl2/lib/armv7e-m\libc99.a(memcpy.o)
 .debug_abbrev  0x00001084       0x7a C:/NXP/S32DS_ARM_v2.0/S32DS/arm_ewl2/lib/armv7e-m\libc99.a(strlen.o)
 .debug_abbrev  0x000010fe       0xae C:/NXP/S32DS_ARM_v2.0/S32DS/arm_ewl2/lib/armv7e-m\librt.a(gcc_ctor_dtor.o)
 .debug_abbrev  0x000011ac      0x1d3 C:/NXP/S32DS_ARM_v2.0/S32DS/arm_ewl2/lib/armv7e-m\librt.a(__arm_eabi_init.o)
 .debug_abbrev  0x0000137f       0x55 C:/NXP/S32DS_ARM_v2.0/S32DS/arm_ewl2/lib/armv7e-m\librt.a(cxxabi_terminate_override.o)
 .debug_abbrev  0x000013d4       0x5c C:/NXP/S32DS_ARM_v2.0/S32DS/arm_ewl2/lib/armv7e-m\libc99.a(abort.o)
 .debug_abbrev  0x00001430       0x7a C:/NXP/S32DS_ARM_v2.0/S32DS/arm_ewl2/lib/armv7e-m\libc99.a(strcmp.o)
 .debug_abbrev  0x000014aa       0xa6 C:/NXP/S32DS_ARM_v2.0/S32DS/arm_ewl2/lib/armv7e-m\libc99.a(raise.o)
 .debug_abbrev  0x00001550       0xc6 C:/NXP/S32DS_ARM_v2.0/S32DS/arm_ewl2/lib/armv7e-m\libc99.a(signal.o)

.debug_aranges  0x00000000      0x4b8
 .debug_aranges
                0x00000000       0x30 ./src/ross_files/s32k148_uart.o
 .debug_aranges
                0x00000030       0x38 ./src/ross_files/s32k148_time.o
 .debug_aranges
                0x00000068       0x38 ./src/ross_files/ros_lib/time.o
 .debug_aranges
                0x000000a0      0x1b8 ./src/main.o
 .debug_aranges
                0x00000258       0x28 ./src/drivers/lptmr.o
 .debug_aranges
                0x00000280       0x30 ./Project_Settings/Startup_Code/system_S32K148.o
 .debug_aranges
                0x000002b0       0x20 ./Project_Settings/Startup_Code/startup_S32K148.o
 .debug_aranges
                0x000002d0       0x20 ./Project_Settings/Startup_Code/startup.o
 .debug_aranges
                0x000002f0       0x40 C:/NXP/S32DS_ARM_v2.0/S32DS/arm_ewl2/lib/armv7e-m\libc99.a(alloc.o)
 .debug_aranges
                0x00000330       0x28 C:/NXP/S32DS_ARM_v2.0/S32DS/arm_ewl2/lib/armv7e-m\libc99.a(exit.o)
 .debug_aranges
                0x00000358       0x20 C:/NXP/S32DS_ARM_v2.0/S32DS/arm_ewl2/lib/armv7e-m\libc99.a(memcpy.o)
 .debug_aranges
                0x00000378       0x20 C:/NXP/S32DS_ARM_v2.0/S32DS/arm_ewl2/lib/armv7e-m\libc99.a(strlen.o)
 .debug_aranges
                0x00000398       0x30 C:/NXP/S32DS_ARM_v2.0/S32DS/arm_ewl2/lib/armv7e-m\librt.a(gcc_ctor_dtor.o)
 .debug_aranges
                0x000003c8       0x58 C:/NXP/S32DS_ARM_v2.0/S32DS/arm_ewl2/lib/armv7e-m\librt.a(__arm_eabi_init.o)
 .debug_aranges
                0x00000420       0x18 C:/NXP/S32DS_ARM_v2.0/S32DS/arm_ewl2/lib/armv7e-m\librt.a(cxxabi_terminate_override.o)
 .debug_aranges
                0x00000438       0x20 C:/NXP/S32DS_ARM_v2.0/S32DS/arm_ewl2/lib/armv7e-m\libc99.a(abort.o)
 .debug_aranges
                0x00000458       0x20 C:/NXP/S32DS_ARM_v2.0/S32DS/arm_ewl2/lib/armv7e-m\libc99.a(strcmp.o)
 .debug_aranges
                0x00000478       0x20 C:/NXP/S32DS_ARM_v2.0/S32DS/arm_ewl2/lib/armv7e-m\libc99.a(raise.o)
 .debug_aranges
                0x00000498       0x20 C:/NXP/S32DS_ARM_v2.0/S32DS/arm_ewl2/lib/armv7e-m\libc99.a(signal.o)

.debug_ranges   0x00000000      0x278
 .debug_ranges  0x00000000       0x20 ./src/ross_files/s32k148_uart.o
 .debug_ranges  0x00000020       0x28 ./src/ross_files/s32k148_time.o
 .debug_ranges  0x00000048       0x28 ./src/ross_files/ros_lib/time.o
 .debug_ranges  0x00000070      0x1c0 ./src/main.o
 .debug_ranges  0x00000230       0x18 ./src/drivers/lptmr.o
 .debug_ranges  0x00000248       0x20 ./Project_Settings/Startup_Code/system_S32K148.o
 .debug_ranges  0x00000268       0x10 ./Project_Settings/Startup_Code/startup.o

.debug_macro    0x00000000    0x38dfd
 .debug_macro   0x00000000       0xbb ./src/ross_files/s32k148_uart.o
 .debug_macro   0x000000bb      0x868 ./src/ross_files/s32k148_uart.o
 .debug_macro   0x00000923       0x52 ./src/ross_files/s32k148_uart.o
 .debug_macro   0x00000975       0xa0 ./src/ross_files/s32k148_uart.o
 .debug_macro   0x00000a15       0x16 ./src/ross_files/s32k148_uart.o
 .debug_macro   0x00000a2b       0x16 ./src/ross_files/s32k148_uart.o
 .debug_macro   0x00000a41       0x64 ./src/ross_files/s32k148_uart.o
 .debug_macro   0x00000aa5      0x185 ./src/ross_files/s32k148_uart.o
 .debug_macro   0x00000c2a      0x140 ./src/ross_files/s32k148_uart.o
 .debug_macro   0x00000d6a       0x9d ./src/ross_files/s32k148_uart.o
 .debug_macro   0x00000e07       0x10 ./src/ross_files/s32k148_uart.o
 .debug_macro   0x00000e17      0x15b ./src/ross_files/s32k148_uart.o
 .debug_macro   0x00000f72       0x28 ./src/ross_files/s32k148_uart.o
 .debug_macro   0x00000f9a       0x58 ./src/ross_files/s32k148_uart.o
 .debug_macro   0x00000ff2    0x11ce7 ./src/ross_files/s32k148_uart.o
 .debug_macro   0x00012cd9       0xf8 ./src/ross_files/s32k148_time.o
 .debug_macro   0x00012dd1    0x11cf9 ./src/ross_files/s32k148_time.o
 .debug_macro   0x00024aca       0x10 ./src/ross_files/s32k148_time.o
 .debug_macro   0x00024ada       0x6d ./src/ross_files/s32k148_time.o
 .debug_macro   0x00024b47      0xb08 ./src/ross_files/s32k148_time.o
 .debug_macro   0x0002564f       0x22 ./src/ross_files/s32k148_time.o
 .debug_macro   0x00025671      0x24c ./src/ross_files/ros_lib/time.o
 .debug_macro   0x000258bd      0x898 ./src/ross_files/ros_lib/time.o
 .debug_macro   0x00026155      0x18c ./src/ross_files/ros_lib/time.o
 .debug_macro   0x000262e1      0x14e ./src/ross_files/ros_lib/time.o
 .debug_macro   0x0002642f       0x16 ./src/ross_files/ros_lib/time.o
 .debug_macro   0x00026445       0x16 ./src/ross_files/ros_lib/time.o
 .debug_macro   0x0002645b       0x10 ./src/ross_files/ros_lib/time.o
 .debug_macro   0x0002646b       0x2e ./src/ross_files/ros_lib/time.o
 .debug_macro   0x00026499       0x28 ./src/ross_files/ros_lib/time.o
 .debug_macro   0x000264c1       0x16 ./src/ross_files/ros_lib/time.o
 .debug_macro   0x000264d7       0xd6 ./src/ross_files/ros_lib/time.o
 .debug_macro   0x000265ad       0x80 ./src/ross_files/ros_lib/time.o
 .debug_macro   0x0002662d      0x194 ./src/ross_files/ros_lib/time.o
 .debug_macro   0x000267c1       0xac ./src/ross_files/ros_lib/time.o
 .debug_macro   0x0002686d       0x10 ./src/ross_files/ros_lib/time.o
 .debug_macro   0x0002687d      0x11f ./src/ross_files/ros_lib/time.o
 .debug_macro   0x0002699c      0x193 ./src/ross_files/ros_lib/time.o
 .debug_macro   0x00026b2f       0x58 ./src/ross_files/ros_lib/time.o
 .debug_macro   0x00026b87       0x40 ./src/ross_files/ros_lib/time.o
 .debug_macro   0x00026bc7      0x255 ./src/main.o
 .debug_macro   0x00026e1c    0x11cf9 ./src/main.o
 .debug_macro   0x00038b15       0xe9 ./src/drivers/lptmr.o
 .debug_macro   0x00038bfe       0xe8 ./Project_Settings/Startup_Code/system_S32K148.o
 .debug_macro   0x00038ce6       0x2e ./Project_Settings/Startup_Code/system_S32K148.o
 .debug_macro   0x00038d14       0xe9 ./Project_Settings/Startup_Code/startup.o

.debug_line     0x00000000     0x2527
 .debug_line    0x00000000      0x1f7 ./src/ross_files/s32k148_uart.o
 .debug_line    0x000001f7      0x29a ./src/ross_files/s32k148_time.o
 .debug_line    0x00000491      0x5c7 ./src/ross_files/ros_lib/time.o
 .debug_line    0x00000a58      0xc1f ./src/main.o
 .debug_line    0x00001677      0x235 ./src/drivers/lptmr.o
 .debug_line    0x000018ac      0x29d ./Project_Settings/Startup_Code/system_S32K148.o
 .debug_line    0x00001b49       0x83 ./Project_Settings/Startup_Code/startup_S32K148.o
 .debug_line    0x00001bcc      0x266 ./Project_Settings/Startup_Code/startup.o
 .debug_line    0x00001e32      0x15d C:/NXP/S32DS_ARM_v2.0/S32DS/arm_ewl2/lib/armv7e-m\libc99.a(alloc.o)
 .debug_line    0x00001f8f       0xa4 C:/NXP/S32DS_ARM_v2.0/S32DS/arm_ewl2/lib/armv7e-m\libc99.a(exit.o)
 .debug_line    0x00002033       0x88 C:/NXP/S32DS_ARM_v2.0/S32DS/arm_ewl2/lib/armv7e-m\libc99.a(memcpy.o)
 .debug_line    0x000020bb       0x84 C:/NXP/S32DS_ARM_v2.0/S32DS/arm_ewl2/lib/armv7e-m\libc99.a(strlen.o)
 .debug_line    0x0000213f       0x74 C:/NXP/S32DS_ARM_v2.0/S32DS/arm_ewl2/lib/armv7e-m\librt.a(gcc_ctor_dtor.o)
 .debug_line    0x000021b3      0x107 C:/NXP/S32DS_ARM_v2.0/S32DS/arm_ewl2/lib/armv7e-m\librt.a(__arm_eabi_init.o)
 .debug_line    0x000022ba       0x66 C:/NXP/S32DS_ARM_v2.0/S32DS/arm_ewl2/lib/armv7e-m\librt.a(cxxabi_terminate_override.o)
 .debug_line    0x00002320       0x77 C:/NXP/S32DS_ARM_v2.0/S32DS/arm_ewl2/lib/armv7e-m\libc99.a(abort.o)
 .debug_line    0x00002397       0x7c C:/NXP/S32DS_ARM_v2.0/S32DS/arm_ewl2/lib/armv7e-m\libc99.a(strcmp.o)
 .debug_line    0x00002413       0x8a C:/NXP/S32DS_ARM_v2.0/S32DS/arm_ewl2/lib/armv7e-m\libc99.a(raise.o)
 .debug_line    0x0000249d       0x8a C:/NXP/S32DS_ARM_v2.0/S32DS/arm_ewl2/lib/armv7e-m\libc99.a(signal.o)

.debug_str      0x00000000    0x81d3e
 .debug_str     0x00000000    0x774fb ./src/ross_files/s32k148_uart.o
                              0x77593 (size before relaxing)
 .debug_str     0x000774fb     0x6687 ./src/ross_files/s32k148_time.o
                              0x7db6b (size before relaxing)
 .debug_str     0x0007db82     0x2383 ./src/ross_files/ros_lib/time.o
                               0x5c2d (size before relaxing)
 .debug_str     0x0007ff05     0x1130 ./src/main.o
                              0x7a2e1 (size before relaxing)
 .debug_str     0x00081035       0x74 ./src/drivers/lptmr.o
                              0x7d27b (size before relaxing)
 .debug_str     0x000810a9      0x2b0 ./Project_Settings/Startup_Code/system_S32K148.o
                              0x7d4e6 (size before relaxing)
 .debug_str     0x00081359      0x12f ./Project_Settings/Startup_Code/startup.o
                              0x7d3c7 (size before relaxing)
 .debug_str     0x00081488      0x213 C:/NXP/S32DS_ARM_v2.0/S32DS/arm_ewl2/lib/armv7e-m\libc99.a(alloc.o)
                                0x2df (size before relaxing)
 .debug_str     0x0008169b       0x35 C:/NXP/S32DS_ARM_v2.0/S32DS/arm_ewl2/lib/armv7e-m\libc99.a(exit.o)
                                0x23c (size before relaxing)
 .debug_str     0x000816d0       0x1c C:/NXP/S32DS_ARM_v2.0/S32DS/arm_ewl2/lib/armv7e-m\libc99.a(memcpy.o)
                                0x217 (size before relaxing)
 .debug_str     0x000816ec       0x24 C:/NXP/S32DS_ARM_v2.0/S32DS/arm_ewl2/lib/armv7e-m\libc99.a(strlen.o)
                                0x21f (size before relaxing)
 .debug_str     0x00081710      0x285 C:/NXP/S32DS_ARM_v2.0/S32DS/arm_ewl2/lib/armv7e-m\librt.a(gcc_ctor_dtor.o)
                                0x28e (size before relaxing)
 .debug_str     0x00081995      0x103 C:/NXP/S32DS_ARM_v2.0/S32DS/arm_ewl2/lib/armv7e-m\librt.a(__arm_eabi_init.o)
                                0x2b5 (size before relaxing)
 .debug_str     0x00081a98      0x204 C:/NXP/S32DS_ARM_v2.0/S32DS/arm_ewl2/lib/armv7e-m\librt.a(cxxabi_terminate_override.o)
                                0x24d (size before relaxing)
 .debug_str     0x00081c9c       0x19 C:/NXP/S32DS_ARM_v2.0/S32DS/arm_ewl2/lib/armv7e-m\libc99.a(abort.o)
                                0x21e (size before relaxing)
 .debug_str     0x00081cb5       0x26 C:/NXP/S32DS_ARM_v2.0/S32DS/arm_ewl2/lib/armv7e-m\libc99.a(strcmp.o)
                                0x231 (size before relaxing)
 .debug_str     0x00081cdb       0x38 C:/NXP/S32DS_ARM_v2.0/S32DS/arm_ewl2/lib/armv7e-m\libc99.a(raise.o)
                                0x240 (size before relaxing)
 .debug_str     0x00081d13       0x2b C:/NXP/S32DS_ARM_v2.0/S32DS/arm_ewl2/lib/armv7e-m\libc99.a(signal.o)
                                0x258 (size before relaxing)

.comment        0x00000000       0x70
 .comment       0x00000000       0x70 ./src/ross_files/s32k148_uart.o
                                 0x71 (size before relaxing)
 .comment       0x00000000       0x71 ./src/ross_files/s32k148_time.o
 .comment       0x00000000       0x71 ./src/ross_files/ros_lib/time.o
 .comment       0x00000000       0x71 ./src/main.o
 .comment       0x00000000       0x71 ./src/drivers/lptmr.o
 .comment       0x00000000       0x71 ./Project_Settings/Startup_Code/system_S32K148.o
 .comment       0x00000000       0x71 ./Project_Settings/Startup_Code/startup.o
 .comment       0x00000000       0x71 C:/NXP/S32DS_ARM_v2.0/S32DS/arm_ewl2/lib/armv7e-m\libc99.a(alloc.o)
 .comment       0x00000000       0x71 C:/NXP/S32DS_ARM_v2.0/S32DS/arm_ewl2/lib/armv7e-m\libc99.a(exit.o)
 .comment       0x00000000       0x71 C:/NXP/S32DS_ARM_v2.0/S32DS/arm_ewl2/lib/armv7e-m\libc99.a(memcpy.o)
 .comment       0x00000000       0x71 C:/NXP/S32DS_ARM_v2.0/S32DS/arm_ewl2/lib/armv7e-m\libc99.a(strlen.o)
 .comment       0x00000000       0x71 C:/NXP/S32DS_ARM_v2.0/S32DS/arm_ewl2/lib/armv7e-m\librt.a(gcc_ctor_dtor.o)
 .comment       0x00000000       0x71 C:/NXP/S32DS_ARM_v2.0/S32DS/arm_ewl2/lib/armv7e-m\librt.a(__arm_eabi_init.o)
 .comment       0x00000000       0x71 C:/NXP/S32DS_ARM_v2.0/S32DS/arm_ewl2/lib/armv7e-m\librt.a(cxxabi_terminate_override.o)
 .comment       0x00000000       0x71 C:/NXP/S32DS_ARM_v2.0/S32DS/arm_ewl2/lib/armv7e-m\libc99.a(abort.o)
 .comment       0x00000000       0x71 C:/NXP/S32DS_ARM_v2.0/S32DS/arm_ewl2/lib/armv7e-m\libc99.a(strcmp.o)
 .comment       0x00000000       0x71 C:/NXP/S32DS_ARM_v2.0/S32DS/arm_ewl2/lib/armv7e-m\libc99.a(raise.o)
 .comment       0x00000000       0x71 C:/NXP/S32DS_ARM_v2.0/S32DS/arm_ewl2/lib/armv7e-m\libc99.a(signal.o)

.debug_frame    0x00000000     0x1378
 .debug_frame   0x00000000       0x78 ./src/ross_files/s32k148_uart.o
 .debug_frame   0x00000078       0x8c ./src/ross_files/s32k148_time.o
 .debug_frame   0x00000104       0xa4 ./src/ross_files/ros_lib/time.o
 .debug_frame   0x000001a8      0x7bc ./src/main.o
 .debug_frame   0x00000964       0x54 ./src/drivers/lptmr.o
 .debug_frame   0x000009b8       0x80 ./Project_Settings/Startup_Code/system_S32K148.o
 .debug_frame   0x00000a38       0x38 ./Project_Settings/Startup_Code/startup.o
 .debug_frame   0x00000a70       0x90 C:/NXP/S32DS_ARM_v2.0/S32DS/arm_ewl2/lib/armv7e-m\libc99.a(alloc.o)
 .debug_frame   0x00000b00       0x3c C:/NXP/S32DS_ARM_v2.0/S32DS/arm_ewl2/lib/armv7e-m\libc99.a(exit.o)
 .debug_frame   0x00000b3c       0x28 C:/NXP/S32DS_ARM_v2.0/S32DS/arm_ewl2/lib/armv7e-m\libc99.a(memcpy.o)
 .debug_frame   0x00000b64       0x20 C:/NXP/S32DS_ARM_v2.0/S32DS/arm_ewl2/lib/armv7e-m\libc99.a(strlen.o)
 .debug_frame   0x00000b84      0x2f4 c:/nxp/s32ds_arm_v2.0/cross_tools/gcc-arm-none-eabi-4_9/bin/../lib/gcc/arm-none-eabi/4.9.3/armv7e-m\libgcc.a(unwind-arm.o)
 .debug_frame   0x00000e78      0x104 c:/nxp/s32ds_arm_v2.0/cross_tools/gcc-arm-none-eabi-4_9/bin/../lib/gcc/arm-none-eabi/4.9.3/armv7e-m\libgcc.a(pr-support.o)
 .debug_frame   0x00000f7c       0x50 C:/NXP/S32DS_ARM_v2.0/S32DS/arm_ewl2/lib/armv7e-m\librt.a(gcc_ctor_dtor.o)
 .debug_frame   0x00000fcc       0xac C:/NXP/S32DS_ARM_v2.0/S32DS/arm_ewl2/lib/armv7e-m\librt.a(__arm_eabi_init.o)
 .debug_frame   0x00001078       0xdc C:/NXP/S32DS_ARM_v2.0/S32DS/arm_ewl2/lib/armv7e-m\libsupc++.a(class_type_info.o)
 .debug_frame   0x00001154       0x20 C:/NXP/S32DS_ARM_v2.0/S32DS/arm_ewl2/lib/armv7e-m\libsupc++.a(del_op.o)
 .debug_frame   0x00001174       0xd8 C:/NXP/S32DS_ARM_v2.0/S32DS/arm_ewl2/lib/armv7e-m\libsupc++.a(si_class_type_info.o)
 .debug_frame   0x0000124c       0x94 C:/NXP/S32DS_ARM_v2.0/S32DS/arm_ewl2/lib/armv7e-m\libsupc++.a(tinfo.o)
 .debug_frame   0x000012e0       0x2c C:/NXP/S32DS_ARM_v2.0/S32DS/arm_ewl2/lib/armv7e-m\libc99.a(abort.o)
 .debug_frame   0x0000130c       0x20 C:/NXP/S32DS_ARM_v2.0/S32DS/arm_ewl2/lib/armv7e-m\libc99.a(strcmp.o)
 .debug_frame   0x0000132c       0x2c C:/NXP/S32DS_ARM_v2.0/S32DS/arm_ewl2/lib/armv7e-m\libc99.a(raise.o)
 .debug_frame   0x00001358       0x20 C:/NXP/S32DS_ARM_v2.0/S32DS/arm_ewl2/lib/armv7e-m\libc99.a(signal.o)

.debug_loc      0x00000000      0x69e
 .debug_loc     0x00000000      0x2c3 C:/NXP/S32DS_ARM_v2.0/S32DS/arm_ewl2/lib/armv7e-m\libc99.a(alloc.o)
 .debug_loc     0x000002c3       0x5d C:/NXP/S32DS_ARM_v2.0/S32DS/arm_ewl2/lib/armv7e-m\libc99.a(exit.o)
 .debug_loc     0x00000320       0x77 C:/NXP/S32DS_ARM_v2.0/S32DS/arm_ewl2/lib/armv7e-m\libc99.a(memcpy.o)
 .debug_loc     0x00000397       0x26 C:/NXP/S32DS_ARM_v2.0/S32DS/arm_ewl2/lib/armv7e-m\libc99.a(strlen.o)
 .debug_loc     0x000003bd       0x9d C:/NXP/S32DS_ARM_v2.0/S32DS/arm_ewl2/lib/armv7e-m\librt.a(gcc_ctor_dtor.o)
 .debug_loc     0x0000045a      0x144 C:/NXP/S32DS_ARM_v2.0/S32DS/arm_ewl2/lib/armv7e-m\librt.a(__arm_eabi_init.o)
 .debug_loc     0x0000059e       0x2c C:/NXP/S32DS_ARM_v2.0/S32DS/arm_ewl2/lib/armv7e-m\libc99.a(abort.o)
 .debug_loc     0x000005ca       0x44 C:/NXP/S32DS_ARM_v2.0/S32DS/arm_ewl2/lib/armv7e-m\libc99.a(strcmp.o)
 .debug_loc     0x0000060e       0x7d C:/NXP/S32DS_ARM_v2.0/S32DS/arm_ewl2/lib/armv7e-m\libc99.a(raise.o)
 .debug_loc     0x0000068b       0x13 C:/NXP/S32DS_ARM_v2.0/S32DS/arm_ewl2/lib/armv7e-m\libc99.a(signal.o)
